Component: Arm Compiler for Embedded 6.19 Tool: armlink [5e73cb00]

==============================================================================

Section Cross References

    adc.o(.text.ADCIntRegister) refers to interrupt.o(.text.IntRegister) for IntRegister
    adc.o(.text.ADCIntRegister) refers to interrupt.o(.text.IntEnable) for IntEnable
    adc.o(.ARM.exidx.text.ADCIntRegister) refers to adc.o(.text.ADCIntRegister) for [Anonymous Symbol]
    adc.o(.text.ADCIntUnregister) refers to interrupt.o(.text.IntDisable) for IntDisable
    adc.o(.text.ADCIntUnregister) refers to interrupt.o(.text.IntUnregister) for IntUnregister
    adc.o(.ARM.exidx.text.ADCIntUnregister) refers to adc.o(.text.ADCIntUnregister) for [Anonymous Symbol]
    adc.o(.ARM.exidx.text.ADCIntDisable) refers to adc.o(.text.ADCIntDisable) for [Anonymous Symbol]
    adc.o(.ARM.exidx.text.ADCIntEnable) refers to adc.o(.text.ADCIntEnable) for [Anonymous Symbol]
    adc.o(.ARM.exidx.text.ADCIntStatus) refers to adc.o(.text.ADCIntStatus) for [Anonymous Symbol]
    adc.o(.ARM.exidx.text.ADCIntClear) refers to adc.o(.text.ADCIntClear) for [Anonymous Symbol]
    adc.o(.ARM.exidx.text.ADCSequenceEnable) refers to adc.o(.text.ADCSequenceEnable) for [Anonymous Symbol]
    adc.o(.ARM.exidx.text.ADCSequenceDisable) refers to adc.o(.text.ADCSequenceDisable) for [Anonymous Symbol]
    adc.o(.ARM.exidx.text.ADCSequenceConfigure) refers to adc.o(.text.ADCSequenceConfigure) for [Anonymous Symbol]
    adc.o(.ARM.exidx.text.ADCSequenceStepConfigure) refers to adc.o(.text.ADCSequenceStepConfigure) for [Anonymous Symbol]
    adc.o(.ARM.exidx.text.ADCSequenceOverflow) refers to adc.o(.text.ADCSequenceOverflow) for [Anonymous Symbol]
    adc.o(.ARM.exidx.text.ADCSequenceOverflowClear) refers to adc.o(.text.ADCSequenceOverflowClear) for [Anonymous Symbol]
    adc.o(.ARM.exidx.text.ADCSequenceUnderflow) refers to adc.o(.text.ADCSequenceUnderflow) for [Anonymous Symbol]
    adc.o(.ARM.exidx.text.ADCSequenceUnderflowClear) refers to adc.o(.text.ADCSequenceUnderflowClear) for [Anonymous Symbol]
    adc.o(.ARM.exidx.text.ADCSequenceDataGet) refers to adc.o(.text.ADCSequenceDataGet) for [Anonymous Symbol]
    adc.o(.ARM.exidx.text.ADCProcessorTrigger) refers to adc.o(.text.ADCProcessorTrigger) for [Anonymous Symbol]
    adc.o(.text.ADCSoftwareOversampleConfigure) refers to adc.o(.bss.g_pui8OversampleFactor) for g_pui8OversampleFactor
    adc.o(.ARM.exidx.text.ADCSoftwareOversampleConfigure) refers to adc.o(.text.ADCSoftwareOversampleConfigure) for [Anonymous Symbol]
    adc.o(.text.ADCSoftwareOversampleStepConfigure) refers to adc.o(.bss.g_pui8OversampleFactor) for g_pui8OversampleFactor
    adc.o(.ARM.exidx.text.ADCSoftwareOversampleStepConfigure) refers to adc.o(.text.ADCSoftwareOversampleStepConfigure) for [Anonymous Symbol]
    adc.o(.text.ADCSoftwareOversampleDataGet) refers to adc.o(.bss.g_pui8OversampleFactor) for g_pui8OversampleFactor
    adc.o(.ARM.exidx.text.ADCSoftwareOversampleDataGet) refers to adc.o(.text.ADCSoftwareOversampleDataGet) for [Anonymous Symbol]
    adc.o(.ARM.exidx.text.ADCHardwareOversampleConfigure) refers to adc.o(.text.ADCHardwareOversampleConfigure) for [Anonymous Symbol]
    adc.o(.ARM.exidx.text.ADCComparatorConfigure) refers to adc.o(.text.ADCComparatorConfigure) for [Anonymous Symbol]
    adc.o(.ARM.exidx.text.ADCComparatorRegionSet) refers to adc.o(.text.ADCComparatorRegionSet) for [Anonymous Symbol]
    adc.o(.ARM.exidx.text.ADCComparatorReset) refers to adc.o(.text.ADCComparatorReset) for [Anonymous Symbol]
    adc.o(.ARM.exidx.text.ADCComparatorIntDisable) refers to adc.o(.text.ADCComparatorIntDisable) for [Anonymous Symbol]
    adc.o(.ARM.exidx.text.ADCComparatorIntEnable) refers to adc.o(.text.ADCComparatorIntEnable) for [Anonymous Symbol]
    adc.o(.ARM.exidx.text.ADCComparatorIntStatus) refers to adc.o(.text.ADCComparatorIntStatus) for [Anonymous Symbol]
    adc.o(.ARM.exidx.text.ADCComparatorIntClear) refers to adc.o(.text.ADCComparatorIntClear) for [Anonymous Symbol]
    adc.o(.ARM.exidx.text.ADCIntDisableEx) refers to adc.o(.text.ADCIntDisableEx) for [Anonymous Symbol]
    adc.o(.ARM.exidx.text.ADCIntEnableEx) refers to adc.o(.text.ADCIntEnableEx) for [Anonymous Symbol]
    adc.o(.ARM.exidx.text.ADCIntStatusEx) refers to adc.o(.text.ADCIntStatusEx) for [Anonymous Symbol]
    adc.o(.ARM.exidx.text.ADCIntClearEx) refers to adc.o(.text.ADCIntClearEx) for [Anonymous Symbol]
    adc.o(.ARM.exidx.text.ADCReferenceSet) refers to adc.o(.text.ADCReferenceSet) for [Anonymous Symbol]
    adc.o(.ARM.exidx.text.ADCReferenceGet) refers to adc.o(.text.ADCReferenceGet) for [Anonymous Symbol]
    adc.o(.ARM.exidx.text.ADCPhaseDelaySet) refers to adc.o(.text.ADCPhaseDelaySet) for [Anonymous Symbol]
    adc.o(.ARM.exidx.text.ADCPhaseDelayGet) refers to adc.o(.text.ADCPhaseDelayGet) for [Anonymous Symbol]
    adc.o(.ARM.exidx.text.ADCSequenceDMAEnable) refers to adc.o(.text.ADCSequenceDMAEnable) for [Anonymous Symbol]
[...]
    __aeabi_memset8                          0x0000068d   Thumb Code     0  aeabi_memset4.o(.text)
    __aeabi_memclr                           0x0000069d   Thumb Code     0  rt_memclr.o(.text)
    __rt_memclr                              0x0000069d   Thumb Code     0  rt_memclr.o(.text)
    _memset                                  0x000006a1   Thumb Code    64  rt_memclr.o(.text)
    __aeabi_memclr4                          0x000006e1   Thumb Code     0  rt_memclr_w.o(.text)
    __aeabi_memclr8                          0x000006e1   Thumb Code     0  rt_memclr_w.o(.text)
    __rt_memclr_w                            0x000006e1   Thumb Code     0  rt_memclr_w.o(.text)
    _memset_w                                0x000006e5   Thumb Code    74  rt_memclr_w.o(.text)
    __use_two_region_memory                  0x0000072f   Thumb Code     2  heapauxi.o(.text)
    __rt_heap_escrow                         0x00000731   Thumb Code     2  heapauxi.o(.text)
    __rt_heap_expand                         0x00000733   Thumb Code     2  heapauxi.o(.text)
    __cpp_initialize__aeabi_                 0x00000735   Thumb Code    28  init_aeabi.o(.text)
    __rt_heap_descriptor                     0x00000759   Thumb Code     8  rt_heap_descriptor_intlibspace.o(.text)
    __use_no_heap                            0x00000761   Thumb Code     2  hguard.o(.text)
    __heap$guard                             0x00000763   Thumb Code     2  hguard.o(.text)
    _terminate_user_alloc                    0x00000765   Thumb Code     2  init_alloc.o(.text)
    _init_user_alloc                         0x00000767   Thumb Code     2  init_alloc.o(.text)
    __Heap_Full                              0x00000769   Thumb Code    34  init_alloc.o(.text)
    __Heap_Broken                            0x0000078b   Thumb Code     6  init_alloc.o(.text)
    _init_alloc                              0x00000791   Thumb Code    94  init_alloc.o(.text)
    __Heap_Initialize                        0x000007ef   Thumb Code    10  h1_init.o(.text)
    __Heap_DescSize                          0x000007f9   Thumb Code     4  h1_init.o(.text)
    _printf_pre_padding                      0x000007fd   Thumb Code    44  _printf_pad.o(.text)
    _printf_post_padding                     0x00000829   Thumb Code    34  _printf_pad.o(.text)
    _printf_truncate_signed                  0x0000084b   Thumb Code    18  _printf_truncate.o(.text)
    _printf_truncate_unsigned                0x0000085d   Thumb Code    18  _printf_truncate.o(.text)
    _printf_str                              0x0000086f   Thumb Code    82  _printf_str.o(.text)
    _printf_int_dec                          0x000008c1   Thumb Code   104  _printf_dec.o(.text)
    _printf_charcount                        0x00000939   Thumb Code    40  _printf_charcount.o(.text)
    _printf_char_common                      0x0000096b   Thumb Code    32  _printf_char_common.o(.text)
    _snputc                                  0x00000991   Thumb Code    16  _snputc.o(.text)
    _printf_wctomb                           0x000009a1   Thumb Code   182  _printf_wctomb.o(.text)
    _printf_longlong_dec                     0x00000a5d   Thumb Code   108  _printf_longlong_dec.o(.text)
    _printf_longlong_oct                     0x00000ad9   Thumb Code    68  _printf_oct_int_ll.o(.text)
    _printf_int_oct                          0x00000b1d   Thumb Code    24  _printf_oct_int_ll.o(.text)
    _printf_ll_oct                           0x00000b35   Thumb Code    12  _printf_oct_int_ll.o(.text)
    _printf_longlong_hex                     0x00000b49   Thumb Code    86  _printf_hex_int_ll_ptr.o(.text)
    _printf_int_hex                          0x00000b9f   Thumb Code    28  _printf_hex_int_ll_ptr.o(.text)
    _printf_ll_hex                           0x00000bbb   Thumb Code    12  _printf_hex_int_ll_ptr.o(.text)
    _printf_hex_ptr                          0x00000bc7   Thumb Code    18  _printf_hex_int_ll_ptr.o(.text)
    __printf                                 0x00000bdd   Thumb Code   388  __printf_flags_ss_wp.o(.text)
    abort                                    0x00000d65   Thumb Code    22  abort.o(.text)
    __aeabi_atexit                           0x00000d7b   Thumb Code    46  aeabi_atexit.o(.text)
    __aeabi_memcpy4                          0x00000da9   Thumb Code     0  rt_memcpy_w.o(.text)
    __aeabi_memcpy8                          0x00000da9   Thumb Code     0  rt_memcpy_w.o(.text)
    __rt_memcpy_w                            0x00000da9   Thumb Code   100  rt_memcpy_w.o(.text)
    _memcpy_lastbytes_aligned                0x00000df1   Thumb Code     0  rt_memcpy_w.o(.text)
    _sys_exit                                0x00000e0d   Thumb Code     8  sys_exit.o(.text)
    __user_libspace                          0x00000e19   Thumb Code     8  libspace.o(.text)
    __user_perproc_libspace                  0x00000e19   Thumb Code     0  libspace.o(.text)
    __user_perthread_libspace                0x00000e19   Thumb Code     0  libspace.o(.text)
    __rt_ddtor_pointer_addr                  0x00000e21   Thumb Code     8  rt_ddtor_pointer_addr_intlibspace.o(.text)
    __Heap_ProvideMemory                     0x00000e29   Thumb Code    52  h1_extend.o(.text)
    _maybe_terminate_alloc                   0x00000e29   Thumb Code     0  maybetermalloc1.o(.text)
    _ll_udiv10                               0x00000e5d   Thumb Code   138  lludiv10.o(.text)
    _printf_int_common                       0x00000ee7   Thumb Code   178  _printf_intcommon.o(.text)
    _printf_fp_dec_real                      0x00001149   Thumb Code   620  _printf_fp_dec.o(.text)
    _printf_fp_hex_real                      0x000013b5   Thumb Code   756  _printf_fp_hex.o(.text)
    _printf_cs_common                        0x000016b1   Thumb Code    20  _printf_char.o(.text)
    _printf_char                             0x000016c5   Thumb Code    16  _printf_char.o(.text)
    _printf_string                           0x000016d5   Thumb Code     8  _printf_char.o(.text)
    _printf_lcs_common                       0x000016dd   Thumb Code    20  _printf_wchar.o(.text)
    _printf_wchar                            0x000016f1   Thumb Code    16  _printf_wchar.o(.text)
    _printf_wstring                          0x00001701   Thumb Code     8  _printf_wchar.o(.text)
    _c16rtomb                                0x00001709   Thumb Code    72  _c16rtomb.o(.text)
    _wcrtomb                                 0x00001709   Thumb Code     0  _c16rtomb.o(.text)
    __cxa_finalize                           0x00001751   Thumb Code    66  cxa_finalize.o(.text)
    __rt_SIGABRT                             0x00001793   Thumb Code    14  defsig_abrt_outer.o(.text)
    __rt_SIGRTMEM                            0x000017a1   Thumb Code    14  defsig_rtmem_outer.o(.text)
    __I$use$semihosting                      0x000017af   Thumb Code     0  use_no_semi.o(.text)
    __use_no_semihosting_swi                 0x000017af   Thumb Code     2  use_no_semi.o(.text)
    __semihosting_library_function           0x000017b1   Thumb Code     0  indicate_semi.o(.text)
    __user_setup_stackheap                   0x000017b1   Thumb Code    74  sys_stackheap_outer.o(.text)
    __rt_ctype_table                         0x000017fd   Thumb Code    16  rt_ctype_table.o(.text)
    __rt_locale                              0x0000180d   Thumb Code     8  rt_locale_intlibspace.o(.text)
    _printf_fp_infnan                        0x00001815   Thumb Code   112  _printf_fp_infnan.o(.text)
    _btod_etento                             0x00001895   Thumb Code   224  bigflt0.o(.text)
    exit                                     0x00001979   Thumb Code    18  exit.o(.text)
    __sig_exit                               0x0000198b   Thumb Code    10  defsig_exit.o(.text)
    __rt_SIGABRT_inner                       0x00001995   Thumb Code    14  defsig_abrt_inner.o(.text)
    __rt_SIGRTMEM_inner                      0x000019c5   Thumb Code    22  defsig_rtmem_inner.o(.text)
    __default_signal_display                 0x00001a15   Thumb Code    50  defsig_general.o(.text)
    strcmp                                   0x00001a49   Thumb Code   124  strcmpv7em.o(.text)
    _ttywrch                                 0x00001ac5   Thumb Code    14  sys_wrch.o(.text)
    GPIODirModeSet                           0x00001ad3   Thumb Code    44  gpio.o(.text.GPIODirModeSet)
    GPIOPadConfigSet                         0x00001b01   Thumb Code   370  gpio.o(.text.GPIOPadConfigSet)
    GPIOPinConfigure                         0x00001c73   Thumb Code    66  gpio.o(.text.GPIOPinConfigure)
    GPIOUnlockPin                            0x00001cb5   Thumb Code    24  gpio.o(.text.GPIOUnlockPin)
    IntEnable                                0x00001ccd   Thumb Code   120  interrupt.o(.text.IntEnable)
    IntRegister                              0x00001d45   Thumb Code    56  interrupt.o(.text.IntRegister)
    SysCtlClockGet                           0x00001d7d   Thumb Code   316  sysctl.o(.text.SysCtlClockGet)
    SysCtlClockSet                           0x00001eb9   Thumb Code   260  sysctl.o(.text.SysCtlClockSet)
    SysCtlPeripheralDisable                  0x00001fbd   Thumb Code    28  sysctl.o(.text.SysCtlPeripheralDisable)
    SysCtlPeripheralEnable                   0x00001fd9   Thumb Code    28  sysctl.o(.text.SysCtlPeripheralEnable)
    SysCtlPeripheralReady                    0x00001ff5   Thumb Code    32  sysctl.o(.text.SysCtlPeripheralReady)
    TimerClockSourceSet                      0x00002015   Thumb Code     6  timer.o(.text.TimerClockSourceSet)
    TimerConfigure                           0x0000201b   Thumb Code    86  timer.o(.text.TimerConfigure)
    TimerLoadGet                             0x00002071   Thumb Code    12  timer.o(.text.TimerLoadGet)
    TimerLoadSet                             0x0000207d   Thumb Code    16  timer.o(.text.TimerLoadSet)
    TimerLoadSet64                           0x0000208d   Thumb Code     6  timer.o(.text.TimerLoadSet64)
    TimerPrescaleSet                         0x00002093   Thumb Code    16  timer.o(.text.TimerPrescaleSet)
    UARTCharGetNonBlocking                   0x000020a3   Thumb Code    14  uart.o(.text.UARTCharGetNonBlocking)
    UARTCharPut                              0x000020b1   Thumb Code    10  uart.o(.text.UARTCharPut)
    UARTCharsAvail                           0x000020bb   Thumb Code    14  uart.o(.text.UARTCharsAvail)
    UARTClockSourceSet                       0x000020c9   Thumb Code     6  uart.o(.text.UARTClockSourceSet)
    UARTConfigSetExpClk                      0x000020d1   Thumb Code   116  uart.o(.text.UARTConfigSetExpClk)
    UARTEnable                               0x00002145   Thumb Code    20  uart.o(.text.UARTEnable)
    UARTFIFOEnable                           0x00002159   Thumb Code    10  uart.o(.text.UARTFIFOEnable)
    UARTFIFOLevelSet                         0x00002163   Thumb Code     6  uart.o(.text.UARTFIFOLevelSet)
    UARTIntClear                             0x00002169   Thumb Code     4  uart.o(.text.UARTIntClear)
    UARTIntEnable                            0x0000216d   Thumb Code     8  uart.o(.text.UARTIntEnable)
    UARTIntRegister                          0x00002175   Thumb Code    92  uart.o(.text.UARTIntRegister)
    UARTIntStatus                            0x000021d1   Thumb Code    12  uart.o(.text.UARTIntStatus)
    callback1(void*)                         0x00002291   Thumb Code    60  main.o(.text._Z9callback1Pv)
    callback2(void*)                         0x000022d9   Thumb Code    60  main.o(.text._Z9callback2Pv)
    ExLib::BufferFIFO<char>::write(char)     0x00002321   Thumb Code    74  exlib_uart.o(.text._ZN5ExLib10BufferFIFOIcE5writeEc)
    ExLib::ReadStream::read(char*, unsigned int) 0x0000236d   Thumb Code    64  exlib_readstream.o(.text._ZN5ExLib10ReadStream4readEPcj)
    ExLib::ReadStream::readUntil(char*, char) 0x000023ad   Thumb Code    48  exlib_readstream.o(.text._ZN5ExLib10ReadStream9readUntilEPcc)
    ExLib::PrintStream::vprintf(char const*, std::__va_list) 0x000023dd   Thumb Code   102  exlib_printstream.o(.text._ZN5ExLib11PrintStream7vprintfEPKcSt9__va_list)
    ExLib::PrintStream::~PrintStream__deallocating() 0x00002443   Thumb Code     2  exlib_uart.o(.text._ZN5ExLib11PrintStreamD0Ev)
    ExLib::PrintStream::~PrintStream__sub_object() 0x00002445   Thumb Code     2  exlib_uart.o(.text._ZN5ExLib11PrintStreamD2Ev)
    ExLib::WriteStream::writeUntil(char const*, char) 0x00002449   Thumb Code    54  exlib_writestream.o(.text._ZN5ExLib11WriteStream10writeUntilEPKcc)
    ExLib::WriteStream::avaliableForWrite()  0x0000247f   Thumb Code     4  exlib_uart.o(.text._ZN5ExLib11WriteStream17avaliableForWriteEv)
    ExLib::WriteStream::write(char const*, unsigned int) 0x00002485   Thumb Code    46  exlib_writestream.o(.text._ZN5ExLib11WriteStream5writeEPKcj)
    ExLib::GeneralTimer::onOverflow(ExLib::CallbackFunction&) 0x000024b3   Thumb Code     4  exlib_timer.o(.text._ZN5ExLib12GeneralTimer10onOverflowERNS_16CallbackFunctionE)
    ExLib::GeneralTimer::registerPWMChannel(unsigned int, ExLib::GPIO_Pin) 0x000024b9   Thumb Code    28  exlib_timer.o(.text._ZN5ExLib12GeneralTimer18registerPWMChannelEjNS_8GPIO_PinE)
    ExLib::GeneralTimer::setDuty(unsigned int, ExLib::Precent) 0x00002505   Thumb Code    44  exlib_timer.o(.text._ZN5ExLib12GeneralTimer7setDutyEjNS_7PrecentE)
    ExLib::GeneralTimer::setCycle(ExLib::TimeInterval) 0x00002531   Thumb Code    86  exlib_timer.o(.text._ZN5ExLib12GeneralTimer8setCycleENS_12TimeIntervalE)
    ExLib::GeneralTimer::GeneralTimer(ExLib::GeneralTimer_Periph, ExLib::TimeInterval) 0x00002589   Thumb Code   164  exlib_timer.o(.text._ZN5ExLib12GeneralTimerC2ENS_19GeneralTimer_PeriphENS_12TimeIntervalE)
    ExLib::GeneralTimer::GeneralTimer__sub_object(ExLib::GeneralTimer_Periph, ExLib::TimeInterval) 0x00002589   Thumb Code   164  exlib_timer.o(.text._ZN5ExLib12GeneralTimerC2ENS_19GeneralTimer_PeriphENS_12TimeIntervalE)
    ExLib::is64BitTimer(ExLib::GeneralTimer_Periph) 0x000026a5   Thumb Code    26  util_timer.o(.text._ZN5ExLib12is64BitTimerENS_19GeneralTimer_PeriphE)
    ExLib::configUARTPin(unsigned int, ExLib::GPIO_Pin, ExLib::GPIO_Pin) 0x000026bf   Thumb Code   154  util_uart.o(.text._ZN5ExLib13configUARTPinEjNS_8GPIO_PinES0_)
    ExLib::is1632BitTimer(ExLib::GeneralTimer_Periph) 0x00002759   Thumb Code    34  util_timer.o(.text._ZN5ExLib14is1632BitTimerENS_19GeneralTimer_PeriphE)
    ExLib::isLegalUARTPin(unsigned int, ExLib::GPIO_Pin, ExLib::GPIO_Pin) 0x0000277d   Thumb Code   210  util_uart.o(.text._ZN5ExLib14isLegalUARTPinEjNS_8GPIO_PinES0_)
    ExLib::configUARTState(unsigned int, bool) 0x00002851   Thumb Code    58  util_uart.o(.text._ZN5ExLib15configUARTStateEjb)
    ExLib::enableGPIOClock(unsigned int)     0x0000288d   Thumb Code   412  util_gpio.o(.text._ZN5ExLib15enableGPIOClockEj)
    ExLib::configTimerClock(ExLib::GeneralTimer_Periph, bool) 0x00002a29   Thumb Code    64  util_timer.o(.text._ZN5ExLib16configTimerClockENS_19GeneralTimer_PeriphEb)
    ExLib::getGPIOPinByName(ExLib::GPIO_Pin) 0x00002ab1   Thumb Code    12  util_gpio.o(.text._ZN5ExLib16getGPIOPinByNameENS_8GPIO_PinE)
    ExLib::getUARTIntByName(ExLib::UART_Periph) 0x00002acd   Thumb Code    28  util_uart.o(.text._ZN5ExLib16getUARTIntByNameENS_11UART_PeriphE)
    ExLib::getGPIOPortByName(ExLib::GPIO_Pin) 0x00002b09   Thumb Code    38  util_gpio.o(.text._ZN5ExLib17getGPIOPortByNameENS_8GPIO_PinE)
    ExLib::ReadStreamBuffered::avaliableForRead() 0x00002b2f   Thumb Code    16  exlib_readstreambuffered.o(.text._ZN5ExLib18ReadStreamBuffered16avaliableForReadEv)
    ExLib::ReadStreamBuffered::read(char&)   0x00002b3f   Thumb Code     4  exlib_readstreambuffered.o(.text._ZN5ExLib18ReadStreamBuffered4readERc)
    ExLib::ReadStreamBuffered::ReadStreamBuffered(ExLib::BufferFIFO<char>&) 0x00002b43   Thumb Code    16  exlib_readstreambuffered.o(.text._ZN5ExLib18ReadStreamBufferedC2ERNS_10BufferFIFOIcEE)
    ExLib::ReadStreamBuffered::ReadStreamBuffered__sub_object(ExLib::BufferFIFO<char>&) 0x00002b43   Thumb Code    16  exlib_readstreambuffered.o(.text._ZN5ExLib18ReadStreamBufferedC2ERNS_10BufferFIFOIcEE)
    ExLib::getTimerPartByName(ExLib::GeneralTimer_Periph) 0x00002b53   Thumb Code    32  util_timer.o(.text._ZN5ExLib18getTimerPartByNameENS_19GeneralTimer_PeriphE)
    ExLib::getTimerTypeByName(ExLib::GeneralTimer_Periph) 0x00002b73   Thumb Code    38  util_timer.o(.text._ZN5ExLib18getTimerTypeByNameENS_19GeneralTimer_PeriphE)
    ExLib::getUARTDefaultRxPin(ExLib::UART_Periph) 0x00002b99   Thumb Code    28  util_uart.o(.text._ZN5ExLib19getUARTDefaultRxPinENS_11UART_PeriphE)
    ExLib::getUARTDefaultTxPin(ExLib::UART_Periph) 0x00002bbd   Thumb Code    28  util_uart.o(.text._ZN5ExLib19getUARTDefaultTxPinENS_11UART_PeriphE)
    ExLib::getUARTNameByPeriph(unsigned int) 0x00002be1   Thumb Code    36  util_uart.o(.text._ZN5ExLib19getUARTNameByPeriphEj)
    ExLib::getUARTParityByName(ExLib::UART_Parity) 0x00002c15   Thumb Code    24  util_uart.o(.text._ZN5ExLib19getUARTParityByNameENS_11UART_ParityE)
    ExLib::getUARTPeriphByName(ExLib::UART_Periph) 0x00002c51   Thumb Code    28  util_uart.o(.text._ZN5ExLib19getUARTPeriphByNameENS_11UART_PeriphE)
    ExLib::getUARTPinMuxConfig(unsigned int, ExLib::GPIO_Pin) 0x00002c8d   Thumb Code   982  util_uart.o(.text._ZN5ExLib19getUARTPinMuxConfigEjNS_8GPIO_PinE)
    ExLib::getTimerPeriphByName(ExLib::GeneralTimer_Periph) 0x00003065   Thumb Code    40  util_timer.o(.text._ZN5ExLib20getTimerPeriphByNameENS_19GeneralTimer_PeriphE)
    ExLib::getUARTStopBitsByName(ExLib::UART_StopBits) 0x000030d5   Thumb Code    24  util_uart.o(.text._ZN5ExLib21getUARTStopBitsByNameENS_13UART_StopBitsE)
    ExLib::getUARTWordLengthByName(ExLib::UART_WordLength) 0x00003109   Thumb Code    20  util_uart.o(.text._ZN5ExLib23getUARTWordLengthByNameENS_15UART_WordLengthE)
    ExLib::getTimerObjectsIndexByName(ExLib::GeneralTimer_Periph) 0x00003131   Thumb Code    32  util_timer.o(.text._ZN5ExLib26getTimerObjectsIndexByNameENS_19GeneralTimer_PeriphE)
    ExLib::getTimerNameByPeriphAndType(unsigned int, ExLib::GeneralTimer_Type) 0x00003151   Thumb Code   218  util_timer.o(.text._ZN5ExLib27getTimerNameByPeriphAndTypeEjNS_17GeneralTimer_TypeE)
    ExLib::Task::deleteCurrent()             0x0000322b   Thumb Code     6  exlib_freertos.o(.text._ZN5ExLib4Task13deleteCurrentEv)
    ExLib::Task::begin()                     0x00003231   Thumb Code    52  exlib_freertos.o(.text._ZN5ExLib4Task5beginEv)
    ExLib::Task::Task(void (*)(void*), void*, char const*, unsigned int, unsigned int) 0x00003265   Thumb Code    26  exlib_freertos.o(.text._ZN5ExLib4TaskC2EPFvPvES1_PKcjj)
    ExLib::Task::Task__sub_object(void (*)(void*), void*, char const*, unsigned int, unsigned int) 0x00003265   Thumb Code    26  exlib_freertos.o(.text._ZN5ExLib4TaskC2EPFvPvES1_PKcjj)
    ExLib::Task::~Task()                     0x0000327f   Thumb Code    18  exlib_freertos.o(.text._ZN5ExLib4TaskD2Ev)
    ExLib::Task::~Task__sub_object()         0x0000327f   Thumb Code    18  exlib_freertos.o(.text._ZN5ExLib4TaskD2Ev)
    ExLib::UART::interruptHandler()          0x00003291   Thumb Code    78  exlib_uart.o(.text._ZN5ExLib4UART16interruptHandlerEv)
    ExLib::UART::UART0InterruptHandler()     0x000032df   Thumb Code    14  exlib_uart.o(.text._ZN5ExLib4UART21UART0InterruptHandlerEv)
    ExLib::UART::UART1InterruptHandler()     0x000032ed   Thumb Code    14  exlib_uart.o(.text._ZN5ExLib4UART21UART1InterruptHandlerEv)
    ExLib::UART::UART2InterruptHandler()     0x000032fb   Thumb Code    14  exlib_uart.o(.text._ZN5ExLib4UART21UART2InterruptHandlerEv)
    ExLib::UART::UART3InterruptHandler()     0x00003309   Thumb Code    14  exlib_uart.o(.text._ZN5ExLib4UART21UART3InterruptHandlerEv)
    ExLib::UART::UART4InterruptHandler()     0x00003317   Thumb Code    14  exlib_uart.o(.text._ZN5ExLib4UART21UART4InterruptHandlerEv)
    ExLib::UART::UART5InterruptHandler()     0x00003325   Thumb Code    14  exlib_uart.o(.text._ZN5ExLib4UART21UART5InterruptHandlerEv)
    ExLib::UART::UART6InterruptHandler()     0x00003333   Thumb Code    14  exlib_uart.o(.text._ZN5ExLib4UART21UART6InterruptHandlerEv)
    ExLib::UART::UART7InterruptHandler()     0x00003341   Thumb Code    14  exlib_uart.o(.text._ZN5ExLib4UART21UART7InterruptHandlerEv)
    ExLib::UART::begin(unsigned int, ExLib::UART_WordLength, ExLib::UART_StopBits, ExLib::UART_Parity) 0x0000334f   Thumb Code   166  exlib_uart.o(.text._ZN5ExLib4UART5beginEjNS_15UART_WordLengthENS_13UART_StopBitsENS_11UART_ParityE)
    ExLib::UART::write(char)                 0x000033f5   Thumb Code    12  exlib_uart.o(.text._ZN5ExLib4UART5writeEc)
    ExLib::UART::setPins(ExLib::GPIO_Pin, ExLib::GPIO_Pin) 0x00003401   Thumb Code    32  exlib_uart.o(.text._ZN5ExLib4UART7setPinsENS_8GPIO_PinES1_)
    ExLib::UART::UART(ExLib::UART_Periph, ExLib::GPIO_Pin, ExLib::GPIO_Pin, ExLib::BufferFIFO<char>*) 0x0000343d   Thumb Code   148  exlib_uart.o(.text._ZN5ExLib4UARTC2ENS_11UART_PeriphENS_8GPIO_PinES2_PNS_10BufferFIFOIcEE)
    ExLib::UART::UART__sub_object(ExLib::UART_Periph, ExLib::GPIO_Pin, ExLib::GPIO_Pin, ExLib::BufferFIFO<char>*) 0x0000343d   Thumb Code   148  exlib_uart.o(.text._ZN5ExLib4UARTC2ENS_11UART_PeriphENS_8GPIO_PinES2_PNS_10BufferFIFOIcEE)
    ExLib::UART::UART(ExLib::UART_Periph, ExLib::BufferFIFO<char>*) 0x00003511   Thumb Code    44  exlib_uart.o(.text._ZN5ExLib4UARTC2ENS_11UART_PeriphEPNS_10BufferFIFOIcEE)
    ExLib::UART::UART__sub_object(ExLib::UART_Periph, ExLib::BufferFIFO<char>*) 0x00003511   Thumb Code    44  exlib_uart.o(.text._ZN5ExLib4UARTC2ENS_11UART_PeriphEPNS_10BufferFIFOIcEE)
    ExLib::UART::~UART__deallocating()       0x0000353d   Thumb Code    56  exlib_uart.o(.text._ZN5ExLib4UARTD0Ev)
    ExLib::UART::~UART()                     0x00003575   Thumb Code    50  exlib_uart.o(.text._ZN5ExLib4UARTD2Ev)
    ExLib::UART::~UART__sub_object()         0x00003575   Thumb Code    50  exlib_uart.o(.text._ZN5ExLib4UARTD2Ev)
    ExLib::System::printExLibLOGO()          0x000035a7   Thumb Code    30  exlib_system.o(.text._ZN5ExLib6System14printExLibLOGOEv)
    ExLib::System::setDebugStream(ExLib::PrintStream&) 0x000035c5   Thumb Code    40  exlib_system.o(.text._ZN5ExLib6System14setDebugStreamERNS_11PrintStreamE)
    ExLib::System::init()                    0x00003611   Thumb Code    74  exlib_system.o(.text._ZN5ExLib6System4initEv)
    ExLib::System::log_d(char const*, ...)   0x0000365d   Thumb Code    72  exlib_system.o(.text._ZN5ExLib6System5log_dEPKcz)
    ExLib::System::log_i(char const*, ...)   0x000036b1   Thumb Code    72  exlib_system.o(.text._ZN5ExLib6System5log_iEPKcz)
    ExLib::System::log_w(char const*, ...)   0x00003705   Thumb Code    72  exlib_system.o(.text._ZN5ExLib6System5log_wEPKcz)
    ExLib::mainTask(void*)                   0x00003759   Thumb Code    24  exlib_main.o(.text._ZN5ExLib8mainTaskEPv)
    ExLib::usr_main()                        0x000037b1   Thumb Code   172  main.o(.text._ZN5ExLib8usr_mainEv)
    ExLib::Exception::raiseException(char const*, ...) 0x0000386d   Thumb Code    60  exlib_exception.o(.text._ZN5ExLib9Exception14raiseExceptionEPKcz)
    ExLib::Exception::raiseHardFault()       0x000038d5   Thumb Code    48  exlib_exception.o(.text._ZN5ExLib9Exception14raiseHardFaultEv)
    ExLib::Exception::hardFaultHandler()     0x00003925   Thumb Code    20  exlib_exception.o(.text._ZN5ExLib9Exception16hardFaultHandlerEv)
    ExLib::operator"" _ms(unsigned long long) 0x0000395d   Thumb Code     8  exlib_units.o(.text._ZN5ExLibli3_msEy)
    std::get_new_handler()                   0x00003965   Thumb Code    12  cxa_handlers.cpp.o(.text._ZSt15get_new_handlerv)
    operator delete(void*)                   0x00003971   Thumb Code     4  new.cpp.o(.text._ZdlPv)
    operator new[](unsigned int)             0x00003975   Thumb Code     4  new.cpp.o(.text._Znaj)
    operator new(unsigned int)               0x00003979   Thumb Code    38  new.cpp.o(.text._Znwj)
    __cxa_pure_virtual                       0x000039a1   Thumb Code     8  cxa_virtual.cpp.o(.text.__cxa_pure_virtual)
    abort_message                            0x000039c9   Thumb Code     4  abort_message.cpp.o(.text.abort_message)
    main                                     0x000039cd   Thumb Code    28  exlib_main.o(.text.main)
    pvPortMalloc                             0x00004003   Thumb Code    30  heap_3.o(.text.pvPortMalloc)
    pxPortInitialiseStack                    0x00004021   Thumb Code    40  port.o(.text.pxPortInitialiseStack)
    uxListRemove                             0x00004049   Thumb Code    36  list.o(.text.uxListRemove)
    uxTaskGetNumberOfTasks                   0x0000406d   Thumb Code    12  tasks.o(.text.uxTaskGetNumberOfTasks)
    vApplicationMallocFailedHook             0x00004079   Thumb Code     8  exlib_exception.o(.text.vApplicationMallocFailedHook)
    vApplicationStackOverflowHook            0x000040a5   Thumb Code     8  exlib_exception.o(.text.vApplicationStackOverflowHook)
    vApplicationTickHook                     0x000040d5   Thumb Code    16  exlib_system.o(.text.vApplicationTickHook)
    vListInitialise                          0x000040e5   Thumb Code    22  list.o(.text.vListInitialise)
    vListInitialiseItem                      0x000040fb   Thumb Code     6  list.o(.text.vListInitialiseItem)
    vListInsert                              0x00004101   Thumb Code    58  list.o(.text.vListInsert)
    vListInsertEnd                           0x0000413b   Thumb Code    28  list.o(.text.vListInsertEnd)
    vPortEnterCritical                       0x0000416d   Thumb Code    66  port.o(.text.vPortEnterCritical)
    vPortExitCritical                        0x000041b1   Thumb Code    46  port.o(.text.vPortExitCritical)
    vPortFree                                0x000041df   Thumb Code    26  heap_3.o(.text.vPortFree)
    vPortSVCHandler                          0x00004201   Thumb Code    36  port.o(.text.vPortSVCHandler)
    vPortSetupTimerInterrupt                 0x00004225   Thumb Code    48  port.o(.text.vPortSetupTimerInterrupt)
    vQueueWaitForMessageRestricted           0x00004255   Thumb Code    70  queue.o(.text.vQueueWaitForMessageRestricted)
    vTaskDelete                              0x0000429d   Thumb Code   282  tasks.o(.text.vTaskDelete)
    vTaskInternalSetTimeOutState             0x000043b7   Thumb Code    26  tasks.o(.text.vTaskInternalSetTimeOutState)
    vTaskMissedYield                         0x000043d1   Thumb Code    14  tasks.o(.text.vTaskMissedYield)
    vTaskPlaceOnEventList                    0x000043e1   Thumb Code    54  tasks.o(.text.vTaskPlaceOnEventList)
    vTaskPlaceOnEventListRestricted          0x00004419   Thumb Code   114  tasks.o(.text.vTaskPlaceOnEventListRestricted)
    vTaskStartScheduler                      0x0000448d   Thumb Code   148  tasks.o(.text.vTaskStartScheduler)
    vTaskSuspendAll                          0x00004529   Thumb Code    16  tasks.o(.text.vTaskSuspendAll)
    vTaskSwitchContext                       0x00004539   Thumb Code   178  tasks.o(.text.vTaskSwitchContext)
    xPortPendSVHandler                       0x000045f1   Thumb Code   100  port.o(.text.xPortPendSVHandler)
    xPortStartScheduler                      0x00004655   Thumb Code   298  port.o(.text.xPortStartScheduler)
    xPortSysTickHandler                      0x0000477f   Thumb Code    46  port.o(.text.xPortSysTickHandler)
    xQueueGenericCreate                      0x000047ad   Thumb Code    82  queue.o(.text.xQueueGenericCreate)
    xQueueGenericReset                       0x00004801   Thumb Code   158  queue.o(.text.xQueueGenericReset)
    xQueueReceive                            0x000048a1   Thumb Code   390  queue.o(.text.xQueueReceive)
    xTaskCheckForTimeOut                     0x00004a29   Thumb Code   136  tasks.o(.text.xTaskCheckForTimeOut)
    xTaskCreate                              0x00004ab1   Thumb Code   500  tasks.o(.text.xTaskCreate)
    xTaskGetSchedulerState                   0x00004ca5   Thumb Code    36  tasks.o(.text.xTaskGetSchedulerState)
    xTaskGetTickCount                        0x00004cc9   Thumb Code    12  tasks.o(.text.xTaskGetTickCount)
    xTaskIncrementTick                       0x00004cd5   Thumb Code   462  tasks.o(.text.xTaskIncrementTick)
    xTaskPriorityDisinherit                  0x00004ea5   Thumb Code   194  tasks.o(.text.xTaskPriorityDisinherit)
    xTaskRemoveFromEventList                 0x00004f69   Thumb Code   250  tasks.o(.text.xTaskRemoveFromEventList)
    xTaskResumeAll                           0x00005065   Thumb Code   382  tasks.o(.text.xTaskResumeAll)
    xTimerCreateTimerTask                    0x000051e5   Thumb Code    84  timers.o(.text.xTimerCreateTimerTask)
    _btod_d2e                                0x00005241   Thumb Code    62  btod.o(CL$$btod_d2e)
    _d2e_denorm_low                          0x0000527f   Thumb Code    70  btod.o(CL$$btod_d2e_denorm_low)
    _d2e_norm_op1                            0x000052c5   Thumb Code    96  btod.o(CL$$btod_d2e_norm_op1)
    __btod_div_common                        0x00005325   Thumb Code   696  btod.o(CL$$btod_div_common)
    _e2e                                     0x0000565d   Thumb Code   220  btod.o(CL$$btod_e2e)
    _btod_ediv                               0x00005739   Thumb Code    42  btod.o(CL$$btod_ediv)
    _btod_emul                               0x00005763   Thumb Code    42  btod.o(CL$$btod_emul)
    __btod_mult_common                       0x0000578d   Thumb Code   580  btod.o(CL$$btod_mult_common)
    __ARM_fpclassify                         0x000059d1   Thumb Code    48  fpclassify.o(i.__ARM_fpclassify)
    _is_digit                                0x00005a01   Thumb Code    14  __printf_wp.o(i._is_digit)
    _get_lc_numeric                          0x00005a11   Thumb Code    44  lc_numeric_c.o(locale$$code)
    _get_lc_ctype                            0x00005a3d   Thumb Code    44  lc_ctype_c.o(locale$$code)
    _fp_init                                 0x00005a69   Thumb Code    26  fpinit.o(x$fpl$fpinit)
    __fplib_config_fpu_vfp                   0x00005a81   Thumb Code     0  fpinit.o(x$fpl$fpinit)
    __fplib_config_pureend_doubles           0x00005a81   Thumb Code     0  fpinit.o(x$fpl$fpinit)
    _printf_fp_dec                           0x00005a83   Thumb Code     4  printf1.o(x$fpl$printf1)
    _printf_fp_hex                           0x00005a87   Thumb Code     4  printf2.o(x$fpl$printf2)
    __I$use$fp                               0x00005a8a   Number         0  usenofp.o(x$fpl$usenofp)
    vtable for ExLib::PrintStream            0x00005b88   Data          32  exlib_uart.o(.rodata._ZTVN5ExLib11PrintStreamE)
    vtable for ExLib::GeneralTimer           0x00005ba8   Data          20  exlib_timer.o(.rodata._ZTVN5ExLib12GeneralTimerE)
    vtable for ExLib::ReadStreamBuffered     0x00005bbc   Data          24  exlib_readstreambuffered.o(.rodata._ZTVN5ExLib18ReadStreamBufferedE)
    vtable for ExLib::UART                   0x00005bd4   Data          56  exlib_uart.o(.rodata._ZTVN5ExLib4UARTE)
    uxTopUsedPriority                        0x00005f3c   Data           4  tasks.o(.rodata.uxTopUsedPriority)
    Region$$Table$$Base                      0x00005f40   Number         0  anon$$obj.o(Region$$Table)
    Region$$Table$$Limit                     0x00005f60   Number         0  anon$$obj.o(Region$$Table)
    __ctype                                  0x00005f89   Data           0  lc_ctype_c.o(locale$$data)
    SHT$$INIT_ARRAY$$Base                    0x0000608c   Number         0  exlib_main.o(.init_array)
    SHT$$INIT_ARRAY$$Limit                   0x00006094   Number         0  init_aeabi.o(.init_array)
    __libspace_start                         0x20000670   Data          96  libspace.o(.bss)
    UART0                                    0x200006d0   Data          28  main.o(.bss.UART0)
    __temporary_stack_top$libspace           0x200006d0   Data           0  libspace.o(.bss)
    ExLib::mainTaskObj                       0x200006f0   Data          24  exlib_main.o(.bss._ZN5ExLib11mainTaskObjE)
    ExLib::GeneralTimer::generalTimerObjects 0x20000708   Data          96  exlib_timer.o(.bss._ZN5ExLib12GeneralTimer19generalTimerObjectsE)
    ExLib::UART::UARTObjects                 0x20000768   Data          32  exlib_uart.o(.bss._ZN5ExLib4UART11UARTObjectsE)
    ExLib::System::_debugStream              0x20000788   Data           4  exlib_system.o(.bss._ZN5ExLib6System12_debugStreamE)
    ExLib::Exception::lastExceptionMessage   0x2000078c   Data           4  exlib_exception.o(.bss._ZN5ExLib9Exception20lastExceptionMessageE)
    __cxa_new_handler                        0x20000798   Data           4  cxa_default_handlers.cpp.o(.bss.__cxa_new_handler)
    pxCurrentTCB                             0x200007a0   Data           4  tasks.o(.bss.pxCurrentTCB)
    timer0A                                  0x20000818   Data          24  main.o(.bss.timer0A)
    timer0B                                  0x20000830   Data          24  main.o(.bss.timer0B)



==============================================================================

Memory Map of the image

  Image Entry point : 0x00000289

  Load Region LR_IROM1 (Base: 0x00000000, Size: 0x00006a70, Max: 0x00040000, ABSOLUTE, COMPRESSED[0x00006418])

    Execution Region ER_IROM1 (Exec base: 0x00000000, Load base: 0x00000000, Size: 0x00006094, Max: 0x00040000, ABSOLUTE)

    Exec Addr    Load Addr    Size         Type   Attr      Idx    E Section Name        Object

    0x00000000   0x00000000   0x00000288   Code   RO         2070    RESET               startup_rvmdk.o
    0x00000288   0x00000288   0x00000008   Code   RO         3375  * !!!main             c_w.l(__main.o)
    0x00000290   0x00000290   0x00000034   Code   RO         3907    !!!scatter          c_w.l(__scatter.o)
    0x000002c4   0x000002c4   0x0000003a   Code   RO         3905    !!dczerorl          c_w.l(__dczerorl.o)
    0x000002fe   0x000002fe   0x00000002   PAD
    0x00000300   0x00000300   0x0000001c   Code   RO         3909    !!handler_zi        c_w.l(__scatter_zi.o)
    0x0000031c   0x0000031c   0x00000000   Code   RO         3561    .ARM.Collect$$_printf_percent$$00000000  c_w.l(_printf_percent.o)
    0x0000031c   0x0000031c   0x00000006   Code   RO         3550    .ARM.Collect$$_printf_percent$$00000001  c_w.l(_printf_n.o)
    0x00000322   0x00000322   0x00000006   Code   RO         3552    .ARM.Collect$$_printf_percent$$00000002  c_w.l(_printf_p.o)
    0x00000328   0x00000328   0x00000006   Code   RO         3557    .ARM.Collect$$_printf_percent$$00000003  c_w.l(_printf_f.o)
    0x0000032e   0x0000032e   0x00000006   Code   RO         3558    .ARM.Collect$$_printf_percent$$00000004  c_w.l(_printf_e.o)
    0x00000334   0x00000334   0x00000006   Code   RO         3559    .ARM.Collect$$_printf_percent$$00000005  c_w.l(_printf_g.o)
    0x0000033a   0x0000033a   0x00000006   Code   RO         3560    .ARM.Collect$$_printf_percent$$00000006  c_w.l(_printf_a.o)
    0x00000340   0x00000340   0x0000000a   Code   RO         3565    .ARM.Collect$$_printf_percent$$00000007  c_w.l(_printf_ll.o)
    0x0000034a   0x0000034a   0x00000006   Code   RO         3554    .ARM.Collect$$_printf_percent$$00000008  c_w.l(_printf_i.o)
    0x00000350   0x00000350   0x00000006   Code   RO         3555    .ARM.Collect$$_printf_percent$$00000009  c_w.l(_printf_d.o)
    0x00000356   0x00000356   0x00000006   Code   RO         3556    .ARM.Collect$$_printf_percent$$0000000A  c_w.l(_printf_u.o)
    0x0000035c   0x0000035c   0x00000006   Code   RO         3553    .ARM.Collect$$_printf_percent$$0000000B  c_w.l(_printf_o.o)
    0x00000362   0x00000362   0x00000006   Code   RO         3551    .ARM.Collect$$_printf_percent$$0000000C  c_w.l(_printf_x.o)
    0x00000368   0x00000368   0x00000006   Code   RO         3562    .ARM.Collect$$_printf_percent$$0000000D  c_w.l(_printf_lli.o)
    0x0000036e   0x0000036e   0x00000006   Code   RO         3563    .ARM.Collect$$_printf_percent$$0000000E  c_w.l(_printf_lld.o)
    0x00000374   0x00000374   0x00000006   Code   RO         3564    .ARM.Collect$$_printf_percent$$0000000F  c_w.l(_printf_llu.o)
    0x0000037a   0x0000037a   0x00000006   Code   RO         3569    .ARM.Collect$$_printf_percent$$00000010  c_w.l(_printf_llo.o)
    0x00000380   0x00000380   0x00000006   Code   RO         3570    .ARM.Collect$$_printf_percent$$00000011  c_w.l(_printf_llx.o)
    0x00000386   0x00000386   0x0000000a   Code   RO         3566    .ARM.Collect$$_printf_percent$$00000012  c_w.l(_printf_l.o)
    0x00000390   0x00000390   0x00000006   Code   RO         3548    .ARM.Collect$$_printf_percent$$00000013  c_w.l(_printf_c.o)
    0x00000396   0x00000396   0x00000006   Code   RO         3549    .ARM.Collect$$_printf_percent$$00000014  c_w.l(_printf_s.o)
    0x0000039c   0x0000039c   0x00000006   Code   RO         3567    .ARM.Collect$$_printf_percent$$00000015  c_w.l(_printf_lc.o)
    0x000003a2   0x000003a2   0x00000006   Code   RO         3568    .ARM.Collect$$_printf_percent$$00000016  c_w.l(_printf_ls.o)
    0x000003a8   0x000003a8   0x00000004   Code   RO         3731    .ARM.Collect$$_printf_percent$$00000017  c_w.l(_printf_percent_end.o)
    0x000003ac   0x000003ac   0x00000002   Code   RO         3834    .ARM.Collect$$libinit$$00000000  c_w.l(libinit.o)
    0x000003ae   0x000003ae   0x00000004   Code   RO         3583    .ARM.Collect$$libinit$$00000001  c_w.l(libinit2.o)
    0x000003b2   0x000003b2   0x00000000   Code   RO         3586    .ARM.Collect$$libinit$$00000004  c_w.l(libinit2.o)
    0x000003b2   0x000003b2   0x00000000   Code   RO         3588    .ARM.Collect$$libinit$$00000006  c_w.l(libinit2.o)
    0x000003b2   0x000003b2   0x00000008   Code   RO         3589    .ARM.Collect$$libinit$$00000007  c_w.l(libinit2.o)
    0x000003ba   0x000003ba   0x00000000   Code   RO         3591    .ARM.Collect$$libinit$$0000000C  c_w.l(libinit2.o)
    0x000003ba   0x000003ba   0x00000000   Code   RO         3593    .ARM.Collect$$libinit$$0000000E  c_w.l(libinit2.o)
    0x000003ba   0x000003ba   0x00000000   Code   RO         3595    .ARM.Collect$$libinit$$00000010  c_w.l(libinit2.o)
    0x000003ba   0x000003ba   0x00000006   Code   RO         3596    .ARM.Collect$$libinit$$00000011  c_w.l(libinit2.o)
    0x000003c0   0x000003c0   0x00000000   Code   RO         3598    .ARM.Collect$$libinit$$00000013  c_w.l(libinit2.o)
    0x000003c0   0x000003c0   0x0000000c   Code   RO         3599    .ARM.Collect$$libinit$$00000014  c_w.l(libinit2.o)
    0x000003cc   0x000003cc   0x00000000   Code   RO         3600    .ARM.Collect$$libinit$$00000015  c_w.l(libinit2.o)
    0x000003cc   0x000003cc   0x00000000   Code   RO         3602    .ARM.Collect$$libinit$$00000017  c_w.l(libinit2.o)
    0x000003cc   0x000003cc   0x0000000a   Code   RO         3603    .ARM.Collect$$libinit$$00000018  c_w.l(libinit2.o)
    0x000003d6   0x000003d6   0x00000000   Code   RO         3604    .ARM.Collect$$libinit$$00000019  c_w.l(libinit2.o)
    0x000003d6   0x000003d6   0x00000000   Code   RO         3606    .ARM.Collect$$libinit$$0000001B  c_w.l(libinit2.o)
    0x000003d6   0x000003d6   0x00000000   Code   RO         3608    .ARM.Collect$$libinit$$0000001D  c_w.l(libinit2.o)
    0x000003d6   0x000003d6   0x00000000   Code   RO         3610    .ARM.Collect$$libinit$$0000001F  c_w.l(libinit2.o)
    0x000003d6   0x000003d6   0x00000000   Code   RO         3612    .ARM.Collect$$libinit$$00000021  c_w.l(libinit2.o)
    0x000003d6   0x000003d6   0x00000000   Code   RO         3614    .ARM.Collect$$libinit$$00000023  c_w.l(libinit2.o)
    0x000003d6   0x000003d6   0x00000000   Code   RO         3616    .ARM.Collect$$libinit$$00000025  c_w.l(libinit2.o)
    0x000003d6   0x000003d6   0x00000000   Code   RO         3618    .ARM.Collect$$libinit$$00000027  c_w.l(libinit2.o)
    0x000003d6   0x000003d6   0x00000000   Code   RO         3622    .ARM.Collect$$libinit$$0000002E  c_w.l(libinit2.o)
    0x000003d6   0x000003d6   0x00000000   Code   RO         3624    .ARM.Collect$$libinit$$00000030  c_w.l(libinit2.o)
    0x000003d6   0x000003d6   0x00000000   Code   RO         3626    .ARM.Collect$$libinit$$00000032  c_w.l(libinit2.o)
    0x000003d6   0x000003d6   0x00000004   Code   RO         3627    .ARM.Collect$$libinit$$00000033  c_w.l(libinit2.o)
    0x000003da   0x000003da   0x00000000   Code   RO         3628    .ARM.Collect$$libinit$$00000034  c_w.l(libinit2.o)
    0x000003da   0x000003da   0x00000002   Code   RO         3629    .ARM.Collect$$libinit$$00000035  c_w.l(libinit2.o)
    0x000003dc   0x000003dc   0x00000002   Code   RO         3903    .ARM.Collect$$libshutdown$$00000000  c_w.l(libshutdown.o)
    0x000003de   0x000003de   0x00000006   Code   RO         3835    .ARM.Collect$$libshutdown$$00000001  c_w.l(libshutdown2.o)
    0x000003e4   0x000003e4   0x00000000   Code   RO         3836    .ARM.Collect$$libshutdown$$00000002  c_w.l(libshutdown2.o)
    0x000003e4   0x000003e4   0x00000000   Code   RO         3838    .ARM.Collect$$libshutdown$$00000004  c_w.l(libshutdown2.o)
    0x000003e4   0x000003e4   0x00000000   Code   RO         3841    .ARM.Collect$$libshutdown$$00000007  c_w.l(libshutdown2.o)
    0x000003e4   0x000003e4   0x00000000   Code   RO         3844    .ARM.Collect$$libshutdown$$0000000A  c_w.l(libshutdown2.o)
    0x000003e4   0x000003e4   0x00000000   Code   RO         3846    .ARM.Collect$$libshutdown$$0000000C  c_w.l(libshutdown2.o)
    0x000003e4   0x000003e4   0x00000000   Code   RO         3849    .ARM.Collect$$libshutdown$$0000000F  c_w.l(libshutdown2.o)
    0x000003e4   0x000003e4   0x00000002   Code   RO         3850    .ARM.Collect$$libshutdown$$00000010  c_w.l(libshutdown2.o)
    0x000003e6   0x000003e6   0x00000000   Code   RO         3448    .ARM.Collect$$rtentry$$00000000  c_w.l(__rtentry.o)
    0x000003e6   0x000003e6   0x00000000   Code   RO         3685    .ARM.Collect$$rtentry$$00000002  c_w.l(__rtentry2.o)
    0x000003e6   0x000003e6   0x00000006   Code   RO         3697    .ARM.Collect$$rtentry$$00000004  c_w.l(__rtentry4.o)
    0x000003ec   0x000003ec   0x00000000   Code   RO         3687    .ARM.Collect$$rtentry$$00000009  c_w.l(__rtentry2.o)
    0x000003ec   0x000003ec   0x00000004   Code   RO         3688    .ARM.Collect$$rtentry$$0000000A  c_w.l(__rtentry2.o)
    0x000003f0   0x000003f0   0x00000000   Code   RO         3690    .ARM.Collect$$rtentry$$0000000C  c_w.l(__rtentry2.o)
    0x000003f0   0x000003f0   0x00000008   Code   RO         3691    .ARM.Collect$$rtentry$$0000000D  c_w.l(__rtentry2.o)
    0x000003f8   0x000003f8   0x00000002   Code   RO         3855    .ARM.Collect$$rtexit$$00000000  c_w.l(rtexit.o)
    0x000003fa   0x000003fa   0x00000000   Code   RO         3879    .ARM.Collect$$rtexit$$00000002  c_w.l(rtexit2.o)
    0x000003fa   0x000003fa   0x00000004   Code   RO         3880    .ARM.Collect$$rtexit$$00000003  c_w.l(rtexit2.o)
    0x000003fe   0x000003fe   0x00000006   Code   RO         3881    .ARM.Collect$$rtexit$$00000004  c_w.l(rtexit2.o)
    0x00000404   0x00000404   0x0000001c   Code   RO         2071    .text               startup_rvmdk.o
    0x00000420   0x00000420   0x0000005e   Code   RO         3295    .text               c_w.l(h1_alloc.o)
    0x0000047e   0x0000047e   0x0000004e   Code   RO         3297    .text               c_w.l(h1_free.o)
    0x000004cc   0x000004cc   0x000000f0   Code   RO         3353    .text               c_w.l(lludivv7m.o)
    0x000005bc   0x000005bc   0x0000003c   Code   RO         3355    .text               c_w.l(vsnprintf.o)
    0x000005f8   0x000005f8   0x0000000a   Code   RO         3360    .text               c_w.l(cxa_atexit.o)
    0x00000602   0x00000602   0x0000008a   Code   RO         3363    .text               c_w.l(rt_memcpy_v6.o)
    0x0000068c   0x0000068c   0x00000010   Code   RO         3367    .text               c_w.l(aeabi_memset4.o)
    0x0000069c   0x0000069c   0x00000044   Code   RO         3369    .text               c_w.l(rt_memclr.o)
    0x000006e0   0x000006e0   0x0000004e   Code   RO         3371    .text               c_w.l(rt_memclr_w.o)
    0x0000072e   0x0000072e   0x00000006   Code   RO         3373    .text               c_w.l(heapauxi.o)
    0x00000734   0x00000734   0x00000024   Code   RO         3380    .text               c_w.l(init_aeabi.o)
    0x00000758   0x00000758   0x00000008   Code   RO         3456    .text               c_w.l(rt_heap_descriptor_intlibspace.o)
    0x00000760   0x00000760   0x00000004   Code   RO         3458    .text               c_w.l(hguard.o)
    0x00000764   0x00000764   0x0000008a   Code   RO         3460    .text               c_w.l(init_alloc.o)
    0x000007ee   0x000007ee   0x0000000e   Code   RO         3464    .text               c_w.l(h1_init.o)
    0x000007fc   0x000007fc   0x0000004e   Code   RO         3482    .text               c_w.l(_printf_pad.o)
    0x0000084a   0x0000084a   0x00000024   Code   RO         3484    .text               c_w.l(_printf_truncate.o)
    0x0000086e   0x0000086e   0x00000052   Code   RO         3486    .text               c_w.l(_printf_str.o)
    0x000008c0   0x000008c0   0x00000078   Code   RO         3488    .text               c_w.l(_printf_dec.o)
    0x00000938   0x00000938   0x00000028   Code   RO         3490    .text               c_w.l(_printf_charcount.o)
    0x00000960   0x00000960   0x00000030   Code   RO         3492    .text               c_w.l(_printf_char_common.o)
    0x00000990   0x00000990   0x00000010   Code   RO         3494    .text               c_w.l(_snputc.o)
    0x000009a0   0x000009a0   0x000000bc   Code   RO         3496    .text               c_w.l(_printf_wctomb.o)
    0x00000a5c   0x00000a5c   0x0000007c   Code   RO         3499    .text               c_w.l(_printf_longlong_dec.o)
    0x00000ad8   0x00000ad8   0x00000070   Code   RO         3505    .text               c_w.l(_printf_oct_int_ll.o)
    0x00000b48   0x00000b48   0x00000094   Code   RO         3525    .text               c_w.l(_printf_hex_int_ll_ptr.o)
    0x00000bdc   0x00000bdc   0x00000188   Code   RO         3545    .text               c_w.l(__printf_flags_ss_wp.o)
    0x00000d64   0x00000d64   0x00000016   Code   RO         3571    .text               c_w.l(abort.o)
    0x00000d7a   0x00000d7a   0x0000002e   Code   RO         3576    .text               c_w.l(aeabi_atexit.o)
    0x00000da8   0x00000da8   0x00000064   Code   RO         3579    .text               c_w.l(rt_memcpy_w.o)
    0x00000e0c   0x00000e0c   0x0000000c   Code   RO         3675    .text               c_w.l(sys_exit.o)
    0x00000e18   0x00000e18   0x00000008   Code   RO         3681    .text               c_w.l(libspace.o)
    0x00000e20   0x00000e20   0x00000008   Code   RO         3704    .text               c_w.l(rt_ddtor_pointer_addr_intlibspace.o)
    0x00000e28   0x00000e28   0x00000000   Code   RO         3708    .text               c_w.l(maybetermalloc1.o)
    0x00000e28   0x00000e28   0x00000034   Code   RO         3710    .text               c_w.l(h1_extend.o)
    0x00000e5c   0x00000e5c   0x0000008a   Code   RO         3714    .text               c_w.l(lludiv10.o)
    0x00000ee6   0x00000ee6   0x000000b2   Code   RO         3716    .text               c_w.l(_printf_intcommon.o)
    0x00000f98   0x00000f98   0x0000041c   Code   RO         3718    .text               c_w.l(_printf_fp_dec.o)
    0x000013b4   0x000013b4   0x000002fc   Code   RO         3722    .text               c_w.l(_printf_fp_hex.o)
    0x000016b0   0x000016b0   0x0000002c   Code   RO         3727    .text               c_w.l(_printf_char.o)
    0x000016dc   0x000016dc   0x0000002c   Code   RO         3729    .text               c_w.l(_printf_wchar.o)
    0x00001708   0x00001708   0x00000048   Code   RO         3732    .text               c_w.l(_c16rtomb.o)
    0x00001750   0x00001750   0x00000042   Code   RO         3734    .text               c_w.l(cxa_finalize.o)
    0x00001792   0x00001792   0x0000000e   Code   RO         3737    .text               c_w.l(defsig_abrt_outer.o)
    0x000017a0   0x000017a0   0x0000000e   Code   RO         3741    .text               c_w.l(defsig_rtmem_outer.o)
    0x000017ae   0x000017ae   0x00000002   Code   RO         3765    .text               c_w.l(use_no_semi.o)
    0x000017b0   0x000017b0   0x00000000   Code   RO         3767    .text               c_w.l(indicate_semi.o)
    0x000017b0   0x000017b0   0x0000004a   Code   RO         3768    .text               c_w.l(sys_stackheap_outer.o)
    0x000017fa   0x000017fa   0x00000002   PAD
    0x000017fc   0x000017fc   0x00000010   Code   RO         3770    .text               c_w.l(rt_ctype_table.o)
    0x0000180c   0x0000180c   0x00000008   Code   RO         3777    .text               c_w.l(rt_locale_intlibspace.o)
    0x00001814   0x00001814   0x00000080   Code   RO         3781    .text               c_w.l(_printf_fp_infnan.o)
    0x00001894   0x00001894   0x000000e4   Code   RO         3783    .text               c_w.l(bigflt0.o)
    0x00001978   0x00001978   0x00000012   Code   RO         3813    .text               c_w.l(exit.o)
    0x0000198a   0x0000198a   0x0000000a   Code   RO         3815    .text               c_w.l(defsig_exit.o)
    0x00001994   0x00001994   0x00000030   Code   RO         3817    .text               c_w.l(defsig_abrt_inner.o)
    0x000019c4   0x000019c4   0x00000050   Code   RO         3823    .text               c_w.l(defsig_rtmem_inner.o)
    0x00001a14   0x00001a14   0x00000032   Code   RO         3868    .text               c_w.l(defsig_general.o)
    0x00001a46   0x00001a46   0x00000002   PAD
    0x00001a48   0x00001a48   0x0000007c   Code   RO         3872    .text               c_w.l(strcmpv7em.o)
    0x00001ac4   0x00001ac4   0x0000000e   Code   RO         3874    .text               c_w.l(sys_wrch.o)
    0x00001ad2   0x00001ad2   0x0000002c   Code   RO          667    .text.GPIODirModeSet  gpio.o
    0x00001afe   0x00001afe   0x00000002   PAD
    0x00001b00   0x00001b00   0x00000172   Code   RO          675    .text.GPIOPadConfigSet  gpio.o
    0x00001c72   0x00001c72   0x00000042   Code   RO          753    .text.GPIOPinConfigure  gpio.o
    0x00001cb4   0x00001cb4   0x00000018   Code   RO          763    .text.GPIOUnlockPin  gpio.o
    0x00001ccc   0x00001ccc   0x00000078   Code   RO         1024    .text.IntEnable     interrupt.o
    0x00001d44   0x00001d44   0x00000038   Code   RO         1010    .text.IntRegister   interrupt.o
    0x00001d7c   0x00001d7c   0x0000013c   Code   RO         1518    .text.SysCtlClockGet  sysctl.o
    0x00001eb8   0x00001eb8   0x00000104   Code   RO         1516    .text.SysCtlClockSet  sysctl.o
    0x00001fbc   0x00001fbc   0x0000001c   Code   RO         1458    .text.SysCtlPeripheralDisable  sysctl.o
    0x00001fd8   0x00001fd8   0x0000001c   Code   RO         1456    .text.SysCtlPeripheralEnable  sysctl.o
    0x00001ff4   0x00001ff4   0x00000020   Code   RO         1448    .text.SysCtlPeripheralReady  sysctl.o
    0x00002014   0x00002014   0x00000006   Code   RO         1629    .text.TimerClockSourceSet  timer.o
    0x0000201a   0x0000201a   0x00000056   Code   RO         1613    .text.TimerConfigure  timer.o
    0x00002070   0x00002070   0x0000000c   Code   RO         1643    .text.TimerLoadGet  timer.o
    0x0000207c   0x0000207c   0x00000010   Code   RO         1641    .text.TimerLoadSet  timer.o
    0x0000208c   0x0000208c   0x00000006   Code   RO         1645    .text.TimerLoadSet64  timer.o
    0x00002092   0x00002092   0x00000010   Code   RO         1633    .text.TimerPrescaleSet  timer.o
    0x000020a2   0x000020a2   0x0000000e   Code   RO         1743    .text.UARTCharGetNonBlocking  uart.o
    0x000020b0   0x000020b0   0x0000000a   Code   RO         1749    .text.UARTCharPut   uart.o
    0x000020ba   0x000020ba   0x0000000e   Code   RO         1739    .text.UARTCharsAvail  uart.o
    0x000020c8   0x000020c8   0x00000006   Code   RO         1775    .text.UARTClockSourceSet  uart.o
    0x000020ce   0x000020ce   0x00000002   PAD
    0x000020d0   0x000020d0   0x00000074   Code   RO         1703    .text.UARTConfigSetExpClk  uart.o
    0x00002144   0x00002144   0x00000014   Code   RO         1707    .text.UARTEnable    uart.o
    0x00002158   0x00002158   0x0000000a   Code   RO         1711    .text.UARTFIFOEnable  uart.o
    0x00002162   0x00002162   0x00000006   Code   RO         1699    .text.UARTFIFOLevelSet  uart.o
    0x00002168   0x00002168   0x00000004   Code   RO         1765    .text.UARTIntClear  uart.o
    0x0000216c   0x0000216c   0x00000008   Code   RO         1759    .text.UARTIntEnable  uart.o
    0x00002174   0x00002174   0x0000005c   Code   RO         1755    .text.UARTIntRegister  uart.o
    0x000021d0   0x000021d0   0x0000000c   Code   RO         1763    .text.UARTIntStatus  uart.o
    0x000021dc   0x000021dc   0x00000054   Code   RO         2196    .text._GLOBAL__sub_I_ExLib_Main.cpp  exlib_main.o
    0x00002230   0x00002230   0x0000005e   Code   RO         2877    .text._GLOBAL__sub_I_main.cpp  main.o
    0x0000228e   0x0000228e   0x00000002   PAD
    0x00002290   0x00002290   0x00000048   Code   RO         2871    .text._Z9callback1Pv  main.o
    0x000022d8   0x000022d8   0x00000048   Code   RO         2873    .text._Z9callback2Pv  main.o
    0x00002320   0x00002320   0x0000004a   Code   RO         2271    .text._ZN5ExLib10BufferFIFOIcE5writeEc  exlib_uart.o
    0x0000236a   0x0000236a   0x00000002   PAD
    0x0000236c   0x0000236c   0x00000040   Code   RO         2427    .text._ZN5ExLib10ReadStream4readEPcj  exlib_readstream.o
    0x000023ac   0x000023ac   0x00000030   Code   RO         2429    .text._ZN5ExLib10ReadStream9readUntilEPcc  exlib_readstream.o
    0x000023dc   0x000023dc   0x00000066   Code   RO         2211    .text._ZN5ExLib11PrintStream7vprintfEPKcSt9__va_list  exlib_printstream.o
    0x00002442   0x00002442   0x00000002   Code   RO         2277    .text._ZN5ExLib11PrintStreamD0Ev  exlib_uart.o
    0x00002444   0x00002444   0x00000002   Code   RO         2275    .text._ZN5ExLib11PrintStreamD2Ev  exlib_uart.o
    0x00002446   0x00002446   0x00000002   PAD
    0x00002448   0x00002448   0x00000036   Code   RO         2396    .text._ZN5ExLib11WriteStream10writeUntilEPKcc  exlib_writestream.o
    0x0000247e   0x0000247e   0x00000004   Code   RO         2273    .text._ZN5ExLib11WriteStream17avaliableForWriteEv  exlib_uart.o
    0x00002482   0x00002482   0x00000002   PAD
    0x00002484   0x00002484   0x0000002e   Code   RO         2394    .text._ZN5ExLib11WriteStream5writeEPKcj  exlib_writestream.o
    0x000024b2   0x000024b2   0x00000004   Code   RO         2693    .text._ZN5ExLib12GeneralTimer10onOverflowERNS_16CallbackFunctionE  exlib_timer.o
    0x000024b6   0x000024b6   0x00000002   PAD
    0x000024b8   0x000024b8   0x0000004c   Code   RO         2687    .text._ZN5ExLib12GeneralTimer18registerPWMChannelEjNS_8GPIO_PinE  exlib_timer.o
    0x00002504   0x00002504   0x0000002c   Code   RO         2689    .text._ZN5ExLib12GeneralTimer7setDutyEjNS_7PrecentE  exlib_timer.o
    0x00002530   0x00002530   0x00000056   Code   RO         2691    .text._ZN5ExLib12GeneralTimer8setCycleENS_12TimeIntervalE  exlib_timer.o
    0x00002586   0x00002586   0x00000002   PAD
    0x00002588   0x00002588   0x0000011c   Code   RO         2683    .text._ZN5ExLib12GeneralTimerC2ENS_19GeneralTimer_PeriphENS_12TimeIntervalE  exlib_timer.o
    0x000026a4   0x000026a4   0x0000001a   Code   RO         2715    .text._ZN5ExLib12is64BitTimerENS_19GeneralTimer_PeriphE  util_timer.o
    0x000026be   0x000026be   0x0000009a   Code   RO         2359    .text._ZN5ExLib13configUARTPinEjNS_8GPIO_PinES0_  util_uart.o
    0x00002758   0x00002758   0x00000022   Code   RO         2713    .text._ZN5ExLib14is1632BitTimerENS_19GeneralTimer_PeriphE  util_timer.o
    0x0000277a   0x0000277a   0x00000002   PAD
    0x0000277c   0x0000277c   0x000000d2   Code   RO         2355    .text._ZN5ExLib14isLegalUARTPinEjNS_8GPIO_PinES0_  util_uart.o
    0x0000284e   0x0000284e   0x00000002   PAD
    0x00002850   0x00002850   0x0000003a   Code   RO         2349    .text._ZN5ExLib15configUARTStateEjb  util_uart.o
    0x0000288a   0x0000288a   0x00000002   PAD
    0x0000288c   0x0000288c   0x0000019c   Code   RO         2380    .text._ZN5ExLib15enableGPIOClockEj  util_gpio.o
    0x00002a28   0x00002a28   0x00000088   Code   RO         2719    .text._ZN5ExLib16configTimerClockENS_19GeneralTimer_PeriphEb  util_timer.o
    0x00002ab0   0x00002ab0   0x0000001c   Code   RO         2374    .text._ZN5ExLib16getGPIOPinByNameENS_8GPIO_PinE  util_gpio.o
    0x00002acc   0x00002acc   0x0000003c   Code   RO         2363    .text._ZN5ExLib16getUARTIntByNameENS_11UART_PeriphE  util_uart.o
    0x00002b08   0x00002b08   0x00000026   Code   RO         2376    .text._ZN5ExLib17getGPIOPortByNameENS_8GPIO_PinE  util_gpio.o
    0x00002b2e   0x00002b2e   0x00000010   Code   RO         2414    .text._ZN5ExLib18ReadStreamBuffered16avaliableForReadEv  exlib_readstreambuffered.o
    0x00002b3e   0x00002b3e   0x00000004   Code   RO         2410    .text._ZN5ExLib18ReadStreamBuffered4readERc  exlib_readstreambuffered.o
    0x00002b42   0x00002b42   0x00000010   Code   RO         2408    .text._ZN5ExLib18ReadStreamBufferedC2ERNS_10BufferFIFOIcEE  exlib_readstreambuffered.o
    0x00002b52   0x00002b52   0x00000020   Code   RO         2709    .text._ZN5ExLib18getTimerPartByNameENS_19GeneralTimer_PeriphE  util_timer.o
    0x00002b72   0x00002b72   0x00000026   Code   RO         2717    .text._ZN5ExLib18getTimerTypeByNameENS_19GeneralTimer_PeriphE  util_timer.o
    0x00002b98   0x00002b98   0x00000024   Code   RO         2351    .text._ZN5ExLib19getUARTDefaultRxPinENS_11UART_PeriphE  util_uart.o
    0x00002bbc   0x00002bbc   0x00000024   Code   RO         2353    .text._ZN5ExLib19getUARTDefaultTxPinENS_11UART_PeriphE  util_uart.o
    0x00002be0   0x00002be0   0x00000034   Code   RO         2361    .text._ZN5ExLib19getUARTNameByPeriphEj  util_uart.o
    0x00002c14   0x00002c14   0x0000003c   Code   RO         2347    .text._ZN5ExLib19getUARTParityByNameENS_11UART_ParityE  util_uart.o
    0x00002c50   0x00002c50   0x0000003c   Code   RO         2341    .text._ZN5ExLib19getUARTPeriphByNameENS_11UART_PeriphE  util_uart.o
    0x00002c8c   0x00002c8c   0x000003d6   Code   RO         2357    .text._ZN5ExLib19getUARTPinMuxConfigEjNS_8GPIO_PinE  util_uart.o
    0x00003062   0x00003062   0x00000002   PAD
    0x00003064   0x00003064   0x00000070   Code   RO         2707    .text._ZN5ExLib20getTimerPeriphByNameENS_19GeneralTimer_PeriphE  util_timer.o
    0x000030d4   0x000030d4   0x00000034   Code   RO         2345    .text._ZN5ExLib21getUARTStopBitsByNameENS_13UART_StopBitsE  util_uart.o
    0x00003108   0x00003108   0x00000028   Code   RO         2343    .text._ZN5ExLib23getUARTWordLengthByNameENS_15UART_WordLengthE  util_uart.o
    0x00003130   0x00003130   0x00000020   Code   RO         2727    .text._ZN5ExLib26getTimerObjectsIndexByNameENS_19GeneralTimer_PeriphE  util_timer.o
    0x00003150   0x00003150   0x000000da   Code   RO         2711    .text._ZN5ExLib27getTimerNameByPeriphAndTypeEjNS_17GeneralTimer_TypeE  util_timer.o
    0x0000322a   0x0000322a   0x00000006   Code   RO         2797    .text._ZN5ExLib4Task13deleteCurrentEv  exlib_freertos.o
    0x00003230   0x00003230   0x00000034   Code   RO         2789    .text._ZN5ExLib4Task5beginEv  exlib_freertos.o
    0x00003264   0x00003264   0x0000001a   Code   RO         2783    .text._ZN5ExLib4TaskC2EPFvPvES1_PKcjj  exlib_freertos.o
    0x0000327e   0x0000327e   0x00000012   Code   RO         2785    .text._ZN5ExLib4TaskD2Ev  exlib_freertos.o
    0x00003290   0x00003290   0x0000004e   Code   RO         2225    .text._ZN5ExLib4UART16interruptHandlerEv  exlib_uart.o
    0x000032de   0x000032de   0x0000000e   Code   RO         2223    .text._ZN5ExLib4UART21UART0InterruptHandlerEv  exlib_uart.o
    0x000032ec   0x000032ec   0x0000000e   Code   RO         2227    .text._ZN5ExLib4UART21UART1InterruptHandlerEv  exlib_uart.o
    0x000032fa   0x000032fa   0x0000000e   Code   RO         2229    .text._ZN5ExLib4UART21UART2InterruptHandlerEv  exlib_uart.o
    0x00003308   0x00003308   0x0000000e   Code   RO         2231    .text._ZN5ExLib4UART21UART3InterruptHandlerEv  exlib_uart.o
    0x00003316   0x00003316   0x0000000e   Code   RO         2233    .text._ZN5ExLib4UART21UART4InterruptHandlerEv  exlib_uart.o
    0x00003324   0x00003324   0x0000000e   Code   RO         2235    .text._ZN5ExLib4UART21UART5InterruptHandlerEv  exlib_uart.o
    0x00003332   0x00003332   0x0000000e   Code   RO         2237    .text._ZN5ExLib4UART21UART6InterruptHandlerEv  exlib_uart.o
    0x00003340   0x00003340   0x0000000e   Code   RO         2239    .text._ZN5ExLib4UART21UART7InterruptHandlerEv  exlib_uart.o
    0x0000334e   0x0000334e   0x000000a6   Code   RO         2255    .text._ZN5ExLib4UART5beginEjNS_15UART_WordLengthENS_13UART_StopBitsENS_11UART_ParityE  exlib_uart.o
    0x000033f4   0x000033f4   0x0000000c   Code   RO         2259    .text._ZN5ExLib4UART5writeEc  exlib_uart.o
    0x00003400   0x00003400   0x0000003c   Code   RO         2247    .text._ZN5ExLib4UART7setPinsENS_8GPIO_PinES1_  exlib_uart.o
    0x0000343c   0x0000343c   0x000000d4   Code   RO         2245    .text._ZN5ExLib4UARTC2ENS_11UART_PeriphENS_8GPIO_PinES2_PNS_10BufferFIFOIcEE  exlib_uart.o
    0x00003510   0x00003510   0x0000002c   Code   RO         2243    .text._ZN5ExLib4UARTC2ENS_11UART_PeriphEPNS_10BufferFIFOIcEE  exlib_uart.o
    0x0000353c   0x0000353c   0x00000038   Code   RO         2253    .text._ZN5ExLib4UARTD0Ev  exlib_uart.o
    0x00003574   0x00003574   0x00000032   Code   RO         2249    .text._ZN5ExLib4UARTD2Ev  exlib_uart.o
    0x000035a6   0x000035a6   0x0000001e   Code   RO         2514    .text._ZN5ExLib6System14printExLibLOGOEv  exlib_system.o
    0x000035c4   0x000035c4   0x0000004c   Code   RO         2512    .text._ZN5ExLib6System14setDebugStreamERNS_11PrintStreamE  exlib_system.o
    0x00003610   0x00003610   0x0000004a   Code   RO         2510    .text._ZN5ExLib6System4initEv  exlib_system.o
    0x0000365a   0x0000365a   0x00000002   PAD
    0x0000365c   0x0000365c   0x00000054   Code   RO         2530    .text._ZN5ExLib6System5log_dEPKcz  exlib_system.o
    0x000036b0   0x000036b0   0x00000054   Code   RO         2516    .text._ZN5ExLib6System5log_iEPKcz  exlib_system.o
    0x00003704   0x00003704   0x00000054   Code   RO         2528    .text._ZN5ExLib6System5log_wEPKcz  exlib_system.o
    0x00003758   0x00003758   0x00000058   Code   RO         2190    .text._ZN5ExLib8mainTaskEPv  exlib_main.o
    0x000037b0   0x000037b0   0x000000bc   Code   RO         2875    .text._ZN5ExLib8usr_mainEv  main.o
    0x0000386c   0x0000386c   0x00000068   Code   RO         2125    .text._ZN5ExLib9Exception14raiseExceptionEPKcz  exlib_exception.o
    0x000038d4   0x000038d4   0x00000050   Code   RO         2131    .text._ZN5ExLib9Exception14raiseHardFaultEv  exlib_exception.o
    0x00003924   0x00003924   0x00000038   Code   RO         2129    .text._ZN5ExLib9Exception16hardFaultHandlerEv  exlib_exception.o
    0x0000395c   0x0000395c   0x00000008   Code   RO         2289    .text._ZN5ExLibli3_msEy  exlib_units.o
    0x00003964   0x00003964   0x0000000c   Code   RO         3670    .text._ZSt15get_new_handlerv  libcppabi_w.l(cxa_handlers.cpp.o)
    0x00003970   0x00003970   0x00000004   Code   RO         3406    .text._ZdlPv        libcpp_w.l(new.cpp.o)
    0x00003974   0x00003974   0x00000004   Code   RO         3402    .text._Znaj         libcpp_w.l(new.cpp.o)
    0x00003978   0x00003978   0x00000026   Code   RO         3398    .text._Znwj         libcpp_w.l(new.cpp.o)
    0x0000399e   0x0000399e   0x00000002   PAD
    0x000039a0   0x000039a0   0x00000028   Code   RO         3441    .text.__cxa_pure_virtual  libcppabi_w.l(cxa_virtual.cpp.o)
    0x000039c8   0x000039c8   0x00000004   Code   RO         3654    .text.abort_message  libcppabi_w.l(abort_message.cpp.o)
    0x000039cc   0x000039cc   0x0000003c   Code   RO         2194    .text.main          exlib_main.o
    0x00003a08   0x00003a08   0x000000b8   Code   RO         3095    .text.prvAddCurrentTaskToDelayedList  tasks.o
    0x00003ac0   0x00003ac0   0x00000056   Code   RO         3213    .text.prvCheckForValidListAndQueue  timers.o
    0x00003b16   0x00003b16   0x00000078   Code   RO         2991    .text.prvCopyDataToQueue  queue.o
    0x00003b8e   0x00003b8e   0x00000002   PAD
    0x00003b90   0x00003b90   0x00000072   Code   RO         3119    .text.prvIdleTask   tasks.o
    0x00003c02   0x00003c02   0x00000040   Code   RO         3247    .text.prvInsertTimerInActiveList  timers.o
    0x00003c42   0x00003c42   0x00000002   PAD
    0x00003c44   0x00003c44   0x0000009c   Code   RO         2993    .text.prvNotifyQueueSetContainer  queue.o
    0x00003ce0   0x00003ce0   0x00000028   Code   RO         2950    .text.prvPortStartFirstTask  port.o
    0x00003d08   0x00003d08   0x00000040   Code   RO         3243    .text.prvProcessExpiredTimer  timers.o
    0x00003d48   0x00003d48   0x0000002e   Code   RO         3245    .text.prvReloadTimer  timers.o
    0x00003d76   0x00003d76   0x00000002   PAD
    0x00003d78   0x00003d78   0x00000056   Code   RO         3241    .text.prvSampleTimeNow  timers.o
    0x00003dce   0x00003dce   0x00000002   PAD
    0x00003dd0   0x00003dd0   0x00000032   Code   RO         2940    .text.prvTaskExitError  port.o
    0x00003e02   0x00003e02   0x00000002   PAD
    0x00003e04   0x00003e04   0x0000017e   Code   RO         3215    .text.prvTimerTask  timers.o
    0x00003f82   0x00003f82   0x00000002   PAD
    0x00003f84   0x00003f84   0x0000007e   Code   RO         2995    .text.prvUnlockQueue  queue.o
    0x00004002   0x00004002   0x0000001e   Code   RO         3264    .text.pvPortMalloc  heap_3.o
    0x00004020   0x00004020   0x00000028   Code   RO         2938    .text.pxPortInitialiseStack  port.o
    0x00004048   0x00004048   0x00000024   Code   RO         2928    .text.uxListRemove  list.o
    0x0000406c   0x0000406c   0x0000000c   Code   RO         3129    .text.uxTaskGetNumberOfTasks  tasks.o
    0x00004078   0x00004078   0x0000002c   Code   RO         2123    .text.vApplicationMallocFailedHook  exlib_exception.o
    0x000040a4   0x000040a4   0x00000030   Code   RO         2127    .text.vApplicationStackOverflowHook  exlib_exception.o
    0x000040d4   0x000040d4   0x00000010   Code   RO         2508    .text.vApplicationTickHook  exlib_system.o
    0x000040e4   0x000040e4   0x00000016   Code   RO         2920    .text.vListInitialise  list.o
    0x000040fa   0x000040fa   0x00000006   Code   RO         2922    .text.vListInitialiseItem  list.o
    0x00004100   0x00004100   0x0000003a   Code   RO         2926    .text.vListInsert   list.o
    0x0000413a   0x0000413a   0x0000001c   Code   RO         2924    .text.vListInsertEnd  list.o
    0x00004156   0x00004156   0x00000002   PAD
    0x00004158   0x00004158   0x00000014   Code   RO         2948    .text.vPortEnableVFP  port.o
    0x0000416c   0x0000416c   0x00000042   Code   RO         2954    .text.vPortEnterCritical  port.o
    0x000041ae   0x000041ae   0x00000002   PAD
    0x000041b0   0x000041b0   0x0000002e   Code   RO         2956    .text.vPortExitCritical  port.o
    0x000041de   0x000041de   0x0000001a   Code   RO         3266    .text.vPortFree     heap_3.o
    0x000041f8   0x000041f8   0x00000008   PAD
    0x00004200   0x00004200   0x00000024   Code   RO         2942    .text.vPortSVCHandler  port.o
    0x00004224   0x00004224   0x00000030   Code   RO         2946    .text.vPortSetupTimerInterrupt  port.o
    0x00004254   0x00004254   0x00000046   Code   RO         3021    .text.vQueueWaitForMessageRestricted  queue.o
    0x0000429a   0x0000429a   0x00000002   PAD
    0x0000429c   0x0000429c   0x0000011a   Code   RO         3089    .text.vTaskDelete   tasks.o
    0x000043b6   0x000043b6   0x0000001a   Code   RO         3147    .text.vTaskInternalSetTimeOutState  tasks.o
    0x000043d0   0x000043d0   0x0000000e   Code   RO         3151    .text.vTaskMissedYield  tasks.o
    0x000043de   0x000043de   0x00000002   PAD
    0x000043e0   0x000043e0   0x00000036   Code   RO         3135    .text.vTaskPlaceOnEventList  tasks.o
    0x00004416   0x00004416   0x00000002   PAD
    0x00004418   0x00004418   0x00000072   Code   RO         3139    .text.vTaskPlaceOnEventListRestricted  tasks.o
    0x0000448a   0x0000448a   0x00000002   PAD
    0x0000448c   0x0000448c   0x0000009c   Code   RO         3117    .text.vTaskStartScheduler  tasks.o
    0x00004528   0x00004528   0x00000010   Code   RO         3093    .text.vTaskSuspendAll  tasks.o
    0x00004538   0x00004538   0x000000b2   Code   RO         3111    .text.vTaskSwitchContext  tasks.o
    0x000045ea   0x000045ea   0x00000006   PAD
    0x000045f0   0x000045f0   0x00000064   Code   RO         2958    .text.xPortPendSVHandler  port.o
    0x00004654   0x00004654   0x0000012a   Code   RO         2944    .text.xPortStartScheduler  port.o
    0x0000477e   0x0000477e   0x0000002e   Code   RO         2960    .text.xPortSysTickHandler  port.o
    0x000047ac   0x000047ac   0x00000052   Code   RO         2977    .text.xQueueGenericCreate  queue.o
    0x000047fe   0x000047fe   0x00000002   PAD
    0x00004800   0x00004800   0x0000009e   Code   RO         2975    .text.xQueueGenericReset  queue.o
    0x0000489e   0x0000489e   0x00000002   PAD
    0x000048a0   0x000048a0   0x00000186   Code   RO         3001    .text.xQueueReceive  queue.o
    0x00004a26   0x00004a26   0x00000002   PAD
    0x00004a28   0x00004a28   0x00000088   Code   RO         3149    .text.xTaskCheckForTimeOut  tasks.o
    0x00004ab0   0x00004ab0   0x000001f4   Code   RO         3087    .text.xTaskCreate   tasks.o
    0x00004ca4   0x00004ca4   0x00000024   Code   RO         3155    .text.xTaskGetSchedulerState  tasks.o
    0x00004cc8   0x00004cc8   0x0000000c   Code   RO         3125    .text.xTaskGetTickCount  tasks.o
    0x00004cd4   0x00004cd4   0x000001ce   Code   RO         3123    .text.xTaskIncrementTick  tasks.o
    0x00004ea2   0x00004ea2   0x00000002   PAD
    0x00004ea4   0x00004ea4   0x000000c2   Code   RO         3159    .text.xTaskPriorityDisinherit  tasks.o
    0x00004f66   0x00004f66   0x00000002   PAD
    0x00004f68   0x00004f68   0x000000fa   Code   RO         3141    .text.xTaskRemoveFromEventList  tasks.o
    0x00005062   0x00005062   0x00000002   PAD
    0x00005064   0x00005064   0x0000017e   Code   RO         3097    .text.xTaskResumeAll  tasks.o
    0x000051e2   0x000051e2   0x00000002   PAD
    0x000051e4   0x000051e4   0x0000005c   Code   RO         3211    .text.xTimerCreateTimerTask  timers.o
    0x00005240   0x00005240   0x0000003e   Code   RO         3786    CL$$btod_d2e        c_w.l(btod.o)
    0x0000527e   0x0000527e   0x00000046   Code   RO         3788    CL$$btod_d2e_denorm_low  c_w.l(btod.o)
    0x000052c4   0x000052c4   0x00000060   Code   RO         3787    CL$$btod_d2e_norm_op1  c_w.l(btod.o)
    0x00005324   0x00005324   0x00000338   Code   RO         3796    CL$$btod_div_common  c_w.l(btod.o)
    0x0000565c   0x0000565c   0x000000dc   Code   RO         3793    CL$$btod_e2e        c_w.l(btod.o)
    0x00005738   0x00005738   0x0000002a   Code   RO         3790    CL$$btod_ediv       c_w.l(btod.o)
    0x00005762   0x00005762   0x0000002a   Code   RO         3789    CL$$btod_emul       c_w.l(btod.o)
    0x0000578c   0x0000578c   0x00000244   Code   RO         3795    CL$$btod_mult_common  c_w.l(btod.o)
    0x000059d0   0x000059d0   0x00000030   Code   RO         3853    i.__ARM_fpclassify  m_wm.l(fpclassify.o)
    0x00005a00   0x00005a00   0x0000000e   Code   RO         3538    i._is_digit         c_w.l(__printf_wp.o)
    0x00005a0e   0x00005a0e   0x00000002   PAD
    0x00005a10   0x00005a10   0x0000002c   Code   RO         3811    locale$$code        c_w.l(lc_numeric_c.o)
    0x00005a3c   0x00005a3c   0x0000002c   Code   RO         3864    locale$$code        c_w.l(lc_ctype_c.o)
    0x00005a68   0x00005a68   0x0000001a   Code   RO         3752    x$fpl$fpinit        fz_wm.l(fpinit.o)
    0x00005a82   0x00005a82   0x00000004   Code   RO         3644    x$fpl$printf1       fz_wm.l(printf1.o)
    0x00005a86   0x00005a86   0x00000004   Code   RO         3646    x$fpl$printf2       fz_wm.l(printf2.o)
    0x00005a8a   0x00005a8a   0x00000000   Code   RO         3652    x$fpl$usenofp       fz_wm.l(usenofp.o)
    0x00005a8a   0x00005a8a   0x00000002   PAD
    0x00005a8c   0x00005a8c   0x00000008   Data   RO         3497    .constdata          c_w.l(_printf_wctomb.o)
    0x00005a94   0x00005a94   0x00000028   Data   RO         3526    .constdata          c_w.l(_printf_hex_int_ll_ptr.o)
    0x00005abc   0x00005abc   0x00000011   Data   RO         3546    .constdata          c_w.l(__printf_flags_ss_wp.o)
    0x00005acd   0x00005acd   0x00000026   Data   RO         3723    .constdata          c_w.l(_printf_fp_hex.o)
    0x00005af3   0x00005af3   0x00000001   PAD
    0x00005af4   0x00005af4   0x00000094   Data   RO         3784    .constdata          c_w.l(bigflt0.o)
    0x00005b88   0x00005b88   0x00000020   Data   RO         2279    .rodata._ZTVN5ExLib11PrintStreamE  exlib_uart.o
    0x00005ba8   0x00005ba8   0x00000014   Data   RO         2697    .rodata._ZTVN5ExLib12GeneralTimerE  exlib_timer.o
    0x00005bbc   0x00005bbc   0x00000018   Data   RO         2416    .rodata._ZTVN5ExLib18ReadStreamBufferedE  exlib_readstreambuffered.o
    0x00005bd4   0x00005bd4   0x00000038   Data   RO         2263    .rodata._ZTVN5ExLib4UARTE  exlib_uart.o
    0x00005c0c   0x00005c0c   0x00000048   Data   RO         2384    .rodata._ZZN5ExLib17getGPIOPortByNameENS_8GPIO_PinEE4port  util_gpio.o
    0x00005c54   0x00005c54   0x00000020   Data   RO         2262    .rodata._ZZN5ExLib4UART25getInterruptHandlerByNameENS_11UART_PeriphEE24interruptHandlerFunction  exlib_uart.o
    0x00005c74   0x00005c74   0x00000040   Data   RO         1789    .rodata.g_ppui32UARTIntMap  uart.o
    0x00005cb4   0x00005cb4   0x00000040   Data   RO         1790    .rodata.g_ppui32UARTIntMapSnowflake  uart.o
    0x00005cf4   0x00005cf4   0x00000014   Data   RO         1043    .rodata.g_pui32EnRegs  interrupt.o
    0x00005d08   0x00005d08   0x00000090   Data   RO          765    .rodata.g_pui32GPIOBaseAddrs  gpio.o
    0x00005d98   0x00005d98   0x0000006c   Data   RO         1552    .rodata.g_pui32Xtals  sysctl.o
    0x00005e04   0x00005e04   0x00000010   Data   RO         2365    .rodata.str1.1      util_uart.o
    0x00005e14   0x00005e14   0x0000000e   Data   RO         2385    .rodata.str1.1      util_gpio.o
    0x00005e22   0x00005e22   0x0000009f   Data   RO         2536    .rodata.str1.1      exlib_system.o
    0x00005ec1   0x00005ec1   0x00000078   Data   RO         2698    .rodata.str1.1      exlib_timer.o
    0x00005f39   0x00005f39   0x00000003   PAD
    0x00005f3c   0x00005f3c   0x00000004   Data   RO         3182    .rodata.uxTopUsedPriority  tasks.o
    0x00005f40   0x00005f40   0x00000020   Data   RO         3904    Region$$Table       anon$$obj.o
    0x00005f60   0x00005f60   0x0000001c   Data   RO         3810    locale$$data        c_w.l(lc_numeric_c.o)
    0x00005f7c   0x00005f7c   0x00000110   Data   RO         3863    locale$$data        c_w.l(lc_ctype_c.o)
    0x0000608c   0x0000608c   0x00000004   Data   RO         2199    .init_array         exlib_main.o
    0x00006090   0x0000608c   0x00000004   Data   RO         2884    .init_array         main.o
    0x00006094   0x0000608c   0x00000000   Data   RO         3378    .init_array         c_w.l(init_aeabi.o)


    Execution Region RW_IRAM1 (Exec base: 0x20000000, Load base: 0x00006400, Size: 0x00004a18, Max: 0x00008000, ABSOLUTE, COMPRESSED[0x00000018])

    Exec Addr    Load Addr    Size         Type   Attr      Idx    E Section Name        Object

    0x20000000   COMPRESSED   0x00000004   Data   RW         2966    .data.uxCriticalNesting  port.o
    0x20000004   COMPRESSED   0x000003fc   PAD
    0x20000400   COMPRESSED   0x0000026c   Data   RW         1040    vtable              interrupt.o
    0x2000066c   COMPRESSED   0x00000004   PAD
    0x20000670        -       0x00000060   Zero   RW         3682    .bss                c_w.l(libspace.o)
    0x200006d0        -       0x0000001c   Zero   RW         2879    .bss.UART0          main.o
    0x200006ec        -       0x00000004   Zero   RW         2534    .bss._ZL19powerOnMilliseconds  exlib_system.o
    0x200006f0        -       0x00000018   Zero   RW         2198    .bss._ZN5ExLib11mainTaskObjE  exlib_main.o
    0x20000708        -       0x00000060   Zero   RW         2695    .bss._ZN5ExLib12GeneralTimer19generalTimerObjectsE  exlib_timer.o
    0x20000768        -       0x00000020   Zero   RW         2261    .bss._ZN5ExLib4UART11UARTObjectsE  exlib_uart.o
    0x20000788        -       0x00000004   Zero   RW         2535    .bss._ZN5ExLib6System12_debugStreamE  exlib_system.o
    0x2000078c        -       0x00000004   Zero   RW         2134    .bss._ZN5ExLib9Exception20lastExceptionMessageE  exlib_exception.o
    0x20000790        -       0x00000004   Zero   RW         2880    .bss._ZZ9callback1PvE1i  main.o
    0x20000794        -       0x00000004   Zero   RW         2881    .bss._ZZ9callback2PvE1i  main.o
    0x20000798        -       0x00000004   Zero   RW         3763    .bss.__cxa_new_handler  libcppabi_w.l(cxa_default_handlers.cpp.o)
    0x2000079c        -       0x00000004   Zero   RW         3253    .bss.prvSampleTimeNow.xLastTime  timers.o
    0x200007a0        -       0x00000004   Zero   RW         3181    .bss.pxCurrentTCB   tasks.o
    0x200007a4        -       0x00000004   Zero   RW         3251    .bss.pxCurrentTimerList  timers.o
    0x200007a8        -       0x00000004   Zero   RW         3192    .bss.pxDelayedTaskList  tasks.o
    0x200007ac        -       0x00000004   Zero   RW         3193    .bss.pxOverflowDelayedTaskList  tasks.o
    0x200007b0        -       0x00000004   Zero   RW         3252    .bss.pxOverflowTimerList  timers.o
    0x200007b4        -       0x00000064   Zero   RW         3183    .bss.pxReadyTasksLists  tasks.o
    0x20000818        -       0x00000018   Zero   RW         2882    .bss.timer0A        main.o
    0x20000830        -       0x00000018   Zero   RW         2883    .bss.timer0B        main.o
    0x20000848        -       0x00000001   Zero   RW         2964    .bss.ucMaxSysCallPriority  port.o
    0x20000849   COMPRESSED   0x00000003   PAD
    0x2000084c        -       0x00000004   Zero   RW         2965    .bss.ulMaxPRIGROUPValue  port.o
    0x20000850        -       0x00000004   Zero   RW         3188    .bss.uxCurrentNumberOfTasks  tasks.o
    0x20000854        -       0x00000004   Zero   RW         3187    .bss.uxDeletedTasksWaitingCleanUp  tasks.o
    0x20000858        -       0x00000004   Zero   RW         3190    .bss.uxSchedulerSuspended  tasks.o
    0x2000085c        -       0x00000004   Zero   RW         3185    .bss.uxTaskNumber   tasks.o
    0x20000860        -       0x00000004   Zero   RW         3184    .bss.uxTopReadyPriority  tasks.o
    0x20000864        -       0x00000014   Zero   RW         3254    .bss.xActiveTimerList1  timers.o
    0x20000878        -       0x00000014   Zero   RW         3255    .bss.xActiveTimerList2  timers.o
    0x2000088c        -       0x00000014   Zero   RW         3201    .bss.xDelayedTaskList1  tasks.o
    0x200008a0        -       0x00000014   Zero   RW         3202    .bss.xDelayedTaskList2  tasks.o
    0x200008b4        -       0x00000004   Zero   RW         3197    .bss.xIdleTaskHandle  tasks.o
    0x200008b8        -       0x00000004   Zero   RW         3198    .bss.xNextTaskUnblockTime  tasks.o
    0x200008bc        -       0x00000004   Zero   RW         3200    .bss.xNumOfOverflows  tasks.o
    0x200008c0        -       0x00000004   Zero   RW         3199    .bss.xPendedTicks   tasks.o
    0x200008c4        -       0x00000014   Zero   RW         3196    .bss.xPendingReadyList  tasks.o
    0x200008d8        -       0x00000004   Zero   RW         3189    .bss.xSchedulerRunning  tasks.o
    0x200008dc        -       0x00000014   Zero   RW         3194    .bss.xSuspendedTaskList  tasks.o
    0x200008f0        -       0x00000014   Zero   RW         3186    .bss.xTasksWaitingTermination  tasks.o
    0x20000904        -       0x00000004   Zero   RW         3191    .bss.xTickCount     tasks.o
    0x20000908        -       0x00000004   Zero   RW         3249    .bss.xTimerQueue    timers.o
    0x2000090c        -       0x00000004   Zero   RW         3250    .bss.xTimerTaskHandle  timers.o
    0x20000910        -       0x00000004   Zero   RW         3195    .bss.xYieldPending  tasks.o
    0x20000914   COMPRESSED   0x00000004   PAD
    0x20000918        -       0x00004000   Zero   RW         2069    HEAP                startup_rvmdk.o
    0x20004918        -       0x00000100   Zero   RW         2068    STACK               startup_rvmdk.o


==============================================================================

Image component sizes


      Code (inc. data)   RO Data    RW Data    ZI Data      Debug   Object Name

       332        188          0          0          4      13872   exlib_exception.o
       102          0          0          0          0       4463   exlib_freertos.o
       232        108          4          0         24      13562   exlib_main.o
       102          0          0          0          0      16263   exlib_printstream.o
       112          0          0          0          0       2283   exlib_readstream.o
        36          0         24          0          0       2731   exlib_readstreambuffered.o
       448         72        159          0          8      20260   exlib_system.o
       494        168        140          0         96      25068   exlib_timer.o
       872         92        120          0         32      23758   exlib_uart.o
         8          0          0          0          0       6823   exlib_units.o
       100          0          0          0          0       2114   exlib_writestream.o
       504          0        144          0          0      14308   gpio.o
        56          0          0          0          0       1037   heap_3.o
       176          0         20        620          0       4819   interrupt.o
       150          0          0          0          0       2081   list.o
       426         40          4          0         84      15447   main.o
       790         16          0          4          5       3965   port.o
      1102          0          0          0          0      21102   queue.o
       676        640          0          0      16640        668   startup_rvmdk.o
       664         16        108          0          0      13568   sysctl.o
      3122          8          4          0        260      27710   tasks.o
       142          0          0          0          0       8699   timer.o
       820         18          0          0         60      10466   timers.o
       312          0        128          0          0       9800   uart.o
       478         16         86          0          0      16552   util_gpio.o
       628        144          0          0          0      20602   util_timer.o
      1800        616         16          0          0      18588   util_uart.o

    ----------------------------------------------------------------------
     14762       2142        992       1644      17224     320609   Object Totals
         0          0         32          0          0          0   (incl. Generated)
        78          0          3       1020         11          0   (incl. Padding)

    ----------------------------------------------------------------------

      Code (inc. data)   RO Data    RW Data    ZI Data      Debug   Library Member Name

        58          0          0          0          0          0   __dczerorl.o
         8          0          0          0          0         68   __main.o
       392          4         17          0          0         92   __printf_flags_ss_wp.o
        14          0          0          0          0         68   __printf_wp.o
         0          0          0          0          0          0   __rtentry.o
        12          0          0          0          0          0   __rtentry2.o
         6          0          0          0          0          0   __rtentry4.o
        52          8          0          0          0          0   __scatter.o
        28          0          0          0          0          0   __scatter_zi.o
        72          0          0          0          0         96   _c16rtomb.o
         6          0          0          0          0          0   _printf_a.o
         6          0          0          0          0          0   _printf_c.o
        44          0          0          0          0        108   _printf_char.o
        48          6          0          0          0         96   _printf_char_common.o
        40          0          0          0          0         68   _printf_charcount.o
         6          0          0          0          0          0   _printf_d.o
       120         16          0          0          0         92   _printf_dec.o
         6          0          0          0          0          0   _printf_e.o
         6          0          0          0          0          0   _printf_f.o
      1052          0          0          0          0        148   _printf_fp_dec.o
       764          8         38          0          0        100   _printf_fp_hex.o
       128         16          0          0          0         84   _printf_fp_infnan.o
         6          0          0          0          0          0   _printf_g.o
       148          4         40          0          0        160   _printf_hex_int_ll_ptr.o
         6          0          0          0          0          0   _printf_i.o
       178          0          0          0          0         88   _printf_intcommon.o
        10          0          0          0          0          0   _printf_l.o
         6          0          0          0          0          0   _printf_lc.o
        10          0          0          0          0          0   _printf_ll.o
         6          0          0          0          0          0   _printf_lld.o
         6          0          0          0          0          0   _printf_lli.o
         6          0          0          0          0          0   _printf_llo.o
         6          0          0          0          0          0   _printf_llu.o
         6          0          0          0          0          0   _printf_llx.o
       124         16          0          0          0         92   _printf_longlong_dec.o
         6          0          0          0          0          0   _printf_ls.o
         6          0          0          0          0          0   _printf_n.o
         6          0          0          0          0          0   _printf_o.o
       112          8          0          0          0        124   _printf_oct_int_ll.o
         6          0          0          0          0          0   _printf_p.o
        78          0          0          0          0        108   _printf_pad.o
         0          0          0          0          0          0   _printf_percent.o
         4          0          0          0          0          0   _printf_percent_end.o
         6          0          0          0          0          0   _printf_s.o
        82          0          0          0          0         80   _printf_str.o
        36          0          0          0          0         84   _printf_truncate.o
         6          0          0          0          0          0   _printf_u.o
        44          0          0          0          0        108   _printf_wchar.o
       188          6          8          0          0         92   _printf_wctomb.o
         6          0          0          0          0          0   _printf_x.o
        16          0          0          0          0         68   _snputc.o
        22          0          0          0          0         80   abort.o
        46          0          0          0          0         84   aeabi_atexit.o
        16          0          0          0          0         68   aeabi_memset4.o
       228          4        148          0          0         96   bigflt0.o
      1936        128          0          0          0        668   btod.o
        10          0          0          0          0         68   cxa_atexit.o
        66          0          0          0          0         84   cxa_finalize.o
        48         34          0          0          0         76   defsig_abrt_inner.o
        14          0          0          0          0         80   defsig_abrt_outer.o
        10          0          0          0          0         68   defsig_exit.o
        50          0          0          0          0         88   defsig_general.o
        80         58          0          0          0         76   defsig_rtmem_inner.o
        14          0          0          0          0         80   defsig_rtmem_outer.o
        18          0          0          0          0         80   exit.o
        94          0          0          0          0         80   h1_alloc.o
        52          0          0          0          0         68   h1_extend.o
        78          0          0          0          0         80   h1_free.o
        14          0          0          0          0         84   h1_init.o
         6          0          0          0          0        152   heapauxi.o
         4          0          0          0          0        136   hguard.o
         0          0          0          0          0          0   indicate_semi.o
        36          8          0          0          0         80   init_aeabi.o
       138          0          0          0          0        168   init_alloc.o
        44         10        272          0          0         76   lc_ctype_c.o
        44         10         28          0          0         76   lc_numeric_c.o
         2          0          0          0          0          0   libinit.o
        46          0          0          0          0          0   libinit2.o
         2          0          0          0          0          0   libshutdown.o
         8          0          0          0          0          0   libshutdown2.o
         8          4          0          0         96         68   libspace.o
       138          0          0          0          0         80   lludiv10.o
       240          0          0          0          0        100   lludivv7m.o
         0          0          0          0          0          0   maybetermalloc1.o
        16          4          0          0          0         76   rt_ctype_table.o
         8          4          0          0          0         68   rt_ddtor_pointer_addr_intlibspace.o
         8          4          0          0          0         68   rt_heap_descriptor_intlibspace.o
         8          4          0          0          0         68   rt_locale_intlibspace.o
        68          0          0          0          0         68   rt_memclr.o
        78          0          0          0          0         80   rt_memclr_w.o
       138          0          0          0          0         68   rt_memcpy_v6.o
       100          0          0          0          0         80   rt_memcpy_w.o
         2          0          0          0          0          0   rtexit.o
        10          0          0          0          0          0   rtexit2.o
       124          0          0          0          0         88   strcmpv7em.o
        12          4          0          0          0         68   sys_exit.o
        74          0          0          0          0         80   sys_stackheap_outer.o
        14          0          0          0          0         76   sys_wrch.o
         2          0          0          0          0         68   use_no_semi.o
        60          4          0          0          0         80   vsnprintf.o
        26          0          0          0          0        116   fpinit.o
         4          0          0          0          0        116   printf1.o
         4          0          0          0          0        116   printf2.o
         0          0          0          0          0          0   usenofp.o
        46          0          0          0          0        380   new.cpp.o
         4          0          0          0          0         36   abort_message.cpp.o
         0          0          0          0          4          0   cxa_default_handlers.cpp.o
        12          0          0          0          0        132   cxa_handlers.cpp.o
        40         32          0          0          0         52   cxa_virtual.cpp.o
        48          0          0          0          0        124   fpclassify.o

    ----------------------------------------------------------------------
      8418        404        552          0        100       7076   Library Totals
        12          0          1          0          0          0   (incl. Padding)

    ----------------------------------------------------------------------

      Code (inc. data)   RO Data    RW Data    ZI Data      Debug   Library Name

      8222        372        551          0         96       6004   c_w.l
        34          0          0          0          0        348   fz_wm.l
        46          0          0          0          0        380   libcpp_w.l
        56         32          0          0          4        220   libcppabi_w.l
        48          0          0          0          0        124   m_wm.l

    ----------------------------------------------------------------------
      8418        404        552          0        100       7076   Library Totals

    ----------------------------------------------------------------------

==============================================================================


      Code (inc. data)   RO Data    RW Data    ZI Data      Debug   

     23180       2546       1544       1644      17324     323573   Grand Totals
     23180       2546       1544         24      17324     323573   ELF Image Totals (compressed)
     23180       2546       1544         24          0          0   ROM Totals

==============================================================================

    Total RO  Size (Code + RO Data)                24724 (  24.14kB)
    Total RW  Size (RW Data + ZI Data)             18968 (  18.52kB)
    Total ROM Size (Code + RO Data + RW Data)      24748 (  24.17kB)

==============================================================================

