Component: Arm Compiler for Embedded 6.19 Tool: armlink [5e73cb00]

==============================================================================

Section Cross References

    adc.o(.text.ADCIntRegister) refers to adc.o(.text._ADCIntNumberGet) for _ADCIntNumberGet
    adc.o(.text.ADCIntRegister) refers to interrupt.o(.text.IntRegister) for IntRegister
    adc.o(.text.ADCIntRegister) refers to interrupt.o(.text.IntEnable) for IntEnable
    adc.o(.ARM.exidx.text.ADCIntRegister) refers to adc.o(.text.ADCIntRegister) for [Anonymous Symbol]
    adc.o(.ARM.exidx.text._ADCIntNumberGet) refers to adc.o(.text._ADCIntNumberGet) for [Anonymous Symbol]
    adc.o(.text.ADCIntUnregister) refers to adc.o(.text._ADCIntNumberGet) for _ADCIntNumberGet
    adc.o(.text.ADCIntUnregister) refers to interrupt.o(.text.IntDisable) for IntDisable
    adc.o(.text.ADCIntUnregister) refers to interrupt.o(.text.IntUnregister) for IntUnregister
    adc.o(.ARM.exidx.text.ADCIntUnregister) refers to adc.o(.text.ADCIntUnregister) for [Anonymous Symbol]
    adc.o(.ARM.exidx.text.ADCIntDisable) refers to adc.o(.text.ADCIntDisable) for [Anonymous Symbol]
    adc.o(.ARM.exidx.text.ADCIntEnable) refers to adc.o(.text.ADCIntEnable) for [Anonymous Symbol]
    adc.o(.ARM.exidx.text.ADCIntStatus) refers to adc.o(.text.ADCIntStatus) for [Anonymous Symbol]
    adc.o(.ARM.exidx.text.ADCIntClear) refers to adc.o(.text.ADCIntClear) for [Anonymous Symbol]
    adc.o(.ARM.exidx.text.ADCSequenceEnable) refers to adc.o(.text.ADCSequenceEnable) for [Anonymous Symbol]
    adc.o(.ARM.exidx.text.ADCSequenceDisable) refers to adc.o(.text.ADCSequenceDisable) for [Anonymous Symbol]
    adc.o(.ARM.exidx.text.ADCSequenceConfigure) refers to adc.o(.text.ADCSequenceConfigure) for [Anonymous Symbol]
    adc.o(.ARM.exidx.text.ADCSequenceStepConfigure) refers to adc.o(.text.ADCSequenceStepConfigure) for [Anonymous Symbol]
    adc.o(.ARM.exidx.text.ADCSequenceOverflow) refers to adc.o(.text.ADCSequenceOverflow) for [Anonymous Symbol]
    adc.o(.ARM.exidx.text.ADCSequenceOverflowClear) refers to adc.o(.text.ADCSequenceOverflowClear) for [Anonymous Symbol]
    adc.o(.ARM.exidx.text.ADCSequenceUnderflow) refers to adc.o(.text.ADCSequenceUnderflow) for [Anonymous Symbol]
    adc.o(.ARM.exidx.text.ADCSequenceUnderflowClear) refers to adc.o(.text.ADCSequenceUnderflowClear) for [Anonymous Symbol]
    adc.o(.ARM.exidx.text.ADCSequenceDataGet) refers to adc.o(.text.ADCSequenceDataGet) for [Anonymous Symbol]
    adc.o(.ARM.exidx.text.ADCProcessorTrigger) refers to adc.o(.text.ADCProcessorTrigger) for [Anonymous Symbol]
    adc.o(.text.ADCSoftwareOversampleConfigure) refers to adc.o(.bss.g_pui8OversampleFactor) for g_pui8OversampleFactor
    adc.o(.ARM.exidx.text.ADCSoftwareOversampleConfigure) refers to adc.o(.text.ADCSoftwareOversampleConfigure) for [Anonymous Symbol]
    adc.o(.text.ADCSoftwareOversampleStepConfigure) refers to adc.o(.bss.g_pui8OversampleFactor) for g_pui8OversampleFactor
    adc.o(.ARM.exidx.text.ADCSoftwareOversampleStepConfigure) refers to adc.o(.text.ADCSoftwareOversampleStepConfigure) for [Anonymous Symbol]
    adc.o(.text.ADCSoftwareOversampleDataGet) refers to adc.o(.bss.g_pui8OversampleFactor) for g_pui8OversampleFactor
    adc.o(.ARM.exidx.text.ADCSoftwareOversampleDataGet) refers to adc.o(.text.ADCSoftwareOversampleDataGet) for [Anonymous Symbol]
    adc.o(.ARM.exidx.text.ADCHardwareOversampleConfigure) refers to adc.o(.text.ADCHardwareOversampleConfigure) for [Anonymous Symbol]
    adc.o(.ARM.exidx.text.ADCComparatorConfigure) refers to adc.o(.text.ADCComparatorConfigure) for [Anonymous Symbol]
    adc.o(.ARM.exidx.text.ADCComparatorRegionSet) refers to adc.o(.text.ADCComparatorRegionSet) for [Anonymous Symbol]
    adc.o(.ARM.exidx.text.ADCComparatorReset) refers to adc.o(.text.ADCComparatorReset) for [Anonymous Symbol]
    adc.o(.ARM.exidx.text.ADCComparatorIntDisable) refers to adc.o(.text.ADCComparatorIntDisable) for [Anonymous Symbol]
    adc.o(.ARM.exidx.text.ADCComparatorIntEnable) refers to adc.o(.text.ADCComparatorIntEnable) for [Anonymous Symbol]
    adc.o(.ARM.exidx.text.ADCComparatorIntStatus) refers to adc.o(.text.ADCComparatorIntStatus) for [Anonymous Symbol]
    adc.o(.ARM.exidx.text.ADCComparatorIntClear) refers to adc.o(.text.ADCComparatorIntClear) for [Anonymous Symbol]
    adc.o(.ARM.exidx.text.ADCIntDisableEx) refers to adc.o(.text.ADCIntDisableEx) for [Anonymous Symbol]
    adc.o(.ARM.exidx.text.ADCIntEnableEx) refers to adc.o(.text.ADCIntEnableEx) for [Anonymous Symbol]
    adc.o(.ARM.exidx.text.ADCIntStatusEx) refers to adc.o(.text.ADCIntStatusEx) for [Anonymous Symbol]
    adc.o(.ARM.exidx.text.ADCIntClearEx) refers to adc.o(.text.ADCIntClearEx) for [Anonymous Symbol]
    adc.o(.ARM.exidx.text.ADCReferenceSet) refers to adc.o(.text.ADCReferenceSet) for [Anonymous Symbol]
    adc.o(.ARM.exidx.text.ADCReferenceGet) refers to adc.o(.text.ADCReferenceGet) for [Anonymous Symbol]
[...]
    g_ppui32UARTIntMapSnowflake              0x0000483c   Data          64  uart.o(.rodata.g_ppui32UARTIntMapSnowflake)
    [Anonymous Symbol]                       0x0000483c   Section        0  uart.o(.rodata.g_ppui32UARTIntMapSnowflake)
    g_pui32EnRegs                            0x0000487c   Data          20  interrupt.o(.rodata.g_pui32EnRegs)
    [Anonymous Symbol]                       0x0000487c   Section        0  interrupt.o(.rodata.g_pui32EnRegs)
    g_pui32GPIOBaseAddrs                     0x00004890   Data         144  gpio.o(.rodata.g_pui32GPIOBaseAddrs)
    [Anonymous Symbol]                       0x00004890   Section        0  gpio.o(.rodata.g_pui32GPIOBaseAddrs)
    g_pui32Xtals                             0x00004920   Data         108  sysctl.o(.rodata.g_pui32Xtals)
    [Anonymous Symbol]                       0x00004920   Section        0  sysctl.o(.rodata.g_pui32Xtals)
    .L.str.1                                 0x0000498c   Data          42  exlib_exception.o(.rodata.str1.1)
    [Anonymous Symbol]                       0x0000498c   Section        0  exlib_exception.o(.rodata.str1.1)
    .L.str.2                                 0x000049b6   Data          31  exlib_exception.o(.rodata.str1.1)
    .L.str                                   0x000049d5   Data          33  exlib_exception.o(.rodata.str1.1)
    .L.str.1                                 0x000049f6   Data          27  exlib_uart.o(.rodata.str1.1)
    [Anonymous Symbol]                       0x000049f6   Section        0  exlib_uart.o(.rodata.str1.1)
    .L.str                                   0x00004a11   Data          61  exlib_uart.o(.rodata.str1.1)
    .L.str                                   0x00004a4e   Data          15  util_i2c.o(.rodata.str1.1)
    [Anonymous Symbol]                       0x00004a4e   Section        0  util_i2c.o(.rodata.str1.1)
    .L.str.1                                 0x00004a5d   Data          20  util_i2c.o(.rodata.str1.1)
    .L.str.4                                 0x00004a71   Data          14  util_uart.o(.rodata.str1.1)
    [Anonymous Symbol]                       0x00004a71   Section        0  util_uart.o(.rodata.str1.1)
    .L.str                                   0x00004a7f   Data          16  util_uart.o(.rodata.str1.1)
    .L.str.1                                 0x00004a8f   Data          20  util_uart.o(.rodata.str1.1)
    .L.str.2                                 0x00004aa3   Data          18  util_uart.o(.rodata.str1.1)
    .L.str.3                                 0x00004ab5   Data          16  util_uart.o(.rodata.str1.1)
    .L.str                                   0x00004ac5   Data          14  util_gpio.o(.rodata.str1.1)
    [Anonymous Symbol]                       0x00004ac5   Section        0  util_gpio.o(.rodata.str1.1)
    .L.str                                   0x00004ad3   Data          24  exlib_hardwarepwm.o(.rodata.str1.1)
    .L.str.1                                 0x00004ad3   Data          13  util_gpio.o(.rodata.str1.1)
    [Anonymous Symbol]                       0x00004ad3   Section        0  exlib_hardwarepwm.o(.rodata.str1.1)
    .L.str.2                                 0x00004ae0   Data          14  util_gpio.o(.rodata.str1.1)
    .L.str                                   0x00004aeb   Data          23  util_hardwarepwm.o(.rodata.str1.1)
    [Anonymous Symbol]                       0x00004aeb   Section        0  util_hardwarepwm.o(.rodata.str1.1)
    .L.str.1                                 0x00004b02   Data         159  exlib_system.o(.rodata.str1.1)
    [Anonymous Symbol]                       0x00004b02   Section        0  exlib_system.o(.rodata.str1.1)
    .L.str                                   0x00004ba1   Data          44  exlib_system.o(.rodata.str1.1)
    .L.str                                   0x00004bcd   Data          16  exlib_i2c.o(.rodata.str1.1)
    [Anonymous Symbol]                       0x00004bcd   Section        0  exlib_i2c.o(.rodata.str1.1)
    .L.str                                   0x00004bdd   Data          15  main.o(.rodata.str1.1)
    [Anonymous Symbol]                       0x00004bdd   Section        0  main.o(.rodata.str1.1)
    .L.str.6                                 0x00004bec   Data           4  main.o(.rodata.str1.1)
    .init_array                              0x00004c14   Section        0  init_aeabi.o(.init_array)
    g_pfnRAMVectors                          0x20000000   Data         620  interrupt.o(vtable)
    [Anonymous Symbol]                       0x20000000   Section        0  interrupt.o(vtable)
    .bss                                     0x20000270   Section       96  libspace.o(.bss)
    HeapMem                                  0x20000348   Data           0  startup_rvmdk.o(HEAP)
    HEAP                                     0x20000348   Section     4096  startup_rvmdk.o(HEAP)
    StackMem                                 0x20001348   Data           0  startup_rvmdk.o(STACK)
    STACK                                    0x20001348   Section      256  startup_rvmdk.o(STACK)

    Global Symbols

    Symbol Name                              Value     Ov Type        Size  Object(Section)

    BuildAttributes$$THM_ISAv4$E$P$D$K$B$S$7EM$VFPi3$EXTD16$VFPS$VFMA$PE$A:L22UL41UL21$X:L11$S22US41US21$IEEE1$IW$~IW$USESV6$~STKCKD$USESV7$~SHL$OTIME$ROPI$EBA8$UX$STANDARDLIB$REQ8$PRES8$EABIv2 0x00000000   Number         0  anon$$obj.o ABSOLUTE
    __Vectors                                0x00000000   Data           0  startup_rvmdk.o(RESET)
    __dso_handle                             0x00000000   Number         0  startup_rvmdk.o(RESET)
    __ARM_exceptions_init                     - Undefined Weak Reference
    __alloca_initialize                       - Undefined Weak Reference
    __arm_preinit_                            - Undefined Weak Reference
    __arm_relocate_pie_                       - Undefined Weak Reference
    __rt_locale                               - Undefined Weak Reference
    __sigvec_lookup                           - Undefined Weak Reference
    __user_heap_extent                        - Undefined Weak Reference
    _atexit_init                              - Undefined Weak Reference
    _call_atexit_fns                          - Undefined Weak Reference
    _clock_init                               - Undefined Weak Reference
    _fp_trap_init                             - Undefined Weak Reference
    _fp_trap_shutdown                         - Undefined Weak Reference
    _get_lc_collate                           - Undefined Weak Reference
    _get_lc_ctype                             - Undefined Weak Reference
    _get_lc_monetary                          - Undefined Weak Reference
    _get_lc_numeric                           - Undefined Weak Reference
    _get_lc_time                              - Undefined Weak Reference
    _getenv_init                              - Undefined Weak Reference
    _handle_redirection                       - Undefined Weak Reference
    _initio                                   - Undefined Weak Reference
    _mutex_acquire                            - Undefined Weak Reference
    _mutex_free                               - Undefined Weak Reference
    _mutex_release                            - Undefined Weak Reference
    _rand_init                                - Undefined Weak Reference
    _signal_finish                            - Undefined Weak Reference
    _signal_init                              - Undefined Weak Reference
    _terminateio                              - Undefined Weak Reference
    Reset_Handler                            0x0000026d   Thumb Code     0  startup_rvmdk.o(RESET)
    __main                                   0x00000289   Thumb Code     8  __main.o(!!!main)
    __scatterload                            0x00000291   Thumb Code     0  __scatter.o(!!!scatter)
    __scatterload_rt2                        0x00000291   Thumb Code    44  __scatter.o(!!!scatter)
    __scatterload_rt2_thumb_only             0x00000291   Thumb Code     0  __scatter.o(!!!scatter)
    __scatterload_null                       0x0000029f   Thumb Code     0  __scatter.o(!!!scatter)
    __decompress                             0x000002c5   Thumb Code    58  __dczerorl.o(!!dczerorl)
    __decompress0                            0x000002c5   Thumb Code     0  __dczerorl.o(!!dczerorl)
    __scatterload_zeroinit                   0x00000301   Thumb Code    28  __scatter_zi.o(!!handler_zi)
    __rt_lib_init                            0x0000031d   Thumb Code     0  libinit.o(.ARM.Collect$$libinit$$00000000)
    __rt_lib_init_fp_1                       0x0000031f   Thumb Code     0  libinit2.o(.ARM.Collect$$libinit$$00000001)
    __rt_lib_init_heap_2                     0x00000323   Thumb Code     0  libinit2.o(.ARM.Collect$$libinit$$00000007)
    __rt_lib_init_preinit_1                  0x00000323   Thumb Code     0  libinit2.o(.ARM.Collect$$libinit$$00000006)
    __rt_lib_init_relocate_pie_1             0x00000323   Thumb Code     0  libinit2.o(.ARM.Collect$$libinit$$00000004)
    __rt_lib_init_alloca_1                   0x0000032b   Thumb Code     0  libinit2.o(.ARM.Collect$$libinit$$00000030)
    __rt_lib_init_argv_1                     0x0000032b   Thumb Code     0  libinit2.o(.ARM.Collect$$libinit$$0000002E)
    __rt_lib_init_atexit_1                   0x0000032b   Thumb Code     0  libinit2.o(.ARM.Collect$$libinit$$0000001D)
    __rt_lib_init_clock_1                    0x0000032b   Thumb Code     0  libinit2.o(.ARM.Collect$$libinit$$00000023)
    __rt_lib_init_cpp_2                      0x0000032b   Thumb Code     0  libinit2.o(.ARM.Collect$$libinit$$00000033)
    __rt_lib_init_exceptions_1               0x0000032b   Thumb Code     0  libinit2.o(.ARM.Collect$$libinit$$00000032)
    __rt_lib_init_fp_trap_1                  0x0000032b   Thumb Code     0  libinit2.o(.ARM.Collect$$libinit$$00000021)
    __rt_lib_init_getenv_1                   0x0000032b   Thumb Code     0  libinit2.o(.ARM.Collect$$libinit$$00000025)
    __rt_lib_init_heap_1                     0x0000032b   Thumb Code     0  libinit2.o(.ARM.Collect$$libinit$$0000000C)
    __rt_lib_init_lc_collate_1               0x0000032b   Thumb Code     0  libinit2.o(.ARM.Collect$$libinit$$00000013)
    __rt_lib_init_lc_ctype_1                 0x0000032b   Thumb Code     0  libinit2.o(.ARM.Collect$$libinit$$00000015)
    __rt_lib_init_lc_monetary_1              0x0000032b   Thumb Code     0  libinit2.o(.ARM.Collect$$libinit$$00000017)
    __rt_lib_init_lc_numeric_1               0x0000032b   Thumb Code     0  libinit2.o(.ARM.Collect$$libinit$$00000019)
    __rt_lib_init_lc_time_1                  0x0000032b   Thumb Code     0  libinit2.o(.ARM.Collect$$libinit$$0000001B)
    __rt_lib_init_rand_1                     0x0000032b   Thumb Code     0  libinit2.o(.ARM.Collect$$libinit$$00000010)
    __rt_lib_init_signal_1                   0x0000032b   Thumb Code     0  libinit2.o(.ARM.Collect$$libinit$$0000001F)
    __rt_lib_init_stdio_1                    0x0000032b   Thumb Code     0  libinit2.o(.ARM.Collect$$libinit$$00000027)
    __rt_lib_init_user_alloc_1               0x0000032b   Thumb Code     0  libinit2.o(.ARM.Collect$$libinit$$0000000E)
    __rt_lib_init_cpp_1                      0x0000032f   Thumb Code     0  libinit2.o(.ARM.Collect$$libinit$$00000034)
    __rt_lib_init_return                     0x0000032f   Thumb Code     0  libinit2.o(.ARM.Collect$$libinit$$00000035)
    __rt_lib_shutdown                        0x00000331   Thumb Code     0  libshutdown.o(.ARM.Collect$$libshutdown$$00000000)
    __rt_lib_shutdown_cpp_2                  0x00000333   Thumb Code     0  libshutdown2.o(.ARM.Collect$$libshutdown$$00000001)
    __rt_lib_shutdown_cpp_1                  0x00000339   Thumb Code     0  libshutdown2.o(.ARM.Collect$$libshutdown$$00000002)
    __rt_lib_shutdown_fp_trap_1              0x00000339   Thumb Code     0  libshutdown2.o(.ARM.Collect$$libshutdown$$00000007)
    __rt_lib_shutdown_heap_1                 0x00000339   Thumb Code     0  libshutdown2.o(.ARM.Collect$$libshutdown$$0000000F)
    __rt_lib_shutdown_return                 0x00000339   Thumb Code     0  libshutdown2.o(.ARM.Collect$$libshutdown$$00000010)
    __rt_lib_shutdown_signal_1               0x00000339   Thumb Code     0  libshutdown2.o(.ARM.Collect$$libshutdown$$0000000A)
    __rt_lib_shutdown_stdio_1                0x00000339   Thumb Code     0  libshutdown2.o(.ARM.Collect$$libshutdown$$00000004)
    __rt_lib_shutdown_user_alloc_1           0x00000339   Thumb Code     0  libshutdown2.o(.ARM.Collect$$libshutdown$$0000000C)
    __rt_entry                               0x0000033b   Thumb Code     0  __rtentry.o(.ARM.Collect$$rtentry$$00000000)
    __rt_entry_presh_1                       0x0000033b   Thumb Code     0  __rtentry2.o(.ARM.Collect$$rtentry$$00000002)
    __rt_entry_sh                            0x0000033b   Thumb Code     0  __rtentry4.o(.ARM.Collect$$rtentry$$00000004)
    __rt_entry_li                            0x00000341   Thumb Code     0  __rtentry2.o(.ARM.Collect$$rtentry$$0000000A)
    __rt_entry_postsh_1                      0x00000341   Thumb Code     0  __rtentry2.o(.ARM.Collect$$rtentry$$00000009)
    __rt_entry_main                          0x00000345   Thumb Code     0  __rtentry2.o(.ARM.Collect$$rtentry$$0000000D)
    __rt_entry_postli_1                      0x00000345   Thumb Code     0  __rtentry2.o(.ARM.Collect$$rtentry$$0000000C)
    __rt_exit                                0x0000034d   Thumb Code     0  rtexit.o(.ARM.Collect$$rtexit$$00000000)
    __rt_exit_ls                             0x0000034f   Thumb Code     0  rtexit2.o(.ARM.Collect$$rtexit$$00000003)
    __rt_exit_prels_1                        0x0000034f   Thumb Code     0  rtexit2.o(.ARM.Collect$$rtexit$$00000002)
    __rt_exit_exit                           0x00000353   Thumb Code     0  rtexit2.o(.ARM.Collect$$rtexit$$00000004)
    __user_initial_stackheap                 0x00000359   Thumb Code     0  startup_rvmdk.o(.text)
    __aeabi_uldivmod                         0x00000375   Thumb Code     0  lludivv7m.o(.text)
    _ll_udiv                                 0x00000375   Thumb Code   240  lludivv7m.o(.text)
    __aeabi_ldivmod                          0x00000465   Thumb Code     0  llsdiv.o(.text)
    _ll_sdiv                                 0x00000465   Thumb Code   116  llsdiv.o(.text)
    __cxa_atexit                             0x000004d9   Thumb Code    10  cxa_atexit.o(.text)
    __use_two_region_memory                  0x000004e3   Thumb Code     2  heapauxi.o(.text)
    __rt_heap_escrow                         0x000004e5   Thumb Code     2  heapauxi.o(.text)
    __rt_heap_expand                         0x000004e7   Thumb Code     2  heapauxi.o(.text)
    __cpp_initialize__aeabi_                 0x000004e9   Thumb Code    28  init_aeabi.o(.text)
    malloc                                   0x0000050d   Thumb Code    94  h1_alloc.o(.text)
    free                                     0x0000056b   Thumb Code    78  h1_free.o(.text)
    abort                                    0x000005b9   Thumb Code    22  abort.o(.text)
    __aeabi_atexit                           0x000005cf   Thumb Code    46  aeabi_atexit.o(.text)
    _sys_exit                                0x000005fd   Thumb Code     8  sys_exit.o(.text)
    __rt_heap_descriptor                     0x00000609   Thumb Code     8  rt_heap_descriptor_intlibspace.o(.text)
    __rt_ddtor_pointer_addr                  0x00000611   Thumb Code     8  rt_ddtor_pointer_addr_intlibspace.o(.text)
    __use_no_heap                            0x00000619   Thumb Code     2  hguard.o(.text)
    __heap$guard                             0x0000061b   Thumb Code     2  hguard.o(.text)
    _terminate_user_alloc                    0x0000061d   Thumb Code     2  init_alloc.o(.text)
    _init_user_alloc                         0x0000061f   Thumb Code     2  init_alloc.o(.text)
    __Heap_Full                              0x00000621   Thumb Code    34  init_alloc.o(.text)
    __Heap_Broken                            0x00000643   Thumb Code     6  init_alloc.o(.text)
    _init_alloc                              0x00000649   Thumb Code    94  init_alloc.o(.text)
    __Heap_Initialize                        0x000006a7   Thumb Code    10  h1_init.o(.text)
    __Heap_DescSize                          0x000006b1   Thumb Code     4  h1_init.o(.text)
    __cxa_finalize                           0x000006b5   Thumb Code    66  cxa_finalize.o(.text)
    __rt_SIGABRT                             0x000006f7   Thumb Code    14  defsig_abrt_outer.o(.text)
    __user_libspace                          0x00000705   Thumb Code     8  libspace.o(.text)
    __user_perproc_libspace                  0x00000705   Thumb Code     0  libspace.o(.text)
    __user_perthread_libspace                0x00000705   Thumb Code     0  libspace.o(.text)
    __I$use$semihosting                      0x0000070d   Thumb Code     0  use_no_semi.o(.text)
    __use_no_semihosting_swi                 0x0000070d   Thumb Code     2  use_no_semi.o(.text)
    __semihosting_library_function           0x0000070f   Thumb Code     0  indicate_semi.o(.text)
    __user_setup_stackheap                   0x0000070f   Thumb Code    74  sys_stackheap_outer.o(.text)
    __Heap_ProvideMemory                     0x00000759   Thumb Code    52  h1_extend.o(.text)
    _maybe_terminate_alloc                   0x00000759   Thumb Code     0  maybetermalloc1.o(.text)
    exit                                     0x0000078d   Thumb Code    18  exit.o(.text)
    __sig_exit                               0x0000079f   Thumb Code    10  defsig_exit.o(.text)
    __rt_SIGABRT_inner                       0x000007a9   Thumb Code    14  defsig_abrt_inner.o(.text)
    __rt_SIGRTMEM                            0x000007d9   Thumb Code    14  defsig_rtmem_outer.o(.text)
    __default_signal_display                 0x000007e7   Thumb Code    50  defsig_general.o(.text)
    __rt_SIGRTMEM_inner                      0x00000819   Thumb Code    22  defsig_rtmem_inner.o(.text)
    _ttywrch                                 0x00000869   Thumb Code    14  sys_wrch.o(.text)
    GPIODirModeSet                           0x00000879   Thumb Code   116  gpio.o(.text.GPIODirModeSet)
    GPIOPadConfigSet                         0x000008ed   Thumb Code   826  gpio.o(.text.GPIOPadConfigSet)
    GPIOPinConfigure                         0x00000c29   Thumb Code   108  gpio.o(.text.GPIOPinConfigure)
    I2CMasterBusy                            0x00000c95   Thumb Code    38  i2c.o(.text.I2CMasterBusy)
    I2CMasterControl                         0x00000cbd   Thumb Code    16  i2c.o(.text.I2CMasterControl)
    I2CMasterDataGet                         0x00000ccd   Thumb Code    12  i2c.o(.text.I2CMasterDataGet)
    I2CMasterDataPut                         0x00000cd9   Thumb Code    20  i2c.o(.text.I2CMasterDataPut)
    I2CMasterEnable                          0x00000ced   Thumb Code    18  i2c.o(.text.I2CMasterEnable)
    I2CMasterInitExpClk                      0x00000d01   Thumb Code   144  i2c.o(.text.I2CMasterInitExpClk)
    I2CMasterSlaveAddrSet                    0x00000d91   Thumb Code    36  i2c.o(.text.I2CMasterSlaveAddrSet)
    IntEnable                                0x00000db5   Thumb Code   160  interrupt.o(.text.IntEnable)
    IntRegister                              0x00000e55   Thumb Code   128  interrupt.o(.text.IntRegister)
    PWMGenConfigure                          0x00000ed5   Thumb Code    80  pwm.o(.text.PWMGenConfigure)
    PWMGenEnable                             0x00000f25   Thumb Code    22  pwm.o(.text.PWMGenEnable)
    PWMGenPeriodGet                          0x00000f3d   Thumb Code    52  pwm.o(.text.PWMGenPeriodGet)
    PWMGenPeriodSet                          0x00000f71   Thumb Code    52  pwm.o(.text.PWMGenPeriodSet)
    PWMOutputState                           0x00000fa5   Thumb Code    48  pwm.o(.text.PWMOutputState)
    PWMPulseWidthSet                         0x00000fd5   Thumb Code    84  pwm.o(.text.PWMPulseWidthSet)
    SysCtlClockGet                           0x00001029   Thumb Code   620  sysctl.o(.text.SysCtlClockGet)
    SysCtlClockSet                           0x00001295   Thumb Code   590  sysctl.o(.text.SysCtlClockSet)
    SysCtlDelay                              0x000014e5   Thumb Code    22  sysctl.o(.text.SysCtlDelay)
    SysCtlPWMClockSet                        0x000014fd   Thumb Code    28  sysctl.o(.text.SysCtlPWMClockSet)
    SysCtlPeripheralDisable                  0x00001519   Thumb Code    34  sysctl.o(.text.SysCtlPeripheralDisable)
    SysCtlPeripheralEnable                   0x0000153d   Thumb Code    34  sysctl.o(.text.SysCtlPeripheralEnable)
    SysCtlPeripheralReady                    0x00001561   Thumb Code    38  sysctl.o(.text.SysCtlPeripheralReady)
    UARTCharGetNonBlocking                   0x00001589   Thumb Code    38  uart.o(.text.UARTCharGetNonBlocking)
    UARTCharPut                              0x000015b1   Thumb Code    36  uart.o(.text.UARTCharPut)
    UARTCharsAvail                           0x000015d5   Thumb Code    22  uart.o(.text.UARTCharsAvail)
    UARTClockSourceSet                       0x000015ed   Thumb Code    18  uart.o(.text.UARTClockSourceSet)
    UARTConfigSetExpClk                      0x00001601   Thumb Code   116  uart.o(.text.UARTConfigSetExpClk)
    UARTDisable                              0x00001675   Thumb Code    46  uart.o(.text.UARTDisable)
    UARTEnable                               0x000016a5   Thumb Code    30  uart.o(.text.UARTEnable)
    UARTFIFOEnable                           0x000016c5   Thumb Code    18  uart.o(.text.UARTFIFOEnable)
    UARTFIFOLevelSet                         0x000016d9   Thumb Code    22  uart.o(.text.UARTFIFOLevelSet)
    UARTIntClear                             0x000016f1   Thumb Code    16  uart.o(.text.UARTIntClear)
    UARTIntEnable                            0x00001701   Thumb Code    20  uart.o(.text.UARTIntEnable)
    UARTIntRegister                          0x00001715   Thumb Code    34  uart.o(.text.UARTIntRegister)
    UARTIntStatus                            0x00001739   Thumb Code    40  uart.o(.text.UARTIntStatus)
    ExLib::BufferFIFO<char>::write(char)     0x00001801   Thumb Code   186  exlib_uart.o(.text._ZN5ExLib10BufferFIFOIcE5writeEc)
    ExLib::BufferFIFO<char>::avaliable()     0x000018bd   Thumb Code    52  exlib_readstreambuffered.o(.text._ZN5ExLib10BufferFIFOIcE9avaliableEv)
    ExLib::BufferFIFO<char>::BufferFIFO__sub_object(char*, unsigned int, ExLib::BufferFIFO_WriteMode) 0x000018f1   Thumb Code    34  exlib_uart.o(.text._ZN5ExLib10BufferFIFOIcEC2EPcjNS_20BufferFIFO_WriteModeE)
    ExLib::BufferFIFO<char>::BufferFIFO__sub_object(unsigned int, ExLib::BufferFIFO_WriteMode) 0x00001915   Thumb Code    42  exlib_uart.o(.text._ZN5ExLib10BufferFIFOIcEC2EjNS_20BufferFIFO_WriteModeE)
    ExLib::ExLib_Init()                      0x00001941   Thumb Code     8  exlib_main.o(.text._ZN5ExLib10ExLib_InitEv)
    ExLib::ReadStream::avaliableForRead()    0x00001949   Thumb Code    10  exlib_readstream.o(.text._ZN5ExLib10ReadStream16avaliableForReadEv)
    ExLib::ReadStream::read(char*, unsigned int) 0x00001955   Thumb Code    84  exlib_readstream.o(.text._ZN5ExLib10ReadStream4readEPcj)
    ExLib::ReadStream::readUntil(char*, char) 0x000019a9   Thumb Code    88  exlib_readstream.o(.text._ZN5ExLib10ReadStream9readUntilEPcc)
    ExLib::ReadStream::ReadStream__sub_object() 0x00001a01   Thumb Code    22  exlib_readstreambuffered.o(.text._ZN5ExLib10ReadStreamC2Ev)
    ExLib::ScanStream::ScanStream__sub_object(ExLib::BufferFIFO<char>&) 0x00001a19   Thumb Code    36  exlib_uart.o(.text._ZN5ExLib10ScanStreamC2ERNS_10BufferFIFOIcEE)
    ExLib::HardwarePWM::registerChannel(unsigned int, ExLib::GPIO_Pin) 0x00001a3d   Thumb Code    94  exlib_hardwarepwm.o(.text._ZN5ExLib11HardwarePWM15registerChannelEjNS_8GPIO_PinE)
    ExLib::HardwarePWM::setDuty(unsigned int, ExLib::Precent) 0x00001a9d   Thumb Code    74  exlib_hardwarepwm.o(.text._ZN5ExLib11HardwarePWM7setDutyEjNS_7PrecentE)
    ExLib::HardwarePWM::setCycle(ExLib::TimeInterval) 0x00001ae9   Thumb Code    60  exlib_hardwarepwm.o(.text._ZN5ExLib11HardwarePWM8setCycleENS_12TimeIntervalE)
    ExLib::HardwarePWM::HardwarePWM(ExLib::HardwarePWM_Periph, ExLib::TimeInterval) 0x00001b25   Thumb Code   116  exlib_hardwarepwm.o(.text._ZN5ExLib11HardwarePWMC2ENS_18HardwarePWM_PeriphENS_12TimeIntervalE)
    ExLib::HardwarePWM::HardwarePWM__sub_object(ExLib::HardwarePWM_Periph, ExLib::TimeInterval) 0x00001b25   Thumb Code   116  exlib_hardwarepwm.o(.text._ZN5ExLib11HardwarePWMC2ENS_18HardwarePWM_PeriphENS_12TimeIntervalE)
    ExLib::HardwarePWM::operator ExLib::HardwarePWM_Periph() 0x00001b99   Thumb Code    20  exlib_hardwarepwm.o(.text._ZN5ExLib11HardwarePWMcvNS_18HardwarePWM_PeriphEEv)
    ExLib::PWM_Channel::setDuty(ExLib::Precent) 0x00001bad   Thumb Code    30  exlib_pwm.o(.text._ZN5ExLib11PWM_Channel7setDutyENS_7PrecentE)
    ExLib::PWM_Channel::PWM_Channel(ExLib::PWM_Generator&, unsigned int, ExLib::GPIO_Pin) 0x00001bcd   Thumb Code    46  exlib_pwm.o(.text._ZN5ExLib11PWM_ChannelC2ERNS_13PWM_GeneratorEjNS_8GPIO_PinE)
    ExLib::PWM_Channel::PWM_Channel__sub_object(ExLib::PWM_Generator&, unsigned int, ExLib::GPIO_Pin) 0x00001bcd   Thumb Code    46  exlib_pwm.o(.text._ZN5ExLib11PWM_ChannelC2ERNS_13PWM_GeneratorEjNS_8GPIO_PinE)
    unsigned int ExLib::PrintStream::printInteger<unsigned int>(unsigned int, unsigned char) 0x00001bfd   Thumb Code   336  main.o(.text._ZN5ExLib11PrintStream12printIntegerIjEEjT_h)
    unsigned int ExLib::PrintStream::getIntegerDigits<unsigned int>(unsigned int, unsigned char) 0x00001d4d   Thumb Code    82  main.o(.text._ZN5ExLib11PrintStream16getIntegerDigitsIjEEjT_h)
    ExLib::PrintStream::getNumberCharInBase(unsigned char, unsigned char) 0x00001da1   Thumb Code    82  exlib_printstream.o(.text._ZN5ExLib11PrintStream19getNumberCharInBaseEhh)
    ExLib::PrintStream::print(char const*)   0x00001df5   Thumb Code    24  exlib_exception.o(.text._ZN5ExLib11PrintStream5printEPKc)
    unsigned int ExLib::PrintStream::print<unsigned int, false>(unsigned int, unsigned char) 0x00001e0d   Thumb Code    28  main.o(.text._ZN5ExLib11PrintStream5printIjLb0EEEjT_h)
    ExLib::PrintStream::println(char const*) 0x00001e29   Thumb Code    48  exlib_exception.o(.text._ZN5ExLib11PrintStream7printlnEPKc)
    ExLib::PrintStream::PrintStream__sub_object() 0x00001e59   Thumb Code    32  exlib_uart.o(.text._ZN5ExLib11PrintStreamC2Ev)
    ExLib::PrintStream::~PrintStream__deallocating() 0x00001e79   Thumb Code     6  exlib_uart.o(.text._ZN5ExLib11PrintStreamD0Ev)
    ExLib::PrintStream::~PrintStream__sub_object() 0x00001e81   Thumb Code    10  exlib_uart.o(.text._ZN5ExLib11PrintStreamD2Ev)
    ExLib::WriteStream::writeUntil(char const*, char) 0x00001e8d   Thumb Code    84  exlib_writestream.o(.text._ZN5ExLib11WriteStream10writeUntilEPKcc)
    ExLib::WriteStream::avaliableForWrite()  0x00001ee1   Thumb Code    10  exlib_uart.o(.text._ZN5ExLib11WriteStream17avaliableForWriteEv)
    ExLib::WriteStream::write(char const*, unsigned int) 0x00001eed   Thumb Code    80  exlib_writestream.o(.text._ZN5ExLib11WriteStream5writeEPKcj)
    ExLib::WriteStream::WriteStream__sub_object() 0x00001f3d   Thumb Code    22  exlib_uart.o(.text._ZN5ExLib11WriteStreamC2Ev)
    ExLib::TimeInterval::TimeInterval(unsigned int) 0x00001f55   Thumb Code    16  exlib_units.o(.text._ZN5ExLib12TimeIntervalC2Ej)
    ExLib::TimeInterval::TimeInterval__sub_object(unsigned int) 0x00001f55   Thumb Code    16  exlib_units.o(.text._ZN5ExLib12TimeIntervalC2Ej)
    ExLib::configI2CPin(unsigned int, ExLib::GPIO_Pin, ExLib::GPIO_Pin) 0x00001f65   Thumb Code   158  util_i2c.o(.text._ZN5ExLib12configI2CPinEjNS_8GPIO_PinES0_)
    ExLib::PWM_Generator::PWM_Generator__sub_object() 0x00002005   Thumb Code    22  exlib_hardwarepwm.o(.text._ZN5ExLib13PWM_GeneratorC2Ev)
    ExLib::configUARTPin(unsigned int, ExLib::GPIO_Pin, ExLib::GPIO_Pin) 0x0000201d   Thumb Code   160  util_uart.o(.text._ZN5ExLib13configUARTPinEjNS_8GPIO_PinES0_)
    ExLib::isLegalI2CPin(unsigned int, ExLib::GPIO_Pin, ExLib::GPIO_Pin) 0x000020bd   Thumb Code   392  util_i2c.o(.text._ZN5ExLib13isLegalI2CPinEjNS_8GPIO_PinES0_)
    ExLib::configHWPWMPin(ExLib::HardwarePWM_Periph, ExLib::GPIO_Pin) 0x00002245   Thumb Code    86  util_hardwarepwm.o(.text._ZN5ExLib14configHWPWMPinENS_18HardwarePWM_PeriphENS_8GPIO_PinE)
    ExLib::configI2CClock(ExLib::I2C_Periph, bool) 0x0000229d   Thumb Code   128  util_i2c.o(.text._ZN5ExLib14configI2CClockENS_10I2C_PeriphEb)
    ExLib::isLegalUARTPin(unsigned int, ExLib::GPIO_Pin, ExLib::GPIO_Pin) 0x0000231d   Thumb Code   680  util_uart.o(.text._ZN5ExLib14isLegalUARTPinEjNS_8GPIO_PinES0_)
    ExLib::configUARTState(unsigned int, bool) 0x000025c5   Thumb Code   280  util_uart.o(.text._ZN5ExLib15configUARTStateEjb)
    ExLib::enableGPIOClock(unsigned int)     0x000026dd   Thumb Code   554  util_gpio.o(.text._ZN5ExLib15enableGPIOClockEj)
    ExLib::isLegalHWPWMPin(unsigned int, unsigned int, unsigned int, ExLib::GPIO_Pin) 0x00002909   Thumb Code   588  util_hardwarepwm.o(.text._ZN5ExLib15isLegalHWPWMPinEjjjNS_8GPIO_PinE)
    ExLib::CallbackFunction::call()          0x00002b55   Thumb Code    18  exlib_uart.o(.text._ZN5ExLib16CallbackFunction4callEv)
    ExLib::enableHWPWMClock(ExLib::HardwarePWM_Periph) 0x00002b69   Thumb Code    90  util_hardwarepwm.o(.text._ZN5ExLib16enableHWPWMClockENS_18HardwarePWM_PeriphE)
    ExLib::getGPIOPinByName(ExLib::GPIO_Pin) 0x00002bc5   Thumb Code    30  util_gpio.o(.text._ZN5ExLib16getGPIOPinByNameENS_8GPIO_PinE)
    ExLib::getUARTIntByName(ExLib::UART_Periph) 0x00002be5   Thumb Code    52  util_uart.o(.text._ZN5ExLib16getUARTIntByNameENS_11UART_PeriphE)
    ExLib::getGPIOPortByName(ExLib::GPIO_Pin) 0x00002c19   Thumb Code    58  util_gpio.o(.text._ZN5ExLib17getGPIOPortByNameENS_8GPIO_PinE)
    ExLib::ReadStreamBuffered::avaliableForRead() 0x00002c55   Thumb Code    18  exlib_readstreambuffered.o(.text._ZN5ExLib18ReadStreamBuffered16avaliableForReadEv)
    ExLib::ReadStreamBuffered::read(char&)   0x00002c69   Thumb Code    12  exlib_readstreambuffered.o(.text._ZN5ExLib18ReadStreamBuffered4readERc)
    ExLib::ReadStreamBuffered::ReadStreamBuffered(ExLib::BufferFIFO<char>&) 0x00002c75   Thumb Code    38  exlib_readstreambuffered.o(.text._ZN5ExLib18ReadStreamBufferedC2ERNS_10BufferFIFOIcEE)
    ExLib::ReadStreamBuffered::ReadStreamBuffered__sub_object(ExLib::BufferFIFO<char>&) 0x00002c75   Thumb Code    38  exlib_readstreambuffered.o(.text._ZN5ExLib18ReadStreamBufferedC2ERNS_10BufferFIFOIcEE)
    ExLib::getI2CNameByPeriph(unsigned int)  0x00002c9d   Thumb Code   176  util_i2c.o(.text._ZN5ExLib18getI2CNameByPeriphEj)
    ExLib::getI2CPeriphByName(ExLib::I2C_Periph) 0x00002d4d   Thumb Code    52  util_i2c.o(.text._ZN5ExLib18getI2CPeriphByNameENS_10I2C_PeriphE)
    ExLib::getI2CPinMuxConfig(unsigned int, ExLib::GPIO_Pin) 0x00002d81   Thumb Code   586  util_i2c.o(.text._ZN5ExLib18getI2CPinMuxConfigEjNS_8GPIO_PinE)
    ExLib::getI2CDefaultSCLPin(ExLib::I2C_Periph) 0x00002fcd   Thumb Code    50  util_i2c.o(.text._ZN5ExLib19getI2CDefaultSCLPinENS_10I2C_PeriphE)
    ExLib::getI2CDefaultSDAPin(ExLib::I2C_Periph) 0x00003001   Thumb Code    50  util_i2c.o(.text._ZN5ExLib19getI2CDefaultSDAPinENS_10I2C_PeriphE)
    ExLib::getUARTDefaultRxPin(ExLib::UART_Periph) 0x00003035   Thumb Code    50  util_uart.o(.text._ZN5ExLib19getUARTDefaultRxPinENS_11UART_PeriphE)
    ExLib::getUARTDefaultTxPin(ExLib::UART_Periph) 0x00003069   Thumb Code    50  util_uart.o(.text._ZN5ExLib19getUARTDefaultTxPinENS_11UART_PeriphE)
    ExLib::getUARTNameByPeriph(unsigned int) 0x0000309d   Thumb Code   226  util_uart.o(.text._ZN5ExLib19getUARTNameByPeriphEj)
    ExLib::getUARTParityByName(ExLib::UART_Parity) 0x00003181   Thumb Code    52  util_uart.o(.text._ZN5ExLib19getUARTParityByNameENS_11UART_ParityE)
    ExLib::getUARTPeriphByName(ExLib::UART_Periph) 0x000031b5   Thumb Code    52  util_uart.o(.text._ZN5ExLib19getUARTPeriphByNameENS_11UART_PeriphE)
    ExLib::getUARTPinMuxConfig(unsigned int, ExLib::GPIO_Pin) 0x000031e9   Thumb Code   728  util_uart.o(.text._ZN5ExLib19getUARTPinMuxConfigEjNS_8GPIO_PinE)
    ExLib::getHWPWMModuleByName(ExLib::HardwarePWM_Periph) 0x000034c1   Thumb Code    56  util_hardwarepwm.o(.text._ZN5ExLib20getHWPWMModuleByNameENS_18HardwarePWM_PeriphE)
    ExLib::getHWPWMPinMuxConfig(ExLib::HardwarePWM_Periph, ExLib::GPIO_Pin) 0x000034f9   Thumb Code   514  util_hardwarepwm.o(.text._ZN5ExLib20getHWPWMPinMuxConfigENS_18HardwarePWM_PeriphENS_8GPIO_PinE)
    ExLib::getUARTStopBitsByName(ExLib::UART_StopBits) 0x000036fd   Thumb Code    52  util_uart.o(.text._ZN5ExLib21getUARTStopBitsByNameENS_13UART_StopBitsE)
    ExLib::getHWPWMGeneratorByName(ExLib::HardwarePWM_Periph) 0x00003731   Thumb Code    60  util_hardwarepwm.o(.text._ZN5ExLib23getHWPWMGeneratorByNameENS_18HardwarePWM_PeriphE)
    ExLib::getUARTWordLengthByName(ExLib::UART_WordLength) 0x0000376d   Thumb Code    78  util_uart.o(.text._ZN5ExLib23getUARTWordLengthByNameENS_15UART_WordLengthE)
    ExLib::getHWPWMOutputByNameAndChannel(ExLib::HardwarePWM_Periph, unsigned int) 0x000037bd   Thumb Code    42  util_hardwarepwm.o(.text._ZN5ExLib30getHWPWMOutputByNameAndChannelENS_18HardwarePWM_PeriphEj)
    ExLib::getHWPWMNameByModuleAndGenerator(unsigned int, unsigned int) 0x000037e9   Thumb Code   196  util_hardwarepwm.o(.text._ZN5ExLib32getHWPWMNameByModuleAndGeneratorEjj)
    ExLib::getHWPWMOutputBitByNameAndChannel(ExLib::HardwarePWM_Periph, unsigned int) 0x000038ad   Thumb Code    42  util_hardwarepwm.o(.text._ZN5ExLib33getHWPWMOutputBitByNameAndChannelENS_18HardwarePWM_PeriphEj)
    ExLib::I2C::endTransmission()            0x000038d9   Thumb Code    90  exlib_i2c.o(.text._ZN5ExLib3I2C15endTransmissionEv)
    ExLib::I2C::beginTransmission(unsigned char) 0x00003935   Thumb Code    24  exlib_i2c.o(.text._ZN5ExLib3I2C17beginTransmissionEh)
    ExLib::I2C::read(char&)                  0x0000394d   Thumb Code   138  exlib_i2c.o(.text._ZN5ExLib3I2C4readERc)
    ExLib::I2C::begin(ExLib::Frequency, unsigned char) 0x000039d9   Thumb Code   344  exlib_i2c.o(.text._ZN5ExLib3I2C5beginENS_9FrequencyEh)
    ExLib::I2C::write(char)                  0x00003b31   Thumb Code   140  exlib_i2c.o(.text._ZN5ExLib3I2C5writeEc)
    ExLib::I2C::setPins(ExLib::GPIO_Pin, ExLib::GPIO_Pin) 0x00003bbd   Thumb Code    68  exlib_i2c.o(.text._ZN5ExLib3I2C7setPinsENS_8GPIO_PinES1_)
    ExLib::I2C::I2C(ExLib::I2C_Periph)       0x00003c01   Thumb Code    52  exlib_i2c.o(.text._ZN5ExLib3I2CC2ENS_10I2C_PeriphE)
    ExLib::I2C::I2C__sub_object(ExLib::I2C_Periph) 0x00003c01   Thumb Code    52  exlib_i2c.o(.text._ZN5ExLib3I2CC2ENS_10I2C_PeriphE)
    ExLib::I2C::I2C(ExLib::I2C_Periph, ExLib::GPIO_Pin, ExLib::GPIO_Pin) 0x00003c35   Thumb Code    86  exlib_i2c.o(.text._ZN5ExLib3I2CC2ENS_10I2C_PeriphENS_8GPIO_PinES2_)
    ExLib::I2C::I2C__sub_object(ExLib::I2C_Periph, ExLib::GPIO_Pin, ExLib::GPIO_Pin) 0x00003c35   Thumb Code    86  exlib_i2c.o(.text._ZN5ExLib3I2CC2ENS_10I2C_PeriphENS_8GPIO_PinES2_)
    ExLib::I2C::operator ExLib::I2C_Periph() 0x00003c8d   Thumb Code    18  exlib_i2c.o(.text._ZN5ExLib3I2CcvNS_10I2C_PeriphEEv)
    ExLib::UART::interruptHandler()          0x00003ca1   Thumb Code   118  exlib_uart.o(.text._ZN5ExLib4UART16interruptHandlerEv)
    ExLib::UART::UART0InterruptHandler()     0x00003d19   Thumb Code    18  exlib_uart.o(.text._ZN5ExLib4UART21UART0InterruptHandlerEv)
    ExLib::UART::UART1InterruptHandler()     0x00003d2d   Thumb Code    18  exlib_uart.o(.text._ZN5ExLib4UART21UART1InterruptHandlerEv)
    ExLib::UART::UART2InterruptHandler()     0x00003d41   Thumb Code    18  exlib_uart.o(.text._ZN5ExLib4UART21UART2InterruptHandlerEv)
    ExLib::UART::UART3InterruptHandler()     0x00003d55   Thumb Code    18  exlib_uart.o(.text._ZN5ExLib4UART21UART3InterruptHandlerEv)
    ExLib::UART::UART4InterruptHandler()     0x00003d69   Thumb Code    18  exlib_uart.o(.text._ZN5ExLib4UART21UART4InterruptHandlerEv)
    ExLib::UART::UART5InterruptHandler()     0x00003d7d   Thumb Code    18  exlib_uart.o(.text._ZN5ExLib4UART21UART5InterruptHandlerEv)
    ExLib::UART::UART6InterruptHandler()     0x00003d91   Thumb Code    18  exlib_uart.o(.text._ZN5ExLib4UART21UART6InterruptHandlerEv)
    ExLib::UART::UART7InterruptHandler()     0x00003da5   Thumb Code    18  exlib_uart.o(.text._ZN5ExLib4UART21UART7InterruptHandlerEv)
    ExLib::UART::getInterruptHandlerByName(ExLib::UART_Periph) 0x00003db9   Thumb Code    28  exlib_uart.o(.text._ZN5ExLib4UART25getInterruptHandlerByNameENS_11UART_PeriphE)
    ExLib::UART::begin(unsigned int, ExLib::UART_WordLength, ExLib::UART_StopBits, ExLib::UART_Parity) 0x00003dd5   Thumb Code   212  exlib_uart.o(.text._ZN5ExLib4UART5beginEjNS_15UART_WordLengthENS_13UART_StopBitsENS_11UART_ParityE)
    ExLib::UART::write(char)                 0x00003ea9   Thumb Code    28  exlib_uart.o(.text._ZN5ExLib4UART5writeEc)
    ExLib::UART::setPins(ExLib::GPIO_Pin, ExLib::GPIO_Pin) 0x00003ec5   Thumb Code    70  exlib_uart.o(.text._ZN5ExLib4UART7setPinsENS_8GPIO_PinES1_)
    ExLib::UART::UART(ExLib::UART_Periph, ExLib::GPIO_Pin, ExLib::GPIO_Pin, ExLib::BufferFIFO<char>*) 0x00003f0d   Thumb Code   244  exlib_uart.o(.text._ZN5ExLib4UARTC2ENS_11UART_PeriphENS_8GPIO_PinES2_PNS_10BufferFIFOIcEE)
    ExLib::UART::UART__sub_object(ExLib::UART_Periph, ExLib::GPIO_Pin, ExLib::GPIO_Pin, ExLib::BufferFIFO<char>*) 0x00003f0d   Thumb Code   244  exlib_uart.o(.text._ZN5ExLib4UARTC2ENS_11UART_PeriphENS_8GPIO_PinES2_PNS_10BufferFIFOIcEE)
    ExLib::UART::UART(ExLib::UART_Periph, ExLib::BufferFIFO<char>*) 0x00004001   Thumb Code    64  exlib_uart.o(.text._ZN5ExLib4UARTC2ENS_11UART_PeriphEPNS_10BufferFIFOIcEE)
    ExLib::UART::UART__sub_object(ExLib::UART_Periph, ExLib::BufferFIFO<char>*) 0x00004001   Thumb Code    64  exlib_uart.o(.text._ZN5ExLib4UARTC2ENS_11UART_PeriphEPNS_10BufferFIFOIcEE)
    ExLib::UART::~UART__deallocating()       0x00004041   Thumb Code    24  exlib_uart.o(.text._ZN5ExLib4UARTD0Ev)
    ExLib::UART::~UART()                     0x00004059   Thumb Code    60  exlib_uart.o(.text._ZN5ExLib4UARTD2Ev)
    ExLib::UART::~UART__sub_object()         0x00004059   Thumb Code    60  exlib_uart.o(.text._ZN5ExLib4UARTD2Ev)
    ExLib::UART::operator ExLib::UART_Periph() 0x00004095   Thumb Code    18  exlib_uart.o(.text._ZN5ExLib4UARTcvNS_11UART_PeriphEEv)
    ExLib::System::printExLibLOGO()          0x000040a9   Thumb Code    42  exlib_system.o(.text._ZN5ExLib6System14printExLibLOGOEv)
    ExLib::System::setDebugStream(ExLib::PrintStream&) 0x000040d5   Thumb Code    56  exlib_system.o(.text._ZN5ExLib6System14setDebugStreamERNS_11PrintStreamE)
    ExLib::System::getSystemClockSpeed()     0x0000410d   Thumb Code     8  exlib_system.o(.text._ZN5ExLib6System19getSystemClockSpeedEv)
    ExLib::System::init()                    0x00004115   Thumb Code    30  exlib_system.o(.text._ZN5ExLib6System4initEv)
    unsigned int ExLib::Precent::compute<unsigned int>(unsigned int) 0x00004135   Thumb Code    44  exlib_hardwarepwm.o(.text._ZN5ExLib7Precent7computeIjEET_S2_)
    ExLib::usr_main()                        0x00004161   Thumb Code   222  main.o(.text._ZN5ExLib8usr_mainEv)
    ExLib::Exception::raiseException(char const*) 0x00004241   Thumb Code    84  exlib_exception.o(.text._ZN5ExLib9Exception14raiseExceptionEPKc)
    ExLib::Exception::raiseHardFault()       0x00004295   Thumb Code    50  exlib_exception.o(.text._ZN5ExLib9Exception14raiseHardFaultEv)
    ExLib::Exception::hardFaultHandler()     0x000042c9   Thumb Code    44  exlib_exception.o(.text._ZN5ExLib9Exception16hardFaultHandlerEv)
    ExLib::Frequency::Frequency(unsigned int) 0x000042f5   Thumb Code    16  exlib_units.o(.text._ZN5ExLib9FrequencyC2Ej)
    ExLib::Frequency::Frequency__sub_object(unsigned int) 0x000042f5   Thumb Code    16  exlib_units.o(.text._ZN5ExLib9FrequencyC2Ej)
    ExLib::operator"" _ms(unsigned long long) 0x00004305   Thumb Code    28  exlib_units.o(.text._ZN5ExLibli3_msEy)
    ExLib::operator"" _us(unsigned long long) 0x00004321   Thumb Code    22  exlib_units.o(.text._ZN5ExLibli3_usEy)
    ExLib::operator"" _MHz(unsigned long long) 0x00004339   Thumb Code    32  exlib_units.o(.text._ZN5ExLibli4_MHzEy)
    ExLib::operator"" _kHz(unsigned long long) 0x00004359   Thumb Code    28  exlib_units.o(.text._ZN5ExLibli4_kHzEy)
    ExLib::operator"" _pct(unsigned long long) 0x00004375   Thumb Code   110  exlib_units.o(.text._ZN5ExLibli4_pctEy)
    std::__2::numeric_limits<unsigned int>::max[abi:v16000]() 0x000043e5   Thumb Code     8  exlib_units.o(.text._ZNSt3__214numeric_limitsIjE3maxB6v16000Ev)
    std::__2::__libcpp_numeric_limits<unsigned int, true>::max[abi:v16000]() 0x000043ed   Thumb Code     6  exlib_units.o(.text._ZNSt3__223__libcpp_numeric_limitsIjLb1EE3maxB6v16000Ev)
    std::get_new_handler()                   0x000043f3   Thumb Code    12  cxa_handlers.cpp.o(.text._ZSt15get_new_handlerv)
    non-virtual thunk to ExLib::I2C::read(char&) 0x00004401   Thumb Code    18  exlib_i2c.o(.text._ZThn4_N5ExLib3I2C4readERc)
    operator delete(void*)                   0x00004413   Thumb Code     4  new.cpp.o(.text._ZdlPv)
    operator new(unsigned int)               0x00004419   Thumb Code    38  new.cpp.o(.text._Znwj)
    __cxa_pure_virtual                       0x00004441   Thumb Code     8  cxa_virtual.cpp.o(.text.__cxa_pure_virtual)
    abort_message                            0x00004535   Thumb Code     4  abort_message.cpp.o(.text.abort_message)
    main                                     0x00004539   Thumb Code    20  exlib_main.o(.text.main)
    _fp_init                                 0x0000454d   Thumb Code    26  fpinit.o(x$fpl$fpinit)
    __fplib_config_fpu_vfp                   0x00004565   Thumb Code     0  fpinit.o(x$fpl$fpinit)
    __fplib_config_pureend_doubles           0x00004565   Thumb Code     0  fpinit.o(x$fpl$fpinit)
    vtable for ExLib::ReadStream             0x00004568   Data          24  exlib_readstream.o(.rodata._ZTVN5ExLib10ReadStreamE)
    vtable for ExLib::ScanStream             0x00004580   Data          24  exlib_uart.o(.rodata._ZTVN5ExLib10ScanStreamE)
    vtable for ExLib::HardwarePWM            0x00004598   Data          20  exlib_hardwarepwm.o(.rodata._ZTVN5ExLib11HardwarePWME)
    vtable for ExLib::PrintStream            0x000045ac   Data          32  exlib_uart.o(.rodata._ZTVN5ExLib11PrintStreamE)
    vtable for ExLib::WriteStream            0x000045cc   Data          24  exlib_writestream.o(.rodata._ZTVN5ExLib11WriteStreamE)
    vtable for ExLib::PWM_Generator          0x000045e4   Data          20  exlib_hardwarepwm.o(.rodata._ZTVN5ExLib13PWM_GeneratorE)
    vtable for ExLib::ReadStreamBuffered     0x000045f8   Data          24  exlib_readstreambuffered.o(.rodata._ZTVN5ExLib18ReadStreamBufferedE)
    vtable for ExLib::I2C                    0x00004610   Data          52  exlib_i2c.o(.rodata._ZTVN5ExLib3I2CE)
    vtable for ExLib::UART                   0x00004644   Data          56  exlib_uart.o(.rodata._ZTVN5ExLib4UARTE)
    Region$$Table$$Base                      0x00004bf0   Number         0  anon$$obj.o(Region$$Table)
    Region$$Table$$Limit                     0x00004c10   Number         0  anon$$obj.o(Region$$Table)
    SHT$$INIT_ARRAY$$Base                    0x00004c10   Number         0  main.o(.init_array)
    SHT$$INIT_ARRAY$$Limit                   0x00004c14   Number         0  init_aeabi.o(.init_array)
    __libspace_start                         0x20000270   Data          96  libspace.o(.bss)
    PWMModule12                              0x200002d0   Data          12  main.o(.bss.PWMModule12)
    __temporary_stack_top$libspace           0x200002d0   Data           0  libspace.o(.bss)
    PWMModule13                              0x200002dc   Data          12  main.o(.bss.PWMModule13)
    Serial                                   0x200002e8   Data          28  main.o(.bss.Serial)
    ExLib::UART::UARTObjects                 0x20000304   Data          32  exlib_uart.o(.bss._ZN5ExLib4UART11UARTObjectsE)
    ExLib::System::debugStream               0x20000324   Data           4  exlib_system.o(.bss._ZN5ExLib6System11debugStreamE)
    ExLib::Exception::lastExceptionMessage   0x20000328   Data           4  exlib_exception.o(.bss._ZN5ExLib9Exception20lastExceptionMessageE)
    __cxa_new_handler                        0x2000032c   Data           4  cxa_default_handlers.cpp.o(.bss.__cxa_new_handler)
    pwmChannelB                              0x20000330   Data           8  main.o(.bss.pwmChannelB)
    pwmChannelG                              0x20000338   Data           8  main.o(.bss.pwmChannelG)
    pwmChannelR                              0x20000340   Data           8  main.o(.bss.pwmChannelR)



==============================================================================

Memory Map of the image

  Image Entry point : 0x00000289

  Load Region LR_IROM1 (Base: 0x00000000, Size: 0x00005270, Max: 0x00040000, ABSOLUTE, COMPRESSED[0x00005008])

    Execution Region ER_IROM1 (Exec base: 0x00000000, Load base: 0x00000000, Size: 0x00004c14, Max: 0x00040000, ABSOLUTE)

    Exec Addr    Load Addr    Size         Type   Attr      Idx    E Section Name        Object

    0x00000000   0x00000000   0x00000288   Code   RO         2090    RESET               startup_rvmdk.o
    0x00000288   0x00000288   0x00000008   Code   RO         2649  * !!!main             c_w.l(__main.o)
    0x00000290   0x00000290   0x00000034   Code   RO         3076    !!!scatter          c_w.l(__scatter.o)
    0x000002c4   0x000002c4   0x0000003a   Code   RO         3074    !!dczerorl          c_w.l(__dczerorl.o)
    0x000002fe   0x000002fe   0x00000002   PAD
    0x00000300   0x00000300   0x0000001c   Code   RO         3078    !!handler_zi        c_w.l(__scatter_zi.o)
    0x0000031c   0x0000031c   0x00000002   Code   RO         3012    .ARM.Collect$$libinit$$00000000  c_w.l(libinit.o)
    0x0000031e   0x0000031e   0x00000004   Code   RO         2803    .ARM.Collect$$libinit$$00000001  c_w.l(libinit2.o)
    0x00000322   0x00000322   0x00000000   Code   RO         2806    .ARM.Collect$$libinit$$00000004  c_w.l(libinit2.o)
    0x00000322   0x00000322   0x00000000   Code   RO         2808    .ARM.Collect$$libinit$$00000006  c_w.l(libinit2.o)
    0x00000322   0x00000322   0x00000008   Code   RO         2809    .ARM.Collect$$libinit$$00000007  c_w.l(libinit2.o)
    0x0000032a   0x0000032a   0x00000000   Code   RO         2811    .ARM.Collect$$libinit$$0000000C  c_w.l(libinit2.o)
    0x0000032a   0x0000032a   0x00000000   Code   RO         2813    .ARM.Collect$$libinit$$0000000E  c_w.l(libinit2.o)
    0x0000032a   0x0000032a   0x00000000   Code   RO         2815    .ARM.Collect$$libinit$$00000010  c_w.l(libinit2.o)
    0x0000032a   0x0000032a   0x00000000   Code   RO         2818    .ARM.Collect$$libinit$$00000013  c_w.l(libinit2.o)
    0x0000032a   0x0000032a   0x00000000   Code   RO         2820    .ARM.Collect$$libinit$$00000015  c_w.l(libinit2.o)
    0x0000032a   0x0000032a   0x00000000   Code   RO         2822    .ARM.Collect$$libinit$$00000017  c_w.l(libinit2.o)
    0x0000032a   0x0000032a   0x00000000   Code   RO         2824    .ARM.Collect$$libinit$$00000019  c_w.l(libinit2.o)
    0x0000032a   0x0000032a   0x00000000   Code   RO         2826    .ARM.Collect$$libinit$$0000001B  c_w.l(libinit2.o)
    0x0000032a   0x0000032a   0x00000000   Code   RO         2828    .ARM.Collect$$libinit$$0000001D  c_w.l(libinit2.o)
    0x0000032a   0x0000032a   0x00000000   Code   RO         2830    .ARM.Collect$$libinit$$0000001F  c_w.l(libinit2.o)
    0x0000032a   0x0000032a   0x00000000   Code   RO         2832    .ARM.Collect$$libinit$$00000021  c_w.l(libinit2.o)
    0x0000032a   0x0000032a   0x00000000   Code   RO         2834    .ARM.Collect$$libinit$$00000023  c_w.l(libinit2.o)
    0x0000032a   0x0000032a   0x00000000   Code   RO         2836    .ARM.Collect$$libinit$$00000025  c_w.l(libinit2.o)
    0x0000032a   0x0000032a   0x00000000   Code   RO         2838    .ARM.Collect$$libinit$$00000027  c_w.l(libinit2.o)
    0x0000032a   0x0000032a   0x00000000   Code   RO         2842    .ARM.Collect$$libinit$$0000002E  c_w.l(libinit2.o)
    0x0000032a   0x0000032a   0x00000000   Code   RO         2844    .ARM.Collect$$libinit$$00000030  c_w.l(libinit2.o)
    0x0000032a   0x0000032a   0x00000000   Code   RO         2846    .ARM.Collect$$libinit$$00000032  c_w.l(libinit2.o)
    0x0000032a   0x0000032a   0x00000004   Code   RO         2847    .ARM.Collect$$libinit$$00000033  c_w.l(libinit2.o)
    0x0000032e   0x0000032e   0x00000000   Code   RO         2848    .ARM.Collect$$libinit$$00000034  c_w.l(libinit2.o)
    0x0000032e   0x0000032e   0x00000002   Code   RO         2849    .ARM.Collect$$libinit$$00000035  c_w.l(libinit2.o)
    0x00000330   0x00000330   0x00000002   Code   RO         3072    .ARM.Collect$$libshutdown$$00000000  c_w.l(libshutdown.o)
    0x00000332   0x00000332   0x00000006   Code   RO         3013    .ARM.Collect$$libshutdown$$00000001  c_w.l(libshutdown2.o)
    0x00000338   0x00000338   0x00000000   Code   RO         3014    .ARM.Collect$$libshutdown$$00000002  c_w.l(libshutdown2.o)
    0x00000338   0x00000338   0x00000000   Code   RO         3016    .ARM.Collect$$libshutdown$$00000004  c_w.l(libshutdown2.o)
    0x00000338   0x00000338   0x00000000   Code   RO         3019    .ARM.Collect$$libshutdown$$00000007  c_w.l(libshutdown2.o)
    0x00000338   0x00000338   0x00000000   Code   RO         3022    .ARM.Collect$$libshutdown$$0000000A  c_w.l(libshutdown2.o)
    0x00000338   0x00000338   0x00000000   Code   RO         3024    .ARM.Collect$$libshutdown$$0000000C  c_w.l(libshutdown2.o)
    0x00000338   0x00000338   0x00000000   Code   RO         3027    .ARM.Collect$$libshutdown$$0000000F  c_w.l(libshutdown2.o)
    0x00000338   0x00000338   0x00000002   Code   RO         3028    .ARM.Collect$$libshutdown$$00000010  c_w.l(libshutdown2.o)
    0x0000033a   0x0000033a   0x00000000   Code   RO         2724    .ARM.Collect$$rtentry$$00000000  c_w.l(__rtentry.o)
    0x0000033a   0x0000033a   0x00000000   Code   RO         2892    .ARM.Collect$$rtentry$$00000002  c_w.l(__rtentry2.o)
    0x0000033a   0x0000033a   0x00000006   Code   RO         2904    .ARM.Collect$$rtentry$$00000004  c_w.l(__rtentry4.o)
    0x00000340   0x00000340   0x00000000   Code   RO         2894    .ARM.Collect$$rtentry$$00000009  c_w.l(__rtentry2.o)
    0x00000340   0x00000340   0x00000004   Code   RO         2895    .ARM.Collect$$rtentry$$0000000A  c_w.l(__rtentry2.o)
    0x00000344   0x00000344   0x00000000   Code   RO         2897    .ARM.Collect$$rtentry$$0000000C  c_w.l(__rtentry2.o)
    0x00000344   0x00000344   0x00000008   Code   RO         2898    .ARM.Collect$$rtentry$$0000000D  c_w.l(__rtentry2.o)
    0x0000034c   0x0000034c   0x00000002   Code   RO         3029    .ARM.Collect$$rtexit$$00000000  c_w.l(rtexit.o)
    0x0000034e   0x0000034e   0x00000000   Code   RO         3046    .ARM.Collect$$rtexit$$00000002  c_w.l(rtexit2.o)
    0x0000034e   0x0000034e   0x00000004   Code   RO         3047    .ARM.Collect$$rtexit$$00000003  c_w.l(rtexit2.o)
    0x00000352   0x00000352   0x00000006   Code   RO         3048    .ARM.Collect$$rtexit$$00000004  c_w.l(rtexit2.o)
    0x00000358   0x00000358   0x0000001c   Code   RO         2091    .text               startup_rvmdk.o
    0x00000374   0x00000374   0x000000f0   Code   RO         2637    .text               c_w.l(lludivv7m.o)
    0x00000464   0x00000464   0x00000074   Code   RO         2639    .text               c_w.l(llsdiv.o)
    0x000004d8   0x000004d8   0x0000000a   Code   RO         2644    .text               c_w.l(cxa_atexit.o)
    0x000004e2   0x000004e2   0x00000006   Code   RO         2647    .text               c_w.l(heapauxi.o)
    0x000004e8   0x000004e8   0x00000024   Code   RO         2654    .text               c_w.l(init_aeabi.o)
    0x0000050c   0x0000050c   0x0000005e   Code   RO         2733    .text               c_w.l(h1_alloc.o)
    0x0000056a   0x0000056a   0x0000004e   Code   RO         2735    .text               c_w.l(h1_free.o)
    0x000005b8   0x000005b8   0x00000016   Code   RO         2795    .text               c_w.l(abort.o)
    0x000005ce   0x000005ce   0x0000002e   Code   RO         2800    .text               c_w.l(aeabi_atexit.o)
    0x000005fc   0x000005fc   0x0000000c   Code   RO         2885    .text               c_w.l(sys_exit.o)
    0x00000608   0x00000608   0x00000008   Code   RO         2911    .text               c_w.l(rt_heap_descriptor_intlibspace.o)
    0x00000610   0x00000610   0x00000008   Code   RO         2916    .text               c_w.l(rt_ddtor_pointer_addr_intlibspace.o)
    0x00000618   0x00000618   0x00000004   Code   RO         2918    .text               c_w.l(hguard.o)
    0x0000061c   0x0000061c   0x0000008a   Code   RO         2920    .text               c_w.l(init_alloc.o)
    0x000006a6   0x000006a6   0x0000000e   Code   RO         2924    .text               c_w.l(h1_init.o)
    0x000006b4   0x000006b4   0x00000042   Code   RO         2936    .text               c_w.l(cxa_finalize.o)
    0x000006f6   0x000006f6   0x0000000e   Code   RO         2939    .text               c_w.l(defsig_abrt_outer.o)
    0x00000704   0x00000704   0x00000008   Code   RO         2968    .text               c_w.l(libspace.o)
    0x0000070c   0x0000070c   0x00000002   Code   RO         2971    .text               c_w.l(use_no_semi.o)
    0x0000070e   0x0000070e   0x00000000   Code   RO         2973    .text               c_w.l(indicate_semi.o)
    0x0000070e   0x0000070e   0x0000004a   Code   RO         2974    .text               c_w.l(sys_stackheap_outer.o)
    0x00000758   0x00000758   0x00000000   Code   RO         2980    .text               c_w.l(maybetermalloc1.o)
    0x00000758   0x00000758   0x00000034   Code   RO         2982    .text               c_w.l(h1_extend.o)
    0x0000078c   0x0000078c   0x00000012   Code   RO         2986    .text               c_w.l(exit.o)
    0x0000079e   0x0000079e   0x0000000a   Code   RO         2988    .text               c_w.l(defsig_exit.o)
    0x000007a8   0x000007a8   0x00000030   Code   RO         2990    .text               c_w.l(defsig_abrt_inner.o)
    0x000007d8   0x000007d8   0x0000000e   Code   RO         2996    .text               c_w.l(defsig_rtmem_outer.o)
    0x000007e6   0x000007e6   0x00000032   Code   RO         3035    .text               c_w.l(defsig_general.o)
    0x00000818   0x00000818   0x00000050   Code   RO         3039    .text               c_w.l(defsig_rtmem_inner.o)
    0x00000868   0x00000868   0x0000000e   Code   RO         3041    .text               c_w.l(sys_wrch.o)
    0x00000876   0x00000876   0x00000002   PAD
    0x00000878   0x00000878   0x00000074   Code   RO          669    .text.GPIODirModeSet  gpio.o
    0x000008ec   0x000008ec   0x0000033a   Code   RO          677    .text.GPIOPadConfigSet  gpio.o
    0x00000c26   0x00000c26   0x00000002   PAD
    0x00000c28   0x00000c28   0x0000006c   Code   RO          757    .text.GPIOPinConfigure  gpio.o
    0x00000c94   0x00000c94   0x00000026   Code   RO          950    .text.I2CMasterBusy  i2c.o
    0x00000cba   0x00000cba   0x00000002   PAD
    0x00000cbc   0x00000cbc   0x00000010   Code   RO          954    .text.I2CMasterControl  i2c.o
    0x00000ccc   0x00000ccc   0x0000000c   Code   RO          960    .text.I2CMasterDataGet  i2c.o
    0x00000cd8   0x00000cd8   0x00000014   Code   RO          958    .text.I2CMasterDataPut  i2c.o
    0x00000cec   0x00000cec   0x00000012   Code   RO          896    .text.I2CMasterEnable  i2c.o
    0x00000cfe   0x00000cfe   0x00000002   PAD
    0x00000d00   0x00000d00   0x00000090   Code   RO          894    .text.I2CMasterInitExpClk  i2c.o
    0x00000d90   0x00000d90   0x00000024   Code   RO          946    .text.I2CMasterSlaveAddrSet  i2c.o
    0x00000db4   0x00000db4   0x000000a0   Code   RO         1031    .text.IntEnable     interrupt.o
    0x00000e54   0x00000e54   0x00000080   Code   RO         1017    .text.IntRegister   interrupt.o
    0x00000ed4   0x00000ed4   0x00000050   Code   RO         1190    .text.PWMGenConfigure  pwm.o
    0x00000f24   0x00000f24   0x00000016   Code   RO         1196    .text.PWMGenEnable  pwm.o
    0x00000f3a   0x00000f3a   0x00000002   PAD
    0x00000f3c   0x00000f3c   0x00000034   Code   RO         1194    .text.PWMGenPeriodGet  pwm.o
    0x00000f70   0x00000f70   0x00000034   Code   RO         1192    .text.PWMGenPeriodSet  pwm.o
    0x00000fa4   0x00000fa4   0x00000030   Code   RO         1212    .text.PWMOutputState  pwm.o
    0x00000fd4   0x00000fd4   0x00000054   Code   RO         1200    .text.PWMPulseWidthSet  pwm.o
    0x00001028   0x00001028   0x0000026c   Code   RO         1532    .text.SysCtlClockGet  sysctl.o
    0x00001294   0x00001294   0x0000024e   Code   RO         1530    .text.SysCtlClockSet  sysctl.o
    0x000014e2   0x000014e2   0x00000002   PAD
    0x000014e4   0x000014e4   0x00000016   Code   RO         1514    .text.SysCtlDelay   sysctl.o
    0x000014fa   0x000014fa   0x00000002   PAD
    0x000014fc   0x000014fc   0x0000001c   Code   RO         1538    .text.SysCtlPWMClockSet  sysctl.o
    0x00001518   0x00001518   0x00000022   Code   RO         1468    .text.SysCtlPeripheralDisable  sysctl.o
    0x0000153a   0x0000153a   0x00000002   PAD
    0x0000153c   0x0000153c   0x00000022   Code   RO         1466    .text.SysCtlPeripheralEnable  sysctl.o
    0x0000155e   0x0000155e   0x00000002   PAD
    0x00001560   0x00001560   0x00000026   Code   RO         1458    .text.SysCtlPeripheralReady  sysctl.o
    0x00001586   0x00001586   0x00000002   PAD
    0x00001588   0x00001588   0x00000026   Code   RO         1758    .text.UARTCharGetNonBlocking  uart.o
    0x000015ae   0x000015ae   0x00000002   PAD
    0x000015b0   0x000015b0   0x00000024   Code   RO         1764    .text.UARTCharPut   uart.o
    0x000015d4   0x000015d4   0x00000016   Code   RO         1754    .text.UARTCharsAvail  uart.o
    0x000015ea   0x000015ea   0x00000002   PAD
    0x000015ec   0x000015ec   0x00000012   Code   RO         1792    .text.UARTClockSourceSet  uart.o
    0x000015fe   0x000015fe   0x00000002   PAD
    0x00001600   0x00001600   0x00000074   Code   RO         1718    .text.UARTConfigSetExpClk  uart.o
    0x00001674   0x00001674   0x0000002e   Code   RO         1720    .text.UARTDisable   uart.o
    0x000016a2   0x000016a2   0x00000002   PAD
    0x000016a4   0x000016a4   0x0000001e   Code   RO         1722    .text.UARTEnable    uart.o
    0x000016c2   0x000016c2   0x00000002   PAD
    0x000016c4   0x000016c4   0x00000012   Code   RO         1726    .text.UARTFIFOEnable  uart.o
    0x000016d6   0x000016d6   0x00000002   PAD
    0x000016d8   0x000016d8   0x00000016   Code   RO         1714    .text.UARTFIFOLevelSet  uart.o
    0x000016ee   0x000016ee   0x00000002   PAD
    0x000016f0   0x000016f0   0x00000010   Code   RO         1782    .text.UARTIntClear  uart.o
    0x00001700   0x00001700   0x00000014   Code   RO         1776    .text.UARTIntEnable  uart.o
    0x00001714   0x00001714   0x00000022   Code   RO         1770    .text.UARTIntRegister  uart.o
    0x00001736   0x00001736   0x00000002   PAD
    0x00001738   0x00001738   0x00000028   Code   RO         1780    .text.UARTIntStatus  uart.o
    0x00001760   0x00001760   0x0000001c   Code   RO         2612    .text._GLOBAL__sub_I_main.cpp  main.o
    0x0000177c   0x0000177c   0x00000084   Code   RO         1772    .text._UARTIntNumberGet  uart.o
    0x00001800   0x00001800   0x000000ba   Code   RO         2281    .text._ZN5ExLib10BufferFIFOIcE5writeEc  exlib_uart.o
    0x000018ba   0x000018ba   0x00000002   PAD
    0x000018bc   0x000018bc   0x00000034   Code   RO         2458    .text._ZN5ExLib10BufferFIFOIcE9avaliableEv  exlib_readstreambuffered.o
    0x000018f0   0x000018f0   0x00000022   Code   RO         2299    .text._ZN5ExLib10BufferFIFOIcEC2EPcjNS_20BufferFIFO_WriteModeE  exlib_uart.o
    0x00001912   0x00001912   0x00000002   PAD
    0x00001914   0x00001914   0x0000002a   Code   RO         2287    .text._ZN5ExLib10BufferFIFOIcEC2EjNS_20BufferFIFO_WriteModeE  exlib_uart.o
    0x0000193e   0x0000193e   0x00000002   PAD
    0x00001940   0x00001940   0x00000008   Code   RO         2213    .text._ZN5ExLib10ExLib_InitEv  exlib_main.o
    0x00001948   0x00001948   0x0000000a   Code   RO         2467    .text._ZN5ExLib10ReadStream16avaliableForReadEv  exlib_readstream.o
    0x00001952   0x00001952   0x00000002   PAD
    0x00001954   0x00001954   0x00000054   Code   RO         2463    .text._ZN5ExLib10ReadStream4readEPcj  exlib_readstream.o
    0x000019a8   0x000019a8   0x00000058   Code   RO         2465    .text._ZN5ExLib10ReadStream9readUntilEPcc  exlib_readstream.o
    0x00001a00   0x00001a00   0x00000016   Code   RO         2456    .text._ZN5ExLib10ReadStreamC2Ev  exlib_readstreambuffered.o
    0x00001a16   0x00001a16   0x00000002   PAD
    0x00001a18   0x00001a18   0x00000024   Code   RO         2289    .text._ZN5ExLib10ScanStreamC2ERNS_10BufferFIFOIcEE  exlib_uart.o
    0x00001a3c   0x00001a3c   0x0000005e   Code   RO         2482    .text._ZN5ExLib11HardwarePWM15registerChannelEjNS_8GPIO_PinE  exlib_hardwarepwm.o
    0x00001a9a   0x00001a9a   0x00000002   PAD
    0x00001a9c   0x00001a9c   0x0000004a   Code   RO         2486    .text._ZN5ExLib11HardwarePWM7setDutyEjNS_7PrecentE  exlib_hardwarepwm.o
    0x00001ae6   0x00001ae6   0x00000002   PAD
    0x00001ae8   0x00001ae8   0x0000003c   Code   RO         2488    .text._ZN5ExLib11HardwarePWM8setCycleENS_12TimeIntervalE  exlib_hardwarepwm.o
    0x00001b24   0x00001b24   0x00000074   Code   RO         2490    .text._ZN5ExLib11HardwarePWMC2ENS_18HardwarePWM_PeriphENS_12TimeIntervalE  exlib_hardwarepwm.o
    0x00001b98   0x00001b98   0x00000014   Code   RO         2484    .text._ZN5ExLib11HardwarePWMcvNS_18HardwarePWM_PeriphEEv  exlib_hardwarepwm.o
    0x00001bac   0x00001bac   0x0000001e   Code   RO         2508    .text._ZN5ExLib11PWM_Channel7setDutyENS_7PrecentE  exlib_pwm.o
    0x00001bca   0x00001bca   0x00000002   PAD
    0x00001bcc   0x00001bcc   0x0000002e   Code   RO         2506    .text._ZN5ExLib11PWM_ChannelC2ERNS_13PWM_GeneratorEjNS_8GPIO_PinE  exlib_pwm.o
    0x00001bfa   0x00001bfa   0x00000002   PAD
    0x00001bfc   0x00001bfc   0x00000150   Code   RO         2631    .text._ZN5ExLib11PrintStream12printIntegerIjEEjT_h  main.o
    0x00001d4c   0x00001d4c   0x00000052   Code   RO         2633    .text._ZN5ExLib11PrintStream16getIntegerDigitsIjEEjT_h  main.o
    0x00001d9e   0x00001d9e   0x00000002   PAD
    0x00001da0   0x00001da0   0x00000052   Code   RO         2225    .text._ZN5ExLib11PrintStream19getNumberCharInBaseEhh  exlib_printstream.o
    0x00001df2   0x00001df2   0x00000002   PAD
    0x00001df4   0x00001df4   0x00000018   Code   RO         2157    .text._ZN5ExLib11PrintStream5printEPKc  exlib_exception.o
    0x00001e0c   0x00001e0c   0x0000001c   Code   RO         2629    .text._ZN5ExLib11PrintStream5printIjLb0EEEjT_h  main.o
    0x00001e28   0x00001e28   0x00000030   Code   RO         2159    .text._ZN5ExLib11PrintStream7printlnEPKc  exlib_exception.o
    0x00001e58   0x00001e58   0x00000020   Code   RO         2285    .text._ZN5ExLib11PrintStreamC2Ev  exlib_uart.o
    0x00001e78   0x00001e78   0x00000006   Code   RO         2297    .text._ZN5ExLib11PrintStreamD0Ev  exlib_uart.o
    0x00001e7e   0x00001e7e   0x00000002   PAD
    0x00001e80   0x00001e80   0x0000000a   Code   RO         2295    .text._ZN5ExLib11PrintStreamD2Ev  exlib_uart.o
    0x00001e8a   0x00001e8a   0x00000002   PAD
    0x00001e8c   0x00001e8c   0x00000054   Code   RO         2431    .text._ZN5ExLib11WriteStream10writeUntilEPKcc  exlib_writestream.o
    0x00001ee0   0x00001ee0   0x0000000a   Code   RO         2291    .text._ZN5ExLib11WriteStream17avaliableForWriteEv  exlib_uart.o
    0x00001eea   0x00001eea   0x00000002   PAD
    0x00001eec   0x00001eec   0x00000050   Code   RO         2429    .text._ZN5ExLib11WriteStream5writeEPKcj  exlib_writestream.o
    0x00001f3c   0x00001f3c   0x00000016   Code   RO         2293    .text._ZN5ExLib11WriteStreamC2Ev  exlib_uart.o
    0x00001f52   0x00001f52   0x00000002   PAD
    0x00001f54   0x00001f54   0x00000010   Code   RO         2308    .text._ZN5ExLib12TimeIntervalC2Ej  exlib_units.o
    0x00001f64   0x00001f64   0x0000009e   Code   RO         2355    .text._ZN5ExLib12configI2CPinEjNS_8GPIO_PinES0_  util_i2c.o
    0x00002002   0x00002002   0x00000002   PAD
    0x00002004   0x00002004   0x00000016   Code   RO         2502    .text._ZN5ExLib13PWM_GeneratorC2Ev  exlib_hardwarepwm.o
    0x0000201a   0x0000201a   0x00000002   PAD
    0x0000201c   0x0000201c   0x000000a0   Code   RO         2387    .text._ZN5ExLib13configUARTPinEjNS_8GPIO_PinES0_  util_uart.o
    0x000020bc   0x000020bc   0x00000188   Code   RO         2347    .text._ZN5ExLib13isLegalI2CPinEjNS_8GPIO_PinES0_  util_i2c.o
    0x00002244   0x00002244   0x00000056   Code   RO         2533    .text._ZN5ExLib14configHWPWMPinENS_18HardwarePWM_PeriphENS_8GPIO_PinE  util_hardwarepwm.o
    0x0000229a   0x0000229a   0x00000002   PAD
    0x0000229c   0x0000229c   0x00000080   Code   RO         2349    .text._ZN5ExLib14configI2CClockENS_10I2C_PeriphEb  util_i2c.o
    0x0000231c   0x0000231c   0x000002a8   Code   RO         2383    .text._ZN5ExLib14isLegalUARTPinEjNS_8GPIO_PinES0_  util_uart.o
    0x000025c4   0x000025c4   0x00000118   Code   RO         2377    .text._ZN5ExLib15configUARTStateEjb  util_uart.o
    0x000026dc   0x000026dc   0x0000022a   Code   RO         2413    .text._ZN5ExLib15enableGPIOClockEj  util_gpio.o
    0x00002906   0x00002906   0x00000002   PAD
    0x00002908   0x00002908   0x0000024c   Code   RO         2525    .text._ZN5ExLib15isLegalHWPWMPinEjjjNS_8GPIO_PinE  util_hardwarepwm.o
    0x00002b54   0x00002b54   0x00000012   Code   RO         2283    .text._ZN5ExLib16CallbackFunction4callEv  exlib_uart.o
    0x00002b66   0x00002b66   0x00000002   PAD
    0x00002b68   0x00002b68   0x0000005a   Code   RO         2523    .text._ZN5ExLib16enableHWPWMClockENS_18HardwarePWM_PeriphE  util_hardwarepwm.o
    0x00002bc2   0x00002bc2   0x00000002   PAD
    0x00002bc4   0x00002bc4   0x0000001e   Code   RO         2407    .text._ZN5ExLib16getGPIOPinByNameENS_8GPIO_PinE  util_gpio.o
    0x00002be2   0x00002be2   0x00000002   PAD
    0x00002be4   0x00002be4   0x00000034   Code   RO         2391    .text._ZN5ExLib16getUARTIntByNameENS_11UART_PeriphE  util_uart.o
    0x00002c18   0x00002c18   0x0000003a   Code   RO         2409    .text._ZN5ExLib17getGPIOPortByNameENS_8GPIO_PinE  util_gpio.o
    0x00002c52   0x00002c52   0x00000002   PAD
    0x00002c54   0x00002c54   0x00000012   Code   RO         2447    .text._ZN5ExLib18ReadStreamBuffered16avaliableForReadEv  exlib_readstreambuffered.o
    0x00002c66   0x00002c66   0x00000002   PAD
    0x00002c68   0x00002c68   0x0000000c   Code   RO         2443    .text._ZN5ExLib18ReadStreamBuffered4readERc  exlib_readstreambuffered.o
    0x00002c74   0x00002c74   0x00000026   Code   RO         2441    .text._ZN5ExLib18ReadStreamBufferedC2ERNS_10BufferFIFOIcEE  exlib_readstreambuffered.o
    0x00002c9a   0x00002c9a   0x00000002   PAD
    0x00002c9c   0x00002c9c   0x000000b0   Code   RO         2351    .text._ZN5ExLib18getI2CNameByPeriphEj  util_i2c.o
    0x00002d4c   0x00002d4c   0x00000034   Code   RO         2341    .text._ZN5ExLib18getI2CPeriphByNameENS_10I2C_PeriphE  util_i2c.o
    0x00002d80   0x00002d80   0x0000024a   Code   RO         2353    .text._ZN5ExLib18getI2CPinMuxConfigEjNS_8GPIO_PinE  util_i2c.o
    0x00002fca   0x00002fca   0x00000002   PAD
    0x00002fcc   0x00002fcc   0x00000032   Code   RO         2343    .text._ZN5ExLib19getI2CDefaultSCLPinENS_10I2C_PeriphE  util_i2c.o
    0x00002ffe   0x00002ffe   0x00000002   PAD
    0x00003000   0x00003000   0x00000032   Code   RO         2345    .text._ZN5ExLib19getI2CDefaultSDAPinENS_10I2C_PeriphE  util_i2c.o
    0x00003032   0x00003032   0x00000002   PAD
    0x00003034   0x00003034   0x00000032   Code   RO         2379    .text._ZN5ExLib19getUARTDefaultRxPinENS_11UART_PeriphE  util_uart.o
    0x00003066   0x00003066   0x00000002   PAD
    0x00003068   0x00003068   0x00000032   Code   RO         2381    .text._ZN5ExLib19getUARTDefaultTxPinENS_11UART_PeriphE  util_uart.o
    0x0000309a   0x0000309a   0x00000002   PAD
    0x0000309c   0x0000309c   0x000000e2   Code   RO         2389    .text._ZN5ExLib19getUARTNameByPeriphEj  util_uart.o
    0x0000317e   0x0000317e   0x00000002   PAD
    0x00003180   0x00003180   0x00000034   Code   RO         2375    .text._ZN5ExLib19getUARTParityByNameENS_11UART_ParityE  util_uart.o
    0x000031b4   0x000031b4   0x00000034   Code   RO         2369    .text._ZN5ExLib19getUARTPeriphByNameENS_11UART_PeriphE  util_uart.o
    0x000031e8   0x000031e8   0x000002d8   Code   RO         2385    .text._ZN5ExLib19getUARTPinMuxConfigEjNS_8GPIO_PinE  util_uart.o
    0x000034c0   0x000034c0   0x00000038   Code   RO         2519    .text._ZN5ExLib20getHWPWMModuleByNameENS_18HardwarePWM_PeriphE  util_hardwarepwm.o
    0x000034f8   0x000034f8   0x00000202   Code   RO         2531    .text._ZN5ExLib20getHWPWMPinMuxConfigENS_18HardwarePWM_PeriphENS_8GPIO_PinE  util_hardwarepwm.o
    0x000036fa   0x000036fa   0x00000002   PAD
    0x000036fc   0x000036fc   0x00000034   Code   RO         2373    .text._ZN5ExLib21getUARTStopBitsByNameENS_13UART_StopBitsE  util_uart.o
    0x00003730   0x00003730   0x0000003c   Code   RO         2521    .text._ZN5ExLib23getHWPWMGeneratorByNameENS_18HardwarePWM_PeriphE  util_hardwarepwm.o
    0x0000376c   0x0000376c   0x0000004e   Code   RO         2371    .text._ZN5ExLib23getUARTWordLengthByNameENS_15UART_WordLengthE  util_uart.o
    0x000037ba   0x000037ba   0x00000002   PAD
    0x000037bc   0x000037bc   0x0000002a   Code   RO         2529    .text._ZN5ExLib30getHWPWMOutputByNameAndChannelENS_18HardwarePWM_PeriphEj  util_hardwarepwm.o
    0x000037e6   0x000037e6   0x00000002   PAD
    0x000037e8   0x000037e8   0x000000c4   Code   RO         2535    .text._ZN5ExLib32getHWPWMNameByModuleAndGeneratorEjj  util_hardwarepwm.o
    0x000038ac   0x000038ac   0x0000002a   Code   RO         2527    .text._ZN5ExLib33getHWPWMOutputBitByNameAndChannelENS_18HardwarePWM_PeriphEj  util_hardwarepwm.o
    0x000038d6   0x000038d6   0x00000002   PAD
    0x000038d8   0x000038d8   0x0000005a   Code   RO         2585    .text._ZN5ExLib3I2C15endTransmissionEv  exlib_i2c.o
    0x00003932   0x00003932   0x00000002   PAD
    0x00003934   0x00003934   0x00000018   Code   RO         2583    .text._ZN5ExLib3I2C17beginTransmissionEh  exlib_i2c.o
    0x0000394c   0x0000394c   0x0000008a   Code   RO         2575    .text._ZN5ExLib3I2C4readERc  exlib_i2c.o
    0x000039d6   0x000039d6   0x00000002   PAD
    0x000039d8   0x000039d8   0x00000158   Code   RO         2579    .text._ZN5ExLib3I2C5beginENS_9FrequencyEh  exlib_i2c.o
    0x00003b30   0x00003b30   0x0000008c   Code   RO         2573    .text._ZN5ExLib3I2C5writeEc  exlib_i2c.o
    0x00003bbc   0x00003bbc   0x00000044   Code   RO         2571    .text._ZN5ExLib3I2C7setPinsENS_8GPIO_PinES1_  exlib_i2c.o
    0x00003c00   0x00003c00   0x00000034   Code   RO         2567    .text._ZN5ExLib3I2CC2ENS_10I2C_PeriphE  exlib_i2c.o
    0x00003c34   0x00003c34   0x00000056   Code   RO         2569    .text._ZN5ExLib3I2CC2ENS_10I2C_PeriphENS_8GPIO_PinES2_  exlib_i2c.o
    0x00003c8a   0x00003c8a   0x00000002   PAD
    0x00003c8c   0x00003c8c   0x00000012   Code   RO         2581    .text._ZN5ExLib3I2CcvNS_10I2C_PeriphEEv  exlib_i2c.o
    0x00003c9e   0x00003c9e   0x00000002   PAD
    0x00003ca0   0x00003ca0   0x00000076   Code   RO         2235    .text._ZN5ExLib4UART16interruptHandlerEv  exlib_uart.o
    0x00003d16   0x00003d16   0x00000002   PAD
    0x00003d18   0x00003d18   0x00000012   Code   RO         2233    .text._ZN5ExLib4UART21UART0InterruptHandlerEv  exlib_uart.o
    0x00003d2a   0x00003d2a   0x00000002   PAD
    0x00003d2c   0x00003d2c   0x00000012   Code   RO         2237    .text._ZN5ExLib4UART21UART1InterruptHandlerEv  exlib_uart.o
    0x00003d3e   0x00003d3e   0x00000002   PAD
    0x00003d40   0x00003d40   0x00000012   Code   RO         2239    .text._ZN5ExLib4UART21UART2InterruptHandlerEv  exlib_uart.o
    0x00003d52   0x00003d52   0x00000002   PAD
    0x00003d54   0x00003d54   0x00000012   Code   RO         2241    .text._ZN5ExLib4UART21UART3InterruptHandlerEv  exlib_uart.o
    0x00003d66   0x00003d66   0x00000002   PAD
    0x00003d68   0x00003d68   0x00000012   Code   RO         2243    .text._ZN5ExLib4UART21UART4InterruptHandlerEv  exlib_uart.o
    0x00003d7a   0x00003d7a   0x00000002   PAD
    0x00003d7c   0x00003d7c   0x00000012   Code   RO         2245    .text._ZN5ExLib4UART21UART5InterruptHandlerEv  exlib_uart.o
    0x00003d8e   0x00003d8e   0x00000002   PAD
    0x00003d90   0x00003d90   0x00000012   Code   RO         2247    .text._ZN5ExLib4UART21UART6InterruptHandlerEv  exlib_uart.o
    0x00003da2   0x00003da2   0x00000002   PAD
    0x00003da4   0x00003da4   0x00000012   Code   RO         2249    .text._ZN5ExLib4UART21UART7InterruptHandlerEv  exlib_uart.o
    0x00003db6   0x00003db6   0x00000002   PAD
    0x00003db8   0x00003db8   0x0000001c   Code   RO         2251    .text._ZN5ExLib4UART25getInterruptHandlerByNameENS_11UART_PeriphE  exlib_uart.o
    0x00003dd4   0x00003dd4   0x000000d4   Code   RO         2265    .text._ZN5ExLib4UART5beginEjNS_15UART_WordLengthENS_13UART_StopBitsENS_11UART_ParityE  exlib_uart.o
    0x00003ea8   0x00003ea8   0x0000001c   Code   RO         2269    .text._ZN5ExLib4UART5writeEc  exlib_uart.o
    0x00003ec4   0x00003ec4   0x00000046   Code   RO         2257    .text._ZN5ExLib4UART7setPinsENS_8GPIO_PinES1_  exlib_uart.o
    0x00003f0a   0x00003f0a   0x00000002   PAD
    0x00003f0c   0x00003f0c   0x000000f4   Code   RO         2255    .text._ZN5ExLib4UARTC2ENS_11UART_PeriphENS_8GPIO_PinES2_PNS_10BufferFIFOIcEE  exlib_uart.o
    0x00004000   0x00004000   0x00000040   Code   RO         2253    .text._ZN5ExLib4UARTC2ENS_11UART_PeriphEPNS_10BufferFIFOIcEE  exlib_uart.o
    0x00004040   0x00004040   0x00000018   Code   RO         2263    .text._ZN5ExLib4UARTD0Ev  exlib_uart.o
    0x00004058   0x00004058   0x0000003c   Code   RO         2259    .text._ZN5ExLib4UARTD2Ev  exlib_uart.o
    0x00004094   0x00004094   0x00000012   Code   RO         2261    .text._ZN5ExLib4UARTcvNS_11UART_PeriphEEv  exlib_uart.o
    0x000040a6   0x000040a6   0x00000002   PAD
    0x000040a8   0x000040a8   0x0000002a   Code   RO         2554    .text._ZN5ExLib6System14printExLibLOGOEv  exlib_system.o
    0x000040d2   0x000040d2   0x00000002   PAD
    0x000040d4   0x000040d4   0x00000038   Code   RO         2552    .text._ZN5ExLib6System14setDebugStreamERNS_11PrintStreamE  exlib_system.o
    0x0000410c   0x0000410c   0x00000008   Code   RO         2556    .text._ZN5ExLib6System19getSystemClockSpeedEv  exlib_system.o
    0x00004114   0x00004114   0x0000001e   Code   RO         2550    .text._ZN5ExLib6System4initEv  exlib_system.o
    0x00004132   0x00004132   0x00000002   PAD
    0x00004134   0x00004134   0x0000002c   Code   RO         2500    .text._ZN5ExLib7Precent7computeIjEET_S2_  exlib_hardwarepwm.o
    0x00004160   0x00004160   0x000000de   Code   RO         2610    .text._ZN5ExLib8usr_mainEv  main.o
    0x0000423e   0x0000423e   0x00000002   PAD
    0x00004240   0x00004240   0x00000054   Code   RO         2144    .text._ZN5ExLib9Exception14raiseExceptionEPKc  exlib_exception.o
    0x00004294   0x00004294   0x00000032   Code   RO         2146    .text._ZN5ExLib9Exception14raiseHardFaultEv  exlib_exception.o
    0x000042c6   0x000042c6   0x00000002   PAD
    0x000042c8   0x000042c8   0x0000002c   Code   RO         2142    .text._ZN5ExLib9Exception16hardFaultHandlerEv  exlib_exception.o
    0x000042f4   0x000042f4   0x00000010   Code   RO         2320    .text._ZN5ExLib9FrequencyC2Ej  exlib_units.o
    0x00004304   0x00004304   0x0000001c   Code   RO         2312    .text._ZN5ExLibli3_msEy  exlib_units.o
    0x00004320   0x00004320   0x00000016   Code   RO         2314    .text._ZN5ExLibli3_usEy  exlib_units.o
    0x00004336   0x00004336   0x00000002   PAD
    0x00004338   0x00004338   0x00000020   Code   RO         2326    .text._ZN5ExLibli4_MHzEy  exlib_units.o
    0x00004358   0x00004358   0x0000001c   Code   RO         2324    .text._ZN5ExLibli4_kHzEy  exlib_units.o
    0x00004374   0x00004374   0x0000006e   Code   RO         2318    .text._ZN5ExLibli4_pctEy  exlib_units.o
    0x000043e2   0x000043e2   0x00000002   PAD
    0x000043e4   0x000043e4   0x00000008   Code   RO         2336    .text._ZNSt3__214numeric_limitsIjE3maxB6v16000Ev  exlib_units.o
    0x000043ec   0x000043ec   0x00000006   Code   RO         2338    .text._ZNSt3__223__libcpp_numeric_limitsIjLb1EE3maxB6v16000Ev  exlib_units.o
    0x000043f2   0x000043f2   0x0000000c   Code   RO         2882    .text._ZSt15get_new_handlerv  libcppabi_w.l(cxa_handlers.cpp.o)
    0x000043fe   0x000043fe   0x00000002   PAD
    0x00004400   0x00004400   0x00000012   Code   RO         2577    .text._ZThn4_N5ExLib3I2C4readERc  exlib_i2c.o
    0x00004412   0x00004412   0x00000004   Code   RO         2684    .text._ZdlPv        libcpp_w.l(new.cpp.o)
    0x00004416   0x00004416   0x00000002   PAD
    0x00004418   0x00004418   0x00000026   Code   RO         2676    .text._Znwj         libcpp_w.l(new.cpp.o)
    0x0000443e   0x0000443e   0x00000002   PAD
    0x00004440   0x00004440   0x00000028   Code   RO         2719    .text.__cxa_pure_virtual  libcppabi_w.l(cxa_virtual.cpp.o)
    0x00004468   0x00004468   0x00000030   Code   RO         2598    .text.__cxx_global_var_init  main.o
    0x00004498   0x00004498   0x00000022   Code   RO         2600    .text.__cxx_global_var_init.1  main.o
    0x000044ba   0x000044ba   0x00000002   PAD
    0x000044bc   0x000044bc   0x00000022   Code   RO         2602    .text.__cxx_global_var_init.2  main.o
    0x000044de   0x000044de   0x00000002   PAD
    0x000044e0   0x000044e0   0x0000001c   Code   RO         2604    .text.__cxx_global_var_init.3  main.o
    0x000044fc   0x000044fc   0x0000001c   Code   RO         2606    .text.__cxx_global_var_init.4  main.o
    0x00004518   0x00004518   0x0000001c   Code   RO         2608    .text.__cxx_global_var_init.5  main.o
    0x00004534   0x00004534   0x00000004   Code   RO         2866    .text.abort_message  libcppabi_w.l(abort_message.cpp.o)
    0x00004538   0x00004538   0x00000014   Code   RO         2215    .text.main          exlib_main.o
    0x0000454c   0x0000454c   0x0000001a   Code   RO         2951    x$fpl$fpinit        fz_wm.l(fpinit.o)
    0x00004566   0x00004566   0x00000002   PAD
    0x00004568   0x00004568   0x00000018   Data   RO         2469    .rodata._ZTVN5ExLib10ReadStreamE  exlib_readstream.o
    0x00004580   0x00004580   0x00000018   Data   RO         2302    .rodata._ZTVN5ExLib10ScanStreamE  exlib_uart.o
    0x00004598   0x00004598   0x00000014   Data   RO         2493    .rodata._ZTVN5ExLib11HardwarePWME  exlib_hardwarepwm.o
    0x000045ac   0x000045ac   0x00000020   Data   RO         2301    .rodata._ZTVN5ExLib11PrintStreamE  exlib_uart.o
    0x000045cc   0x000045cc   0x00000018   Data   RO         2433    .rodata._ZTVN5ExLib11WriteStreamE  exlib_writestream.o
    0x000045e4   0x000045e4   0x00000014   Data   RO         2504    .rodata._ZTVN5ExLib13PWM_GeneratorE  exlib_hardwarepwm.o
    0x000045f8   0x000045f8   0x00000018   Data   RO         2449    .rodata._ZTVN5ExLib18ReadStreamBufferedE  exlib_readstreambuffered.o
    0x00004610   0x00004610   0x00000034   Data   RO         2587    .rodata._ZTVN5ExLib3I2CE  exlib_i2c.o
    0x00004644   0x00004644   0x00000038   Data   RO         2273    .rodata._ZTVN5ExLib4UARTE  exlib_uart.o
    0x0000467c   0x0000467c   0x00000018   Data   RO         2361    .rodata._ZZN5ExLib14configI2CClockENS_10I2C_PeriphEbE12sysCtlPeriph  util_i2c.o
    0x00004694   0x00004694   0x00000008   Data   RO         2540    .rodata._ZZN5ExLib16enableHWPWMClockENS_18HardwarePWM_PeriphEE12sysCtlPeriph  util_hardwarepwm.o
    0x0000469c   0x0000469c   0x00000010   Data   RO         2417    .rodata._ZZN5ExLib16getGPIOPinByNameENS_8GPIO_PinEE3pin  util_gpio.o
    0x000046ac   0x000046ac   0x00000020   Data   RO         2399    .rodata._ZZN5ExLib16getUARTIntByNameENS_11UART_PeriphEE7intName  util_uart.o
    0x000046cc   0x000046cc   0x00000048   Data   RO         2418    .rodata._ZZN5ExLib17getGPIOPortByNameENS_8GPIO_PinEE4port  util_gpio.o
    0x00004714   0x00004714   0x00000018   Data   RO         2357    .rodata._ZZN5ExLib18getI2CPeriphByNameENS_10I2C_PeriphEE6periph  util_i2c.o
    0x0000472c   0x0000472c   0x00000006   Data   RO         2359    .rodata._ZZN5ExLib19getI2CDefaultSCLPinENS_10I2C_PeriphEE10defaultSCL  util_i2c.o
    0x00004732   0x00004732   0x00000006   Data   RO         2360    .rodata._ZZN5ExLib19getI2CDefaultSDAPinENS_10I2C_PeriphEE10defaultSDA  util_i2c.o
    0x00004738   0x00004738   0x00000008   Data   RO         2397    .rodata._ZZN5ExLib19getUARTDefaultRxPinENS_11UART_PeriphEE9defaultRx  util_uart.o
    0x00004740   0x00004740   0x00000008   Data   RO         2398    .rodata._ZZN5ExLib19getUARTDefaultTxPinENS_11UART_PeriphEE9defaultTx  util_uart.o
    0x00004748   0x00004748   0x00000014   Data   RO         2396    .rodata._ZZN5ExLib19getUARTParityByNameENS_11UART_ParityEE6parity  util_uart.o
    0x0000475c   0x0000475c   0x00000020   Data   RO         2393    .rodata._ZZN5ExLib19getUARTPeriphByNameENS_11UART_PeriphEE10uartPeriph  util_uart.o
    0x0000477c   0x0000477c   0x00000008   Data   RO         2537    .rodata._ZZN5ExLib20getHWPWMModuleByNameENS_18HardwarePWM_PeriphEE6module  util_hardwarepwm.o
    0x00004784   0x00004784   0x00000008   Data   RO         2395    .rodata._ZZN5ExLib21getUARTStopBitsByNameENS_13UART_StopBitsEE8stopbits  util_uart.o
    0x0000478c   0x0000478c   0x00000010   Data   RO         2539    .rodata._ZZN5ExLib23getHWPWMGeneratorByNameENS_18HardwarePWM_PeriphEE9generator  util_hardwarepwm.o
    0x0000479c   0x0000479c   0x00000020   Data   RO         2542    .rodata._ZZN5ExLib30getHWPWMOutputByNameAndChannelENS_18HardwarePWM_PeriphEjE6output  util_hardwarepwm.o
    0x000047bc   0x000047bc   0x00000020   Data   RO         2541    .rodata._ZZN5ExLib33getHWPWMOutputBitByNameAndChannelENS_18HardwarePWM_PeriphEjE9outputBit  util_hardwarepwm.o
    0x000047dc   0x000047dc   0x00000020   Data   RO         2272    .rodata._ZZN5ExLib4UART25getInterruptHandlerByNameENS_11UART_PeriphEE24interruptHandlerFunction  exlib_uart.o
    0x000047fc   0x000047fc   0x00000040   Data   RO         1806    .rodata.g_ppui32UARTIntMap  uart.o
    0x0000483c   0x0000483c   0x00000040   Data   RO         1807    .rodata.g_ppui32UARTIntMapSnowflake  uart.o
    0x0000487c   0x0000487c   0x00000014   Data   RO         1050    .rodata.g_pui32EnRegs  interrupt.o
    0x00004890   0x00004890   0x00000090   Data   RO          769    .rodata.g_pui32GPIOBaseAddrs  gpio.o
    0x00004920   0x00004920   0x0000006c   Data   RO         1566    .rodata.g_pui32Xtals  sysctl.o
    0x0000498c   0x0000498c   0x0000006a   Data   RO         2150    .rodata.str1.1      exlib_exception.o
    0x000049f6   0x000049f6   0x00000058   Data   RO         2274    .rodata.str1.1      exlib_uart.o
    0x00004a4e   0x00004a4e   0x00000023   Data   RO         2358    .rodata.str1.1      util_i2c.o
    0x00004a71   0x00004a71   0x00000054   Data   RO         2394    .rodata.str1.1      util_uart.o
    0x00004ac5   0x00004ac5   0x0000000e   Data   RO         2419    .rodata.str1.1      util_gpio.o
    0x00004ad3   0x00004ad3   0x00000018   Data   RO         2492    .rodata.str1.1      exlib_hardwarepwm.o
    0x00004aeb   0x00004aeb   0x00000017   Data   RO         2538    .rodata.str1.1      util_hardwarepwm.o
    0x00004b02   0x00004b02   0x000000cb   Data   RO         2559    .rodata.str1.1      exlib_system.o
    0x00004bcd   0x00004bcd   0x00000010   Data   RO         2588    .rodata.str1.1      exlib_i2c.o
    0x00004bdd   0x00004bdd   0x00000013   Data   RO         2620    .rodata.str1.1      main.o
    0x00004bf0   0x00004bf0   0x00000020   Data   RO         3073    Region$$Table       anon$$obj.o
    0x00004c10   0x00004c10   0x00000004   Data   RO         2621    .init_array         main.o
    0x00004c14   0x00004c10   0x00000000   Data   RO         2652    .init_array         c_w.l(init_aeabi.o)


    Execution Region RW_IRAM1 (Exec base: 0x20000000, Load base: 0x00005000, Size: 0x00001448, Max: 0x00008000, ABSOLUTE, COMPRESSED[0x00000008])

    Exec Addr    Load Addr    Size         Type   Attr      Idx    E Section Name        Object

    0x20000000   COMPRESSED   0x0000026c   Data   RW         1047    vtable              interrupt.o
    0x2000026c   COMPRESSED   0x00000004   PAD
    0x20000270        -       0x00000060   Zero   RW         2969    .bss                c_w.l(libspace.o)
    0x200002d0        -       0x0000000c   Zero   RW         2616    .bss.PWMModule12    main.o
    0x200002dc        -       0x0000000c   Zero   RW         2615    .bss.PWMModule13    main.o
    0x200002e8        -       0x0000001c   Zero   RW         2614    .bss.Serial         main.o
    0x20000304        -       0x00000020   Zero   RW         2271    .bss._ZN5ExLib4UART11UARTObjectsE  exlib_uart.o
    0x20000324        -       0x00000004   Zero   RW         2558    .bss._ZN5ExLib6System11debugStreamE  exlib_system.o
    0x20000328        -       0x00000004   Zero   RW         2149    .bss._ZN5ExLib9Exception20lastExceptionMessageE  exlib_exception.o
    0x2000032c        -       0x00000004   Zero   RW         2962    .bss.__cxa_new_handler  libcppabi_w.l(cxa_default_handlers.cpp.o)
    0x20000330        -       0x00000008   Zero   RW         2617    .bss.pwmChannelB    main.o
    0x20000338        -       0x00000008   Zero   RW         2618    .bss.pwmChannelG    main.o
    0x20000340        -       0x00000008   Zero   RW         2619    .bss.pwmChannelR    main.o
    0x20000348        -       0x00001000   Zero   RW         2089    HEAP                startup_rvmdk.o
    0x20001348        -       0x00000100   Zero   RW         2088    STACK               startup_rvmdk.o


==============================================================================

Image component sizes


      Code (inc. data)   RO Data    RW Data    ZI Data      Debug   Object Name

       250          0        106          0          4      13344   exlib_exception.o
       430          0         64          0          0      16558   exlib_hardwarepwm.o
       978          0         68          0          0      16891   exlib_i2c.o
        28          0          0          0          0      11994   exlib_main.o
        82          0          0          0          0      12649   exlib_printstream.o
        76          0          0          0          0      14674   exlib_pwm.o
       182          0         24          0          0       1884   exlib_readstream.o
       142          0         24          0          0       2856   exlib_readstreambuffered.o
       136          0        203          0          4      13269   exlib_system.o
      1406          0        232          0         32      21980   exlib_uart.o
       266          0          0          0          0       7740   exlib_units.o
       164          0         24          0          0       1719   exlib_writestream.o
      1050          0        144          0          0      10056   gpio.o
       284          0          0          0          0       8758   i2c.o
       288          0         20        620          0       3798   interrupt.o
       896          0         23          0         76      17920   main.o
       338          0          0          0          0       7620   pwm.o
       676        640          0          0       4352        668   startup_rvmdk.o
      1366          0        108          0          0      11011   sysctl.o
       588          0        128          0          0       8089   uart.o
       642          0        102          0          0      15796   util_gpio.o
      1674          8        119          0          0      16870   util_hardwarepwm.o
      1592          0         95          0          0      16267   util_i2c.o
      2460          4        192          0          0      17904   util_uart.o

    ----------------------------------------------------------------------
     16144        652       1708        620       4472     270315   Object Totals
         0          0         32          0          0          0   (incl. Generated)
       150          0          0          0          4          0   (incl. Padding)

    ----------------------------------------------------------------------

      Code (inc. data)   RO Data    RW Data    ZI Data      Debug   Library Member Name

        58          0          0          0          0          0   __dczerorl.o
         8          0          0          0          0         68   __main.o
         0          0          0          0          0          0   __rtentry.o
        12          0          0          0          0          0   __rtentry2.o
         6          0          0          0          0          0   __rtentry4.o
        52          8          0          0          0          0   __scatter.o
        28          0          0          0          0          0   __scatter_zi.o
        22          0          0          0          0         80   abort.o
        46          0          0          0          0         84   aeabi_atexit.o
        10          0          0          0          0         68   cxa_atexit.o
        66          0          0          0          0         84   cxa_finalize.o
        48         34          0          0          0         76   defsig_abrt_inner.o
        14          0          0          0          0         80   defsig_abrt_outer.o
        10          0          0          0          0         68   defsig_exit.o
        50          0          0          0          0         88   defsig_general.o
        80         58          0          0          0         76   defsig_rtmem_inner.o
        14          0          0          0          0         80   defsig_rtmem_outer.o
        18          0          0          0          0         80   exit.o
        94          0          0          0          0         80   h1_alloc.o
        52          0          0          0          0         68   h1_extend.o
        78          0          0          0          0         80   h1_free.o
        14          0          0          0          0         84   h1_init.o
         6          0          0          0          0        152   heapauxi.o
         4          0          0          0          0        136   hguard.o
         0          0          0          0          0          0   indicate_semi.o
        36          8          0          0          0         80   init_aeabi.o
       138          0          0          0          0        168   init_alloc.o
         2          0          0          0          0          0   libinit.o
        18          0          0          0          0          0   libinit2.o
         2          0          0          0          0          0   libshutdown.o
         8          0          0          0          0          0   libshutdown2.o
         8          4          0          0         96         68   libspace.o
       116          0          0          0          0         84   llsdiv.o
       240          0          0          0          0        100   lludivv7m.o
         0          0          0          0          0          0   maybetermalloc1.o
         8          4          0          0          0         68   rt_ddtor_pointer_addr_intlibspace.o
         8          4          0          0          0         68   rt_heap_descriptor_intlibspace.o
         2          0          0          0          0          0   rtexit.o
        10          0          0          0          0          0   rtexit2.o
        12          4          0          0          0         68   sys_exit.o
        74          0          0          0          0         80   sys_stackheap_outer.o
        14          0          0          0          0         76   sys_wrch.o
         2          0          0          0          0         68   use_no_semi.o
        26          0          0          0          0        116   fpinit.o
        42          0          0          0          0        380   new.cpp.o
         4          0          0          0          0         36   abort_message.cpp.o
         0          0          0          0          4          0   cxa_default_handlers.cpp.o
        12          0          0          0          0        132   cxa_handlers.cpp.o
        40         32          0          0          0         52   cxa_virtual.cpp.o

    ----------------------------------------------------------------------
      1624        156          0          0        100       3176   Library Totals
        12          0          0          0          0          0   (incl. Padding)

    ----------------------------------------------------------------------

      Code (inc. data)   RO Data    RW Data    ZI Data      Debug   Library Name

      1488        124          0          0         96       2460   c_w.l
        26          0          0          0          0        116   fz_wm.l
        42          0          0          0          0        380   libcpp_w.l
        56         32          0          0          4        220   libcppabi_w.l

    ----------------------------------------------------------------------
      1624        156          0          0        100       3176   Library Totals

    ----------------------------------------------------------------------

==============================================================================


      Code (inc. data)   RO Data    RW Data    ZI Data      Debug   

     17768        808       1708        620       4572     271719   Grand Totals
     17768        808       1708          8       4572     271719   ELF Image Totals (compressed)
     17768        808       1708          8          0          0   ROM Totals

==============================================================================

    Total RO  Size (Code + RO Data)                19476 (  19.02kB)
    Total RW  Size (RW Data + ZI Data)              5192 (   5.07kB)
    Total ROM Size (Code + RO Data + RW Data)      19484 (  19.03kB)

==============================================================================

