<html>
<body>
<pre>
<h1>礦ision Build Log</h1>
<h2>Tool Versions:</h2>
IDE-Version: μVision V5.38.0.0
Copyright (C) 2022 ARM Ltd and ARM Germany GmbH. All rights reserved.
License Information: 汪汪队 记大过, -, LIC=FYKYW-QAUJP-56WQ2-9PSDP-97MGF-B3RIE
 
Tool Versions:
Toolchain:       MDK-ARM Plus  Version: 5.38.0.0
Toolchain Path:  C:\Keil_v5\ARM\ARMCLANG\Bin
C Compiler:      ArmClang.exe V6.19
Assembler:       Armasm.exe V6.19
Linker/Locator:  ArmLink.exe V6.19
Library Manager: ArmAr.exe V6.19
Hex Converter:   FromElf.exe V6.19
CPU DLL:         SARMCM3.DLL V5.38.0.0
Dialog DLL:      DCM.DLL V1.17.5.0
Target DLL:      CMSIS_AGDI.dll V1.33.15.0
Dialog DLL:      TCM.DLL V1.56.4.0
 
<h2>Project:</h2>
c:\Users\CHALLENGER\Documents\KeXieData\Library\ExLib\TM4C123G\TM4C123G_Test.uvprojx
Project File Date:  07/23/2023

<h2>Output:</h2>
*** Using Compiler 'V6.19', folder: 'C:\Keil_v5\ARM\ARMCLANG\Bin'
Rebuild target 'Target 1'
compiling emac.c...
compiling can.c...
compiling epi.c...
compiling gpio.c...
compiling cpu.c...
compiling aes.c...
compiling i2c.c...
compiling crc.c...
compiling comp.c...
compiling flash.c...
compiling fpu.c...
compiling interrupt.c...
compiling des.c...
compiling mpu.c...
compiling adc.c...
compiling eeprom.c...
compiling qei.c...
compiling hibernate.c...
compiling lcd.c...
compiling pwm.c...
compiling onewire.c...
compiling shamd5.c...
compiling systick.c...
compiling sw_crc.c...
compiling timer.c...
compiling sysexc.c...
compiling uart.c...
compiling ssi.c...
compiling sysctl.c...
compiling udma.c...
compiling watchdog.c...
compiling usb.c...
compiling ExLib_Exception.cpp...
compiling ExLib_PrintStream.cpp...
compiling ExLib_EXTI.cpp...
compiling ExLib_GPIO.cpp...
compiling ExLib_Main.cpp...
compiling ExLib_WriteStream.cpp...
assembling startup_rvmdk.S...
compiling ExLib_ReadStream.cpp...
compiling ExLib_ReadStreamBuffered.cpp...
compiling ExLib_BufferFIFO.cpp...
compiling ExLib_Units.cpp...
compiling Util_I2C.cpp...
compiling ExLib_UART.cpp...
compiling Util_UART.cpp...
compiling ExLib_PWM.cpp...
compiling ExLib_HardwarePWM.cpp...
compiling ExLib_System.cpp...
compiling Util_HardwarePWM.cpp...
compiling u8g2_box.c...
compiling ExLib_I2C.cpp...
compiling u8g2_bitmap.c...
compiling ExLib_ADC.cpp...
compiling Util_GPIO.cpp...
compiling ExLib_QuadraticEncoder.cpp...
compiling u8g2_buffer.c...
compiling Util_QuadraticEncoder.cpp...
compiling Util_ADC.cpp...
compiling ExLib_Timer.cpp...
compiling main.cpp...
compiling u8g2_button.c...
compiling u8g2_cleardisplay.c...
compiling Util_Timer.cpp...
compiling u8g2_circle.c...
compiling u8g2_d_memory.c...
compiling u8g2_input_value.c...
compiling u8g2_intersection.c...
compiling u8g2_hvline.c...
compiling u8g2_message.c...
compiling u8g2_kerning.c...
compiling u8g2_line.c...
compiling u8g2_ll_hvline.c...
compiling u8g2_font.c...
compiling u8g2_setup.c...
compiling u8log.c...
compiling u8g2_polygon.c...
compiling u8log_u8x8.c...
compiling u8log_u8g2.c...
compiling u8g2_selection_list.c...
compiling u8x8_byte.c...
compiling u8x8_8x8.c...
compiling u8x8_d_stdio.c...
compiling u8x8_cad.c...
compiling u8x8_capture.c...
compiling u8x8_debounce.c...
compiling u8x8_d_ssd1306_128x64_noname.c...
compiling u8x8_display.c...
compiling u8x8_gpio.c...
compiling u8x8_fonts.c...
compiling u8x8_input_value.c...
compiling u8x8_message.c...
compiling u8x8_setup.c...
compiling u8x8_selection_list.c...
compiling u8g2_fonts.c...
compiling u8x8_string.c...
compiling u8x8_u8toa.c...
compiling u8x8_d_a2printer.c...
compiling u8x8_d_hd44102.c...
compiling u8x8_d_gu800.c...
compiling u8x8_d_ist3020.c...
compiling u8x8_u16toa.c...
compiling u8x8_d_il3820_296x128.c...
compiling u8x8_d_ks0108.c...
compiling u8x8_d_pcd8544_84x48.c...
compiling u8x8_d_ist7920.c...
compiling u8x8_d_lc7981.c...
compiling u8x8_d_pcf8814_hx1230.c...
compiling u8x8_d_s1d15e06.c...
compiling u8x8_d_ld7032_60x32.c...
compiling u8x8_d_pcf8812.c...
compiling u8x8_d_ls013b7dh03.c...
compiling u8x8_d_sbn1661.c...
compiling u8x8_d_s1d15721.c...
compiling u8x8_d_max7219.c...
compiling u8x8_d_sh1107.c...
compiling u8x8_d_sed1330.c...
compiling u8x8_d_sh1106_64x32.c...
compiling u8x8_d_sh1106_72x40.c...
compiling u8x8_d_sh1108.c...
compiling u8x8_d_sh1122.c...
compiling u8x8_d_ssd1306_48x64.c...
compiling u8x8_d_ssd1305.c...
compiling u8x8_d_ssd1306_72x40.c...
compiling u8g2_d_setup.c...
compiling u8x8_d_ssd1306_64x48.c...
compiling u8x8_d_ssd1306_64x32.c...
compiling u8x8_d_ssd1306_96x16.c...
compiling u8x8_d_ssd1306_2040x16.c...
compiling u8x8_d_ssd1316.c...
compiling u8x8_d_ssd1306_128x32.c...
compiling u8x8_d_ssd1317.c...
compiling u8x8_d_ssd1309.c...
compiling u8x8_d_ssd1318.c...
compiling u8x8_d_ssd1320.c...
compiling u8x8_d_ssd1325.c...
compiling u8x8_d_ssd1322.c...
compiling u8x8_d_ssd1326.c...
compiling u8x8_d_ssd1606_172x72.c...
compiling u8x8_d_ssd1329.c...
compiling u8x8_d_ssd1327.c...
compiling u8x8_d_ssd1607_200x200.c...
compiling u8x8_d_st7511.c...
compiling u8x8_d_st7528.c...
compiling u8x8_d_st7586s_erc240160.c...
compiling u8x8_d_st7565.c...
compiling u8x8_d_st7586s_ymc240160.c...
compiling u8x8_d_st7588.c...
compiling u8x8_d_st7571.c...
compiling u8x8_d_st7920.c...
compiling u8x8_d_st7586s_s028hn118a.c...
compiling u8x8_d_st75320.c...
compiling u8x8_d_st75160.c...
compiling u8x8_d_st7567.c...
compiling u8x8_d_uc1609.c...
compiling u8x8_d_uc1601.c...
compiling u8x8_d_uc1604.c...
compiling u8x8_d_uc1610.c...
compiling u8x8_d_uc1608.c...
compiling u8x8_d_t6963.c...
compiling u8x8_d_st75256.c...
compiling u8x8_d_uc1638.c...
compiling u8x8_d_uc1701_mini12864.c...
compiling u8x8_d_uc1701_dogs102.c...
compiling u8x8_d_uc1617.c...
compiling u8x8_d_uc1611.c...
linking...
Program Size: Code=19272 RO-data=12136 RW-data=620 ZI-data=5868  
".\Objects\TM4C123G_Test.axf" - 0 Error(s), 0 Warning(s).

<h2>Software Packages used:</h2>

Package Vendor: Keil
                http://www.keil.com/pack/Keil.TM4C_DFP.1.1.0.pack
                Keil.TM4C_DFP.1.1.0
                Texas Instruments Tiva C Series Device Support and Examples

<h2>Collection of Component include folders:</h2>
  C:/Users/CHALLENGER/AppData/Local/Arm/Packs/Keil/TM4C_DFP/1.1.0/Device/Include/TM4C123

<h2>Collection of Component Files used:</h2>
Build Time Elapsed:  00:00:09
</pre>
</body>
</html>
