<html>
<body>
<pre>
<h1>礦ision Build Log</h1>
<h2>Tool Versions:</h2>
IDE-Version: μVision V5.38.0.0
Copyright (C) 2022 ARM Ltd and ARM Germany GmbH. All rights reserved.
License Information: 汪汪队 记大过, -, LIC=FYKYW-QAUJP-56WQ2-9PSDP-97MGF-B3RIE
 
Tool Versions:
Toolchain:       MDK-ARM Plus  Version: 5.38.0.0
Toolchain Path:  C:\Keil_v5\ARM\ARMCLANG\Bin
C Compiler:      ArmClang.exe V6.19
Assembler:       Armasm.exe V6.19
Linker/Locator:  ArmLink.exe V6.19
Library Manager: ArmAr.exe V6.19
Hex Converter:   FromElf.exe V6.19
CPU DLL:         SARMCM3.DLL V5.38.0.0
Dialog DLL:      DCM.DLL V1.17.5.0
Target DLL:      CMSIS_AGDI.dll V1.33.15.0
Dialog DLL:      TCM.DLL V1.56.4.0
 
<h2>Project:</h2>
c:\Users\CHALLENGER\Documents\KeXieData\Library\ExLib\TM4C123G\TM4C123G_Test.uvprojx
Project File Date:  07/17/2023

<h2>Output:</h2>
*** Using Compiler 'V6.19', folder: 'C:\Keil_v5\ARM\ARMCLANG\Bin'
Rebuild target 'Target 1'
compiling flash.c...
compiling des.c...
compiling comp.c...
compiling interrupt.c...
compiling fpu.c...
compiling emac.c...
compiling can.c...
compiling i2c.c...
compiling hibernate.c...
compiling crc.c...
compiling cpu.c...
compiling onewire.c...
compiling eeprom.c...
compiling mpu.c...
compiling adc.c...
compiling gpio.c...
compiling lcd.c...
compiling aes.c...
compiling epi.c...
compiling pwm.c...
compiling qei.c...
compiling shamd5.c...
compiling ssi.c...
compiling sw_crc.c...
compiling sysexc.c...
compiling sysctl.c...
compiling systick.c...
compiling timer.c...
compiling watchdog.c...
compiling usb.c...
compiling uart.c...
assembling startup_rvmdk.S...
compiling udma.c...
compiling ExLib_WriteStream.cpp...
compiling ExLib_ReadStreamBuffered.cpp...
compiling ExLib_GPIO.cpp...
compiling ExLib_Exception.cpp...
compiling ExLib_PrintStream.cpp...
compiling ExLib_Units.cpp...
compiling Util_I2C.cpp...
compiling ExLib_ReadStream.cpp...
compiling ExLib_EXTI.cpp...
compiling ExLib_BufferFIFO.cpp...
compiling ExLib_Main.cpp...
compiling ExLib_UART.cpp...
compiling Util_UART.cpp...
compiling Util_GPIO.cpp...
compiling ExLib_PWM.cpp...
compiling ExLib_HardwarePWM.cpp...
compiling ExLib_System.cpp...
compiling Util_HardwarePWM.cpp...
compiling main.cpp...
linking...
Program Size: Code=14584 RO-data=1472 RW-data=620 ZI-data=4548  
".\Objects\TM4C123G_Test.axf" - 0 Error(s), 0 Warning(s).

<h2>Software Packages used:</h2>

Package Vendor: Keil
                http://www.keil.com/pack/Keil.TM4C_DFP.1.1.0.pack
                Keil.TM4C_DFP.1.1.0
                Texas Instruments Tiva C Series Device Support and Examples

<h2>Collection of Component include folders:</h2>
  C:/Users/CHALLENGER/AppData/Local/Arm/Packs/Keil/TM4C_DFP/1.1.0/Device/Include/TM4C123

<h2>Collection of Component Files used:</h2>
Build Time Elapsed:  00:00:06
</pre>
</body>
</html>
