<!doctype html public "-//w3c//dtd html 4.0 transitional//en">
<html><head>
<title>Static Call Graph - [.\Objects\TM4C123G_Test.axf]</title></head>
<body><HR>
<H1>Static Call Graph for image .\Objects\TM4C123G_Test.axf</H1><HR>
<BR><P>#&#060CALLGRAPH&#062# ARM Linker, 6190004: Last Updated: Sun Jul 16 01:16:09 2023
<BR><P>
<H3>Maximum Stack Usage =        188 bytes + Unknown(Functions without stacksize, Cycles, Untraceable Function Pointers)</H3><H3>
Call chain for Maximum Stack Depth:</H3>
__rt_entry_main &rArr; main &rArr; ExLib::usr_main() &rArr; ExLib::UART::begin(unsigned int, ExLib::UART_WordLength, ExLib::UART_StopBits, ExLib::UART_Parity) &rArr; ExLib::configUARTPin(unsigned int, ExLib::GPIO_Pin, ExLib::GPIO_Pin) &rArr; GPIOPadConfigSet
<P>
<H3>
Functions with no stack information
</H3><UL>
 <LI><a href="#[0]">Reset_Handler</a>
 <LI><a href="#[46]">__user_initial_stackheap</a>
 <LI><a href="#[1]">NmiSR</a>
 <LI><a href="#[2]">FaultISR</a>
 <LI><a href="#[3]">IntDefaultHandler</a>
</UL>
</UL>
<P>
<H3>
Mutually Recursive functions
</H3> <LI><a href="#[1]">NmiSR</a>&nbsp;&nbsp;&nbsp;&rArr;&nbsp;&nbsp;&nbsp;<a href="#[1]">NmiSR</a><BR>
 <LI><a href="#[2]">FaultISR</a>&nbsp;&nbsp;&nbsp;&rArr;&nbsp;&nbsp;&nbsp;<a href="#[2]">FaultISR</a><BR>
 <LI><a href="#[3]">IntDefaultHandler</a>&nbsp;&nbsp;&nbsp;&rArr;&nbsp;&nbsp;&nbsp;<a href="#[3]">IntDefaultHandler</a><BR>
</UL>
<P>
<H3>
Function Pointers
</H3><UL>
 <LI><a href="#[2]">FaultISR</a> from startup_rvmdk.o(RESET) referenced from startup_rvmdk.o(RESET)
 <LI><a href="#[3]">IntDefaultHandler</a> from startup_rvmdk.o(RESET) referenced 114 times from startup_rvmdk.o(RESET)
 <LI><a href="#[1]">NmiSR</a> from startup_rvmdk.o(RESET) referenced from startup_rvmdk.o(RESET)
 <LI><a href="#[0]">Reset_Handler</a> from startup_rvmdk.o(RESET) referenced from startup_rvmdk.o(RESET)
 <LI><a href="#[1e]">_GLOBAL__sub_I_main.cpp</a> from main.o(.text._GLOBAL__sub_I_main.cpp) referenced from main.o(.init_array)
 <LI><a href="#[8]">ExLib::ReadStream::avaliableForRead()</a> from exlib_readstream.o(.text._ZN5ExLib10ReadStream16avaliableForReadEv) referenced from exlib_readstream.o(.rodata._ZTVN5ExLib10ReadStreamE)
 <LI><a href="#[8]">ExLib::ReadStream::avaliableForRead()</a> from exlib_readstream.o(.text._ZN5ExLib10ReadStream16avaliableForReadEv) referenced from exlib_uart.o(.rodata._ZTVN5ExLib10ScanStreamE)
 <LI><a href="#[8]">ExLib::ReadStream::avaliableForRead()</a> from exlib_readstream.o(.text._ZN5ExLib10ReadStream16avaliableForReadEv) referenced from exlib_readstreambuffered.o(.rodata._ZTVN5ExLib18ReadStreamBufferedE)
 <LI><a href="#[6]">ExLib::ReadStream::read(char*, unsigned int)</a> from exlib_readstream.o(.text._ZN5ExLib10ReadStream4readEPcj) referenced from exlib_readstream.o(.rodata._ZTVN5ExLib10ReadStreamE)
 <LI><a href="#[6]">ExLib::ReadStream::read(char*, unsigned int)</a> from exlib_readstream.o(.text._ZN5ExLib10ReadStream4readEPcj) referenced from exlib_uart.o(.rodata._ZTVN5ExLib10ScanStreamE)
 <LI><a href="#[6]">ExLib::ReadStream::read(char*, unsigned int)</a> from exlib_readstream.o(.text._ZN5ExLib10ReadStream4readEPcj) referenced from exlib_readstreambuffered.o(.rodata._ZTVN5ExLib18ReadStreamBufferedE)
 <LI><a href="#[6]">ExLib::ReadStream::read(char*, unsigned int)</a> from exlib_readstream.o(.text._ZN5ExLib10ReadStream4readEPcj) referenced from exlib_uart.o(.rodata._ZTVN5ExLib4UARTE)
 <LI><a href="#[7]">ExLib::ReadStream::readUntil(char*, char)</a> from exlib_readstream.o(.text._ZN5ExLib10ReadStream9readUntilEPcc) referenced from exlib_readstream.o(.rodata._ZTVN5ExLib10ReadStreamE)
 <LI><a href="#[7]">ExLib::ReadStream::readUntil(char*, char)</a> from exlib_readstream.o(.text._ZN5ExLib10ReadStream9readUntilEPcc) referenced from exlib_uart.o(.rodata._ZTVN5ExLib10ScanStreamE)
 <LI><a href="#[7]">ExLib::ReadStream::readUntil(char*, char)</a> from exlib_readstream.o(.text._ZN5ExLib10ReadStream9readUntilEPcc) referenced from exlib_readstreambuffered.o(.rodata._ZTVN5ExLib18ReadStreamBufferedE)
 <LI><a href="#[7]">ExLib::ReadStream::readUntil(char*, char)</a> from exlib_readstream.o(.text._ZN5ExLib10ReadStream9readUntilEPcc) referenced from exlib_uart.o(.rodata._ZTVN5ExLib4UARTE)
 <LI><a href="#[e]">ExLib::PrintStream::~PrintStream__deallocating()</a> from exlib_uart.o(.text._ZN5ExLib11PrintStreamD0Ev) referenced from exlib_uart.o(.rodata._ZTVN5ExLib11PrintStreamE)
 <LI><a href="#[d]">ExLib::PrintStream::~PrintStream__sub_object()</a> from exlib_uart.o(.text._ZN5ExLib11PrintStreamD2Ev) referenced from exlib_uart.o(.rodata._ZTVN5ExLib11PrintStreamE)
 <LI><a href="#[b]">ExLib::WriteStream::writeUntil(char const*, char)</a> from exlib_writestream.o(.text._ZN5ExLib11WriteStream10writeUntilEPKcc) referenced from exlib_uart.o(.rodata._ZTVN5ExLib11PrintStreamE)
 <LI><a href="#[b]">ExLib::WriteStream::writeUntil(char const*, char)</a> from exlib_writestream.o(.text._ZN5ExLib11WriteStream10writeUntilEPKcc) referenced from exlib_writestream.o(.rodata._ZTVN5ExLib11WriteStreamE)
 <LI><a href="#[b]">ExLib::WriteStream::writeUntil(char const*, char)</a> from exlib_writestream.o(.text._ZN5ExLib11WriteStream10writeUntilEPKcc) referenced from exlib_uart.o(.rodata._ZTVN5ExLib4UARTE)
 <LI><a href="#[c]">ExLib::WriteStream::avaliableForWrite()</a> from exlib_uart.o(.text._ZN5ExLib11WriteStream17avaliableForWriteEv) referenced from exlib_uart.o(.rodata._ZTVN5ExLib11PrintStreamE)
 <LI><a href="#[c]">ExLib::WriteStream::avaliableForWrite()</a> from exlib_uart.o(.text._ZN5ExLib11WriteStream17avaliableForWriteEv) referenced from exlib_writestream.o(.rodata._ZTVN5ExLib11WriteStreamE)
 <LI><a href="#[c]">ExLib::WriteStream::avaliableForWrite()</a> from exlib_uart.o(.text._ZN5ExLib11WriteStream17avaliableForWriteEv) referenced from exlib_uart.o(.rodata._ZTVN5ExLib4UARTE)
 <LI><a href="#[a]">ExLib::WriteStream::write(char const*, unsigned int)</a> from exlib_writestream.o(.text._ZN5ExLib11WriteStream5writeEPKcj) referenced from exlib_uart.o(.rodata._ZTVN5ExLib11PrintStreamE)
 <LI><a href="#[a]">ExLib::WriteStream::write(char const*, unsigned int)</a> from exlib_writestream.o(.text._ZN5ExLib11WriteStream5writeEPKcj) referenced from exlib_writestream.o(.rodata._ZTVN5ExLib11WriteStreamE)
 <LI><a href="#[a]">ExLib::WriteStream::write(char const*, unsigned int)</a> from exlib_writestream.o(.text._ZN5ExLib11WriteStream5writeEPKcj) referenced from exlib_uart.o(.rodata._ZTVN5ExLib4UARTE)
 <LI><a href="#[9]">ExLib::ReadStreamBuffered::read(char&)</a> from exlib_readstreambuffered.o(.text._ZN5ExLib18ReadStreamBuffered4readERc) referenced from exlib_uart.o(.rodata._ZTVN5ExLib10ScanStreamE)
 <LI><a href="#[9]">ExLib::ReadStreamBuffered::read(char&)</a> from exlib_readstreambuffered.o(.text._ZN5ExLib18ReadStreamBuffered4readERc) referenced from exlib_readstreambuffered.o(.rodata._ZTVN5ExLib18ReadStreamBufferedE)
 <LI><a href="#[f]">ExLib::GPIO::printTo(ExLib::PrintStream&)</a> from exlib_gpio.o(.text._ZN5ExLib4GPIO7printToERNS_11PrintStreamE) referenced from exlib_gpio.o(.rodata._ZTVN5ExLib4GPIOE)
 <LI><a href="#[13]">ExLib::UART::avaliableForRead()</a> from exlib_uart.o(.text._ZN5ExLib4UART16avaliableForReadEv) referenced from exlib_uart.o(.rodata._ZTVN5ExLib4UARTE)
 <LI><a href="#[16]">ExLib::UART::UART0InterruptHandler()</a> from exlib_uart.o(.text._ZN5ExLib4UART21UART0InterruptHandlerEv) referenced from exlib_uart.o(.rodata._ZZN5ExLib4UART25getInterruptHandlerByNameENS_11UART_PeriphEE24interruptHandlerFunction)
 <LI><a href="#[17]">ExLib::UART::UART1InterruptHandler()</a> from exlib_uart.o(.text._ZN5ExLib4UART21UART1InterruptHandlerEv) referenced from exlib_uart.o(.rodata._ZZN5ExLib4UART25getInterruptHandlerByNameENS_11UART_PeriphEE24interruptHandlerFunction)
 <LI><a href="#[18]">ExLib::UART::UART2InterruptHandler()</a> from exlib_uart.o(.text._ZN5ExLib4UART21UART2InterruptHandlerEv) referenced from exlib_uart.o(.rodata._ZZN5ExLib4UART25getInterruptHandlerByNameENS_11UART_PeriphEE24interruptHandlerFunction)
 <LI><a href="#[19]">ExLib::UART::UART3InterruptHandler()</a> from exlib_uart.o(.text._ZN5ExLib4UART21UART3InterruptHandlerEv) referenced from exlib_uart.o(.rodata._ZZN5ExLib4UART25getInterruptHandlerByNameENS_11UART_PeriphEE24interruptHandlerFunction)
 <LI><a href="#[1a]">ExLib::UART::UART4InterruptHandler()</a> from exlib_uart.o(.text._ZN5ExLib4UART21UART4InterruptHandlerEv) referenced from exlib_uart.o(.rodata._ZZN5ExLib4UART25getInterruptHandlerByNameENS_11UART_PeriphEE24interruptHandlerFunction)
 <LI><a href="#[1b]">ExLib::UART::UART5InterruptHandler()</a> from exlib_uart.o(.text._ZN5ExLib4UART21UART5InterruptHandlerEv) referenced from exlib_uart.o(.rodata._ZZN5ExLib4UART25getInterruptHandlerByNameENS_11UART_PeriphEE24interruptHandlerFunction)
 <LI><a href="#[1c]">ExLib::UART::UART6InterruptHandler()</a> from exlib_uart.o(.text._ZN5ExLib4UART21UART6InterruptHandlerEv) referenced from exlib_uart.o(.rodata._ZZN5ExLib4UART25getInterruptHandlerByNameENS_11UART_PeriphEE24interruptHandlerFunction)
 <LI><a href="#[1d]">ExLib::UART::UART7InterruptHandler()</a> from exlib_uart.o(.text._ZN5ExLib4UART21UART7InterruptHandlerEv) referenced from exlib_uart.o(.rodata._ZZN5ExLib4UART25getInterruptHandlerByNameENS_11UART_PeriphEE24interruptHandlerFunction)
 <LI><a href="#[12]">ExLib::UART::read(char&)</a> from exlib_uart.o(.text._ZN5ExLib4UART4readERc) referenced from exlib_uart.o(.rodata._ZTVN5ExLib4UARTE)
 <LI><a href="#[10]">ExLib::UART::write(char)</a> from exlib_uart.o(.text._ZN5ExLib4UART5writeEc) referenced from exlib_uart.o(.rodata._ZTVN5ExLib4UARTE)
 <LI><a href="#[11]">ExLib::UART::~UART__deallocating()</a> from exlib_uart.o(.text._ZN5ExLib4UARTD0Ev) referenced from exlib_uart.o(.rodata._ZTVN5ExLib4UARTE)
 <LI><a href="#[4]">ExLib::UART::~UART()</a> from exlib_uart.o(.text._ZN5ExLib4UARTD2Ev) referenced from exlib_uart.o(.rodata._ZTVN5ExLib4UARTE)
 <LI><a href="#[4]">ExLib::UART::~UART()</a> from exlib_uart.o(.text._ZN5ExLib4UARTD2Ev) referenced 2 times from main.o(.text.__cxx_global_var_init.1)
 <LI><a href="#[15]">non-virtual thunk to ExLib::UART::avaliableForRead()</a> from exlib_uart.o(.text._ZThn4_N5ExLib4UART16avaliableForReadEv) referenced from exlib_uart.o(.rodata._ZTVN5ExLib4UARTE)
 <LI><a href="#[14]">non-virtual thunk to ExLib::UART::read(char&)</a> from exlib_uart.o(.text._ZThn4_N5ExLib4UART4readERc) referenced from exlib_uart.o(.rodata._ZTVN5ExLib4UARTE)
 <LI><a href="#[5]">__cxa_pure_virtual</a> from cxa_virtual.cpp.o(.text.__cxa_pure_virtual) referenced from exlib_readstream.o(.rodata._ZTVN5ExLib10ReadStreamE)
 <LI><a href="#[5]">__cxa_pure_virtual</a> from cxa_virtual.cpp.o(.text.__cxa_pure_virtual) referenced from exlib_uart.o(.rodata._ZTVN5ExLib11PrintStreamE)
 <LI><a href="#[5]">__cxa_pure_virtual</a> from cxa_virtual.cpp.o(.text.__cxa_pure_virtual) referenced from exlib_writestream.o(.rodata._ZTVN5ExLib11WriteStreamE)
 <LI><a href="#[5]">__cxa_pure_virtual</a> from cxa_virtual.cpp.o(.text.__cxa_pure_virtual) referenced from exlib_gpio.o(.rodata._ZTVN5ExLib9PrintableE)
</UL>
<P>
<H3>
Global Symbols
</H3>
<P><STRONG><a name="[0]"></a>Reset_Handler</STRONG> (Thumb, 0 bytes, Stack size unknown bytes, startup_rvmdk.o(RESET))
<BR><BR>[Calls]<UL><LI><a href="#[20]">&gt;&gt;</a>&nbsp;&nbsp;&nbsp;__main
</UL>
<BR>[Address Reference Count : 1]<UL><LI> startup_rvmdk.o(RESET)
</UL>
<P><STRONG><a name="[20]"></a>__main</STRONG> (Thumb, 8 bytes, Stack size 0 bytes, __main.o(!!!main))
<BR><BR>[Calls]<UL><LI><a href="#[22]">&gt;&gt;</a>&nbsp;&nbsp;&nbsp;__rt_entry
<LI><a href="#[21]">&gt;&gt;</a>&nbsp;&nbsp;&nbsp;__scatterload
</UL>
<BR>[Called By]<UL><LI><a href="#[0]">&gt;&gt;</a>&nbsp;&nbsp;&nbsp;Reset_Handler
</UL>

<P><STRONG><a name="[21]"></a>__scatterload</STRONG> (Thumb, 0 bytes, Stack size unknown bytes, __scatter.o(!!!scatter))
<BR><BR>[Called By]<UL><LI><a href="#[20]">&gt;&gt;</a>&nbsp;&nbsp;&nbsp;__main
</UL>

<P><STRONG><a name="[23]"></a>__scatterload_rt2</STRONG> (Thumb, 44 bytes, Stack size unknown bytes, __scatter.o(!!!scatter), UNUSED)
<BR><BR>[Calls]<UL><LI><a href="#[22]">&gt;&gt;</a>&nbsp;&nbsp;&nbsp;__rt_entry
</UL>

<P><STRONG><a name="[9c]"></a>__scatterload_rt2_thumb_only</STRONG> (Thumb, 0 bytes, Stack size unknown bytes, __scatter.o(!!!scatter), UNUSED)

<P><STRONG><a name="[9d]"></a>__scatterload_null</STRONG> (Thumb, 0 bytes, Stack size unknown bytes, __scatter.o(!!!scatter), UNUSED)

<P><STRONG><a name="[9e]"></a>__decompress</STRONG> (Thumb, 58 bytes, Stack size unknown bytes, __dczerorl.o(!!dczerorl), UNUSED)

<P><STRONG><a name="[9f]"></a>__decompress0</STRONG> (Thumb, 0 bytes, Stack size unknown bytes, __dczerorl.o(!!dczerorl), UNUSED)

<P><STRONG><a name="[a0]"></a>__scatterload_zeroinit</STRONG> (Thumb, 28 bytes, Stack size unknown bytes, __scatter_zi.o(!!handler_zi), UNUSED)

<P><STRONG><a name="[2e]"></a>__rt_lib_init</STRONG> (Thumb, 0 bytes, Stack size unknown bytes, libinit.o(.ARM.Collect$$libinit$$00000000))
<BR><BR>[Called By]<UL><LI><a href="#[2d]">&gt;&gt;</a>&nbsp;&nbsp;&nbsp;__rt_entry_li
</UL>

<P><STRONG><a name="[24]"></a>__rt_lib_init_fp_1</STRONG> (Thumb, 0 bytes, Stack size unknown bytes, libinit2.o(.ARM.Collect$$libinit$$00000001))
<BR><BR>[Calls]<UL><LI><a href="#[25]">&gt;&gt;</a>&nbsp;&nbsp;&nbsp;_fp_init
</UL>

<P><STRONG><a name="[26]"></a>__rt_lib_init_heap_2</STRONG> (Thumb, 0 bytes, Stack size unknown bytes, libinit2.o(.ARM.Collect$$libinit$$00000007))
<BR><BR>[Stack]<UL><LI>Max Depth = 64 + Unknown Stack Size
<LI>Call Chain = __rt_lib_init_heap_2 &rArr; _init_alloc &rArr; __rt_SIGRTMEM &rArr; __rt_SIGRTMEM_inner &rArr; __default_signal_display &rArr; _ttywrch
</UL>
<BR>[Calls]<UL><LI><a href="#[27]">&gt;&gt;</a>&nbsp;&nbsp;&nbsp;_init_alloc
</UL>

<P><STRONG><a name="[a1]"></a>__rt_lib_init_preinit_1</STRONG> (Thumb, 0 bytes, Stack size unknown bytes, libinit2.o(.ARM.Collect$$libinit$$00000006))

<P><STRONG><a name="[a2]"></a>__rt_lib_init_relocate_pie_1</STRONG> (Thumb, 0 bytes, Stack size unknown bytes, libinit2.o(.ARM.Collect$$libinit$$00000004))

<P><STRONG><a name="[a3]"></a>__rt_lib_init_alloca_1</STRONG> (Thumb, 0 bytes, Stack size unknown bytes, libinit2.o(.ARM.Collect$$libinit$$00000030))

<P><STRONG><a name="[a4]"></a>__rt_lib_init_argv_1</STRONG> (Thumb, 0 bytes, Stack size unknown bytes, libinit2.o(.ARM.Collect$$libinit$$0000002E))

<P><STRONG><a name="[a5]"></a>__rt_lib_init_atexit_1</STRONG> (Thumb, 0 bytes, Stack size unknown bytes, libinit2.o(.ARM.Collect$$libinit$$0000001D))

<P><STRONG><a name="[a6]"></a>__rt_lib_init_clock_1</STRONG> (Thumb, 0 bytes, Stack size unknown bytes, libinit2.o(.ARM.Collect$$libinit$$00000023))

<P><STRONG><a name="[28]"></a>__rt_lib_init_cpp_2</STRONG> (Thumb, 0 bytes, Stack size unknown bytes, libinit2.o(.ARM.Collect$$libinit$$00000033))
<BR><BR>[Stack]<UL><LI>Max Depth = 16 + Unknown Stack Size
<LI>Call Chain = __rt_lib_init_cpp_2 &rArr; __cpp_initialize__aeabi_
</UL>
<BR>[Calls]<UL><LI><a href="#[1f]">&gt;&gt;</a>&nbsp;&nbsp;&nbsp;__cpp_initialize__aeabi_
</UL>

<P><STRONG><a name="[a7]"></a>__rt_lib_init_exceptions_1</STRONG> (Thumb, 0 bytes, Stack size unknown bytes, libinit2.o(.ARM.Collect$$libinit$$00000032))

<P><STRONG><a name="[a8]"></a>__rt_lib_init_fp_trap_1</STRONG> (Thumb, 0 bytes, Stack size unknown bytes, libinit2.o(.ARM.Collect$$libinit$$00000021))

<P><STRONG><a name="[a9]"></a>__rt_lib_init_getenv_1</STRONG> (Thumb, 0 bytes, Stack size unknown bytes, libinit2.o(.ARM.Collect$$libinit$$00000025))

<P><STRONG><a name="[aa]"></a>__rt_lib_init_heap_1</STRONG> (Thumb, 0 bytes, Stack size unknown bytes, libinit2.o(.ARM.Collect$$libinit$$0000000C))

<P><STRONG><a name="[ab]"></a>__rt_lib_init_lc_collate_1</STRONG> (Thumb, 0 bytes, Stack size unknown bytes, libinit2.o(.ARM.Collect$$libinit$$00000013))

<P><STRONG><a name="[ac]"></a>__rt_lib_init_lc_ctype_1</STRONG> (Thumb, 0 bytes, Stack size unknown bytes, libinit2.o(.ARM.Collect$$libinit$$00000015))

<P><STRONG><a name="[ad]"></a>__rt_lib_init_lc_monetary_1</STRONG> (Thumb, 0 bytes, Stack size unknown bytes, libinit2.o(.ARM.Collect$$libinit$$00000017))

<P><STRONG><a name="[ae]"></a>__rt_lib_init_lc_numeric_1</STRONG> (Thumb, 0 bytes, Stack size unknown bytes, libinit2.o(.ARM.Collect$$libinit$$00000019))

<P><STRONG><a name="[af]"></a>__rt_lib_init_lc_time_1</STRONG> (Thumb, 0 bytes, Stack size unknown bytes, libinit2.o(.ARM.Collect$$libinit$$0000001B))

<P><STRONG><a name="[b0]"></a>__rt_lib_init_rand_1</STRONG> (Thumb, 0 bytes, Stack size unknown bytes, libinit2.o(.ARM.Collect$$libinit$$00000010))

<P><STRONG><a name="[b1]"></a>__rt_lib_init_signal_1</STRONG> (Thumb, 0 bytes, Stack size unknown bytes, libinit2.o(.ARM.Collect$$libinit$$0000001F))

<P><STRONG><a name="[b2]"></a>__rt_lib_init_stdio_1</STRONG> (Thumb, 0 bytes, Stack size unknown bytes, libinit2.o(.ARM.Collect$$libinit$$00000027))

<P><STRONG><a name="[b3]"></a>__rt_lib_init_user_alloc_1</STRONG> (Thumb, 0 bytes, Stack size unknown bytes, libinit2.o(.ARM.Collect$$libinit$$0000000E))

<P><STRONG><a name="[b4]"></a>__rt_lib_init_cpp_1</STRONG> (Thumb, 0 bytes, Stack size unknown bytes, libinit2.o(.ARM.Collect$$libinit$$00000034))

<P><STRONG><a name="[b5]"></a>__rt_lib_init_return</STRONG> (Thumb, 0 bytes, Stack size unknown bytes, libinit2.o(.ARM.Collect$$libinit$$00000035))

<P><STRONG><a name="[33]"></a>__rt_lib_shutdown</STRONG> (Thumb, 0 bytes, Stack size unknown bytes, libshutdown.o(.ARM.Collect$$libshutdown$$00000000))
<BR><BR>[Called By]<UL><LI><a href="#[3c]">&gt;&gt;</a>&nbsp;&nbsp;&nbsp;abort
<LI><a href="#[32]">&gt;&gt;</a>&nbsp;&nbsp;&nbsp;__rt_exit_ls
</UL>

<P><STRONG><a name="[29]"></a>__rt_lib_shutdown_cpp_2</STRONG> (Thumb, 0 bytes, Stack size unknown bytes, libshutdown2.o(.ARM.Collect$$libshutdown$$00000001))
<BR><BR>[Stack]<UL><LI>Max Depth = 40 + Unknown Stack Size
<LI>Call Chain = __rt_lib_shutdown_cpp_2 &rArr; __cxa_finalize &rArr; free
</UL>
<BR>[Calls]<UL><LI><a href="#[2a]">&gt;&gt;</a>&nbsp;&nbsp;&nbsp;__cxa_finalize
</UL>

<P><STRONG><a name="[b6]"></a>__rt_lib_shutdown_cpp_1</STRONG> (Thumb, 0 bytes, Stack size unknown bytes, libshutdown2.o(.ARM.Collect$$libshutdown$$00000002))

<P><STRONG><a name="[b7]"></a>__rt_lib_shutdown_fp_trap_1</STRONG> (Thumb, 0 bytes, Stack size unknown bytes, libshutdown2.o(.ARM.Collect$$libshutdown$$00000007))

<P><STRONG><a name="[b8]"></a>__rt_lib_shutdown_heap_1</STRONG> (Thumb, 0 bytes, Stack size unknown bytes, libshutdown2.o(.ARM.Collect$$libshutdown$$0000000F))

<P><STRONG><a name="[b9]"></a>__rt_lib_shutdown_return</STRONG> (Thumb, 0 bytes, Stack size unknown bytes, libshutdown2.o(.ARM.Collect$$libshutdown$$00000010))

<P><STRONG><a name="[ba]"></a>__rt_lib_shutdown_signal_1</STRONG> (Thumb, 0 bytes, Stack size unknown bytes, libshutdown2.o(.ARM.Collect$$libshutdown$$0000000A))

<P><STRONG><a name="[bb]"></a>__rt_lib_shutdown_stdio_1</STRONG> (Thumb, 0 bytes, Stack size unknown bytes, libshutdown2.o(.ARM.Collect$$libshutdown$$00000004))

<P><STRONG><a name="[bc]"></a>__rt_lib_shutdown_user_alloc_1</STRONG> (Thumb, 0 bytes, Stack size unknown bytes, libshutdown2.o(.ARM.Collect$$libshutdown$$0000000C))

<P><STRONG><a name="[22]"></a>__rt_entry</STRONG> (Thumb, 0 bytes, Stack size unknown bytes, __rtentry.o(.ARM.Collect$$rtentry$$00000000))
<BR><BR>[Called By]<UL><LI><a href="#[20]">&gt;&gt;</a>&nbsp;&nbsp;&nbsp;__main
<LI><a href="#[23]">&gt;&gt;</a>&nbsp;&nbsp;&nbsp;__scatterload_rt2
</UL>

<P><STRONG><a name="[bd]"></a>__rt_entry_presh_1</STRONG> (Thumb, 0 bytes, Stack size unknown bytes, __rtentry2.o(.ARM.Collect$$rtentry$$00000002))

<P><STRONG><a name="[2b]"></a>__rt_entry_sh</STRONG> (Thumb, 0 bytes, Stack size unknown bytes, __rtentry4.o(.ARM.Collect$$rtentry$$00000004))
<BR><BR>[Stack]<UL><LI>Max Depth = 8 + Unknown Stack Size
<LI>Call Chain = __rt_entry_sh &rArr; __user_setup_stackheap
</UL>
<BR>[Calls]<UL><LI><a href="#[2c]">&gt;&gt;</a>&nbsp;&nbsp;&nbsp;__user_setup_stackheap
</UL>

<P><STRONG><a name="[2d]"></a>__rt_entry_li</STRONG> (Thumb, 0 bytes, Stack size unknown bytes, __rtentry2.o(.ARM.Collect$$rtentry$$0000000A))
<BR><BR>[Calls]<UL><LI><a href="#[2e]">&gt;&gt;</a>&nbsp;&nbsp;&nbsp;__rt_lib_init
</UL>

<P><STRONG><a name="[be]"></a>__rt_entry_postsh_1</STRONG> (Thumb, 0 bytes, Stack size unknown bytes, __rtentry2.o(.ARM.Collect$$rtentry$$00000009))

<P><STRONG><a name="[2f]"></a>__rt_entry_main</STRONG> (Thumb, 0 bytes, Stack size unknown bytes, __rtentry2.o(.ARM.Collect$$rtentry$$0000000D))
<BR><BR>[Stack]<UL><LI>Max Depth = 188 + Unknown Stack Size
<LI>Call Chain = __rt_entry_main &rArr; main &rArr; ExLib::usr_main() &rArr; ExLib::UART::begin(unsigned int, ExLib::UART_WordLength, ExLib::UART_StopBits, ExLib::UART_Parity) &rArr; ExLib::configUARTPin(unsigned int, ExLib::GPIO_Pin, ExLib::GPIO_Pin) &rArr; GPIOPadConfigSet
</UL>
<BR>[Calls]<UL><LI><a href="#[30]">&gt;&gt;</a>&nbsp;&nbsp;&nbsp;main
<LI><a href="#[31]">&gt;&gt;</a>&nbsp;&nbsp;&nbsp;exit
</UL>

<P><STRONG><a name="[bf]"></a>__rt_entry_postli_1</STRONG> (Thumb, 0 bytes, Stack size unknown bytes, __rtentry2.o(.ARM.Collect$$rtentry$$0000000C))

<P><STRONG><a name="[47]"></a>__rt_exit</STRONG> (Thumb, 0 bytes, Stack size unknown bytes, rtexit.o(.ARM.Collect$$rtexit$$00000000))
<BR><BR>[Called By]<UL><LI><a href="#[31]">&gt;&gt;</a>&nbsp;&nbsp;&nbsp;exit
</UL>

<P><STRONG><a name="[32]"></a>__rt_exit_ls</STRONG> (Thumb, 0 bytes, Stack size unknown bytes, rtexit2.o(.ARM.Collect$$rtexit$$00000003))
<BR><BR>[Calls]<UL><LI><a href="#[33]">&gt;&gt;</a>&nbsp;&nbsp;&nbsp;__rt_lib_shutdown
</UL>

<P><STRONG><a name="[c0]"></a>__rt_exit_prels_1</STRONG> (Thumb, 0 bytes, Stack size unknown bytes, rtexit2.o(.ARM.Collect$$rtexit$$00000002))

<P><STRONG><a name="[34]"></a>__rt_exit_exit</STRONG> (Thumb, 0 bytes, Stack size unknown bytes, rtexit2.o(.ARM.Collect$$rtexit$$00000004))
<BR><BR>[Calls]<UL><LI><a href="#[35]">&gt;&gt;</a>&nbsp;&nbsp;&nbsp;_sys_exit
</UL>

<P><STRONG><a name="[46]"></a>__user_initial_stackheap</STRONG> (Thumb, 0 bytes, Stack size unknown bytes, startup_rvmdk.o(.text))
<BR><BR>[Called By]<UL><LI><a href="#[2c]">&gt;&gt;</a>&nbsp;&nbsp;&nbsp;__user_setup_stackheap
</UL>

<P><STRONG><a name="[36]"></a>__cxa_atexit</STRONG> (Thumb, 10 bytes, Stack size 0 bytes, cxa_atexit.o(.text))
<BR><BR>[Stack]<UL><LI>Max Depth = 72<LI>Call Chain = __cxa_atexit &rArr; __aeabi_atexit &rArr; malloc &rArr; __Heap_Full &rArr; __Heap_ProvideMemory &rArr; free
</UL>
<BR>[Calls]<UL><LI><a href="#[37]">&gt;&gt;</a>&nbsp;&nbsp;&nbsp;__aeabi_atexit
</UL>
<BR>[Called By]<UL><LI><a href="#[55]">&gt;&gt;</a>&nbsp;&nbsp;&nbsp;__cxx_global_var_init.1
</UL>

<P><STRONG><a name="[c1]"></a>__use_two_region_memory</STRONG> (Thumb, 2 bytes, Stack size 0 bytes, heapauxi.o(.text), UNUSED)

<P><STRONG><a name="[c2]"></a>__rt_heap_escrow</STRONG> (Thumb, 2 bytes, Stack size 0 bytes, heapauxi.o(.text), UNUSED)

<P><STRONG><a name="[c3]"></a>__rt_heap_expand</STRONG> (Thumb, 2 bytes, Stack size 0 bytes, heapauxi.o(.text), UNUSED)

<P><STRONG><a name="[1f]"></a>__cpp_initialize__aeabi_</STRONG> (Thumb, 28 bytes, Stack size 16 bytes, init_aeabi.o(.text))
<BR><BR>[Stack]<UL><LI>Max Depth = 16<LI>Call Chain = __cpp_initialize__aeabi_
</UL>
<BR>[Called By]<UL><LI><a href="#[28]">&gt;&gt;</a>&nbsp;&nbsp;&nbsp;__rt_lib_init_cpp_2
</UL>

<P><STRONG><a name="[38]"></a>malloc</STRONG> (Thumb, 94 bytes, Stack size 16 bytes, h1_alloc.o(.text))
<BR><BR>[Stack]<UL><LI>Max Depth = 48<LI>Call Chain = malloc &rArr; __Heap_Full &rArr; __Heap_ProvideMemory &rArr; free
</UL>
<BR>[Calls]<UL><LI><a href="#[3a]">&gt;&gt;</a>&nbsp;&nbsp;&nbsp;__Heap_Full
<LI><a href="#[39]">&gt;&gt;</a>&nbsp;&nbsp;&nbsp;__rt_heap_descriptor
</UL>
<BR>[Called By]<UL><LI><a href="#[37]">&gt;&gt;</a>&nbsp;&nbsp;&nbsp;__aeabi_atexit
<LI><a href="#[57]">&gt;&gt;</a>&nbsp;&nbsp;&nbsp;operator new(unsigned int)
</UL>

<P><STRONG><a name="[3b]"></a>free</STRONG> (Thumb, 78 bytes, Stack size 16 bytes, h1_free.o(.text))
<BR><BR>[Stack]<UL><LI>Max Depth = 16<LI>Call Chain = free
</UL>
<BR>[Calls]<UL><LI><a href="#[39]">&gt;&gt;</a>&nbsp;&nbsp;&nbsp;__rt_heap_descriptor
</UL>
<BR>[Called By]<UL><LI><a href="#[97]">&gt;&gt;</a>&nbsp;&nbsp;&nbsp;operator delete(void*)
<LI><a href="#[3f]">&gt;&gt;</a>&nbsp;&nbsp;&nbsp;__Heap_ProvideMemory
<LI><a href="#[2a]">&gt;&gt;</a>&nbsp;&nbsp;&nbsp;__cxa_finalize
</UL>

<P><STRONG><a name="[3c]"></a>abort</STRONG> (Thumb, 22 bytes, Stack size 8 bytes, abort.o(.text))
<BR><BR>[Stack]<UL><LI>Max Depth = 48 + Unknown Stack Size
<LI>Call Chain = abort &rArr; __rt_SIGABRT &rArr; __rt_SIGABRT_inner &rArr; __default_signal_display &rArr; _ttywrch
</UL>
<BR>[Calls]<UL><LI><a href="#[35]">&gt;&gt;</a>&nbsp;&nbsp;&nbsp;_sys_exit
<LI><a href="#[33]">&gt;&gt;</a>&nbsp;&nbsp;&nbsp;__rt_lib_shutdown
<LI><a href="#[3d]">&gt;&gt;</a>&nbsp;&nbsp;&nbsp;__rt_SIGABRT
</UL>
<BR>[Called By]<UL><LI><a href="#[9b]">&gt;&gt;</a>&nbsp;&nbsp;&nbsp;abort_message
</UL>

<P><STRONG><a name="[37]"></a>__aeabi_atexit</STRONG> (Thumb, 46 bytes, Stack size 24 bytes, aeabi_atexit.o(.text))
<BR><BR>[Stack]<UL><LI>Max Depth = 72<LI>Call Chain = __aeabi_atexit &rArr; malloc &rArr; __Heap_Full &rArr; __Heap_ProvideMemory &rArr; free
</UL>
<BR>[Calls]<UL><LI><a href="#[3e]">&gt;&gt;</a>&nbsp;&nbsp;&nbsp;__rt_ddtor_pointer_addr
<LI><a href="#[38]">&gt;&gt;</a>&nbsp;&nbsp;&nbsp;malloc
</UL>
<BR>[Called By]<UL><LI><a href="#[36]">&gt;&gt;</a>&nbsp;&nbsp;&nbsp;__cxa_atexit
</UL>

<P><STRONG><a name="[35]"></a>_sys_exit</STRONG> (Thumb, 8 bytes, Stack size 0 bytes, sys_exit.o(.text))
<BR><BR>[Called By]<UL><LI><a href="#[3c]">&gt;&gt;</a>&nbsp;&nbsp;&nbsp;abort
<LI><a href="#[34]">&gt;&gt;</a>&nbsp;&nbsp;&nbsp;__rt_exit_exit
<LI><a href="#[44]">&gt;&gt;</a>&nbsp;&nbsp;&nbsp;__sig_exit
</UL>

<P><STRONG><a name="[39]"></a>__rt_heap_descriptor</STRONG> (Thumb, 8 bytes, Stack size 0 bytes, rt_heap_descriptor_intlibspace.o(.text))
<BR><BR>[Called By]<UL><LI><a href="#[3b]">&gt;&gt;</a>&nbsp;&nbsp;&nbsp;free
<LI><a href="#[38]">&gt;&gt;</a>&nbsp;&nbsp;&nbsp;malloc
<LI><a href="#[27]">&gt;&gt;</a>&nbsp;&nbsp;&nbsp;_init_alloc
</UL>

<P><STRONG><a name="[3e]"></a>__rt_ddtor_pointer_addr</STRONG> (Thumb, 8 bytes, Stack size 0 bytes, rt_ddtor_pointer_addr_intlibspace.o(.text))
<BR><BR>[Called By]<UL><LI><a href="#[37]">&gt;&gt;</a>&nbsp;&nbsp;&nbsp;__aeabi_atexit
<LI><a href="#[2a]">&gt;&gt;</a>&nbsp;&nbsp;&nbsp;__cxa_finalize
</UL>

<P><STRONG><a name="[c4]"></a>__use_no_heap</STRONG> (Thumb, 2 bytes, Stack size 0 bytes, hguard.o(.text), UNUSED)

<P><STRONG><a name="[c5]"></a>__heap$guard</STRONG> (Thumb, 2 bytes, Stack size 0 bytes, hguard.o(.text), UNUSED)

<P><STRONG><a name="[c6]"></a>_terminate_user_alloc</STRONG> (Thumb, 2 bytes, Stack size 0 bytes, init_alloc.o(.text), UNUSED)

<P><STRONG><a name="[c7]"></a>_init_user_alloc</STRONG> (Thumb, 2 bytes, Stack size 0 bytes, init_alloc.o(.text), UNUSED)

<P><STRONG><a name="[3a]"></a>__Heap_Full</STRONG> (Thumb, 34 bytes, Stack size 16 bytes, init_alloc.o(.text))
<BR><BR>[Stack]<UL><LI>Max Depth = 32<LI>Call Chain = __Heap_Full &rArr; __Heap_ProvideMemory &rArr; free
</UL>
<BR>[Calls]<UL><LI><a href="#[3f]">&gt;&gt;</a>&nbsp;&nbsp;&nbsp;__Heap_ProvideMemory
</UL>
<BR>[Called By]<UL><LI><a href="#[38]">&gt;&gt;</a>&nbsp;&nbsp;&nbsp;malloc
</UL>

<P><STRONG><a name="[40]"></a>__Heap_Broken</STRONG> (Thumb, 6 bytes, Stack size 0 bytes, init_alloc.o(.text), UNUSED)
<BR><BR>[Calls]<UL><LI><a href="#[41]">&gt;&gt;</a>&nbsp;&nbsp;&nbsp;__rt_SIGRTMEM
</UL>

<P><STRONG><a name="[27]"></a>_init_alloc</STRONG> (Thumb, 94 bytes, Stack size 24 bytes, init_alloc.o(.text))
<BR><BR>[Stack]<UL><LI>Max Depth = 64<LI>Call Chain = _init_alloc &rArr; __rt_SIGRTMEM &rArr; __rt_SIGRTMEM_inner &rArr; __default_signal_display &rArr; _ttywrch
</UL>
<BR>[Calls]<UL><LI><a href="#[39]">&gt;&gt;</a>&nbsp;&nbsp;&nbsp;__rt_heap_descriptor
<LI><a href="#[41]">&gt;&gt;</a>&nbsp;&nbsp;&nbsp;__rt_SIGRTMEM
<LI><a href="#[3f]">&gt;&gt;</a>&nbsp;&nbsp;&nbsp;__Heap_ProvideMemory
<LI><a href="#[42]">&gt;&gt;</a>&nbsp;&nbsp;&nbsp;__Heap_Initialize
</UL>
<BR>[Called By]<UL><LI><a href="#[26]">&gt;&gt;</a>&nbsp;&nbsp;&nbsp;__rt_lib_init_heap_2
</UL>

<P><STRONG><a name="[42]"></a>__Heap_Initialize</STRONG> (Thumb, 10 bytes, Stack size 0 bytes, h1_init.o(.text))
<BR><BR>[Called By]<UL><LI><a href="#[27]">&gt;&gt;</a>&nbsp;&nbsp;&nbsp;_init_alloc
</UL>

<P><STRONG><a name="[c8]"></a>__Heap_DescSize</STRONG> (Thumb, 4 bytes, Stack size 0 bytes, h1_init.o(.text), UNUSED)

<P><STRONG><a name="[2a]"></a>__cxa_finalize</STRONG> (Thumb, 66 bytes, Stack size 24 bytes, cxa_finalize.o(.text))
<BR><BR>[Stack]<UL><LI>Max Depth = 40<LI>Call Chain = __cxa_finalize &rArr; free
</UL>
<BR>[Calls]<UL><LI><a href="#[3e]">&gt;&gt;</a>&nbsp;&nbsp;&nbsp;__rt_ddtor_pointer_addr
<LI><a href="#[3b]">&gt;&gt;</a>&nbsp;&nbsp;&nbsp;free
</UL>
<BR>[Called By]<UL><LI><a href="#[29]">&gt;&gt;</a>&nbsp;&nbsp;&nbsp;__rt_lib_shutdown_cpp_2
</UL>

<P><STRONG><a name="[3d]"></a>__rt_SIGABRT</STRONG> (Thumb, 14 bytes, Stack size 8 bytes, defsig_abrt_outer.o(.text))
<BR><BR>[Stack]<UL><LI>Max Depth = 40<LI>Call Chain = __rt_SIGABRT &rArr; __rt_SIGABRT_inner &rArr; __default_signal_display &rArr; _ttywrch
</UL>
<BR>[Calls]<UL><LI><a href="#[43]">&gt;&gt;</a>&nbsp;&nbsp;&nbsp;__rt_SIGABRT_inner
<LI><a href="#[44]">&gt;&gt;</a>&nbsp;&nbsp;&nbsp;__sig_exit
</UL>
<BR>[Called By]<UL><LI><a href="#[3c]">&gt;&gt;</a>&nbsp;&nbsp;&nbsp;abort
</UL>

<P><STRONG><a name="[c9]"></a>__user_libspace</STRONG> (Thumb, 8 bytes, Stack size 0 bytes, libspace.o(.text), UNUSED)

<P><STRONG><a name="[45]"></a>__user_perproc_libspace</STRONG> (Thumb, 0 bytes, Stack size 0 bytes, libspace.o(.text))
<BR><BR>[Called By]<UL><LI><a href="#[2c]">&gt;&gt;</a>&nbsp;&nbsp;&nbsp;__user_setup_stackheap
</UL>

<P><STRONG><a name="[ca]"></a>__user_perthread_libspace</STRONG> (Thumb, 0 bytes, Stack size 0 bytes, libspace.o(.text), UNUSED)

<P><STRONG><a name="[cb]"></a>__I$use$semihosting</STRONG> (Thumb, 0 bytes, Stack size 0 bytes, use_no_semi.o(.text), UNUSED)

<P><STRONG><a name="[cc]"></a>__use_no_semihosting_swi</STRONG> (Thumb, 2 bytes, Stack size 0 bytes, use_no_semi.o(.text), UNUSED)

<P><STRONG><a name="[cd]"></a>__semihosting_library_function</STRONG> (Thumb, 0 bytes, Stack size 8 bytes, indicate_semi.o(.text), UNUSED)

<P><STRONG><a name="[2c]"></a>__user_setup_stackheap</STRONG> (Thumb, 74 bytes, Stack size 8 bytes, sys_stackheap_outer.o(.text))
<BR><BR>[Stack]<UL><LI>Max Depth = 8 + Unknown Stack Size
<LI>Call Chain = __user_setup_stackheap
</UL>
<BR>[Calls]<UL><LI><a href="#[46]">&gt;&gt;</a>&nbsp;&nbsp;&nbsp;__user_initial_stackheap
<LI><a href="#[45]">&gt;&gt;</a>&nbsp;&nbsp;&nbsp;__user_perproc_libspace
</UL>
<BR>[Called By]<UL><LI><a href="#[2b]">&gt;&gt;</a>&nbsp;&nbsp;&nbsp;__rt_entry_sh
</UL>

<P><STRONG><a name="[3f]"></a>__Heap_ProvideMemory</STRONG> (Thumb, 52 bytes, Stack size 0 bytes, h1_extend.o(.text))
<BR><BR>[Stack]<UL><LI>Max Depth = 16<LI>Call Chain = __Heap_ProvideMemory &rArr; free
</UL>
<BR>[Calls]<UL><LI><a href="#[3b]">&gt;&gt;</a>&nbsp;&nbsp;&nbsp;free
</UL>
<BR>[Called By]<UL><LI><a href="#[3a]">&gt;&gt;</a>&nbsp;&nbsp;&nbsp;__Heap_Full
<LI><a href="#[27]">&gt;&gt;</a>&nbsp;&nbsp;&nbsp;_init_alloc
</UL>

<P><STRONG><a name="[ce]"></a>_maybe_terminate_alloc</STRONG> (Thumb, 0 bytes, Stack size 0 bytes, maybetermalloc1.o(.text), UNUSED)

<P><STRONG><a name="[31]"></a>exit</STRONG> (Thumb, 18 bytes, Stack size 8 bytes, exit.o(.text))
<BR><BR>[Stack]<UL><LI>Max Depth = 8 + Unknown Stack Size
<LI>Call Chain = exit
</UL>
<BR>[Calls]<UL><LI><a href="#[47]">&gt;&gt;</a>&nbsp;&nbsp;&nbsp;__rt_exit
</UL>
<BR>[Called By]<UL><LI><a href="#[2f]">&gt;&gt;</a>&nbsp;&nbsp;&nbsp;__rt_entry_main
</UL>

<P><STRONG><a name="[44]"></a>__sig_exit</STRONG> (Thumb, 10 bytes, Stack size 0 bytes, defsig_exit.o(.text))
<BR><BR>[Calls]<UL><LI><a href="#[35]">&gt;&gt;</a>&nbsp;&nbsp;&nbsp;_sys_exit
</UL>
<BR>[Called By]<UL><LI><a href="#[41]">&gt;&gt;</a>&nbsp;&nbsp;&nbsp;__rt_SIGRTMEM
<LI><a href="#[3d]">&gt;&gt;</a>&nbsp;&nbsp;&nbsp;__rt_SIGABRT
</UL>

<P><STRONG><a name="[43]"></a>__rt_SIGABRT_inner</STRONG> (Thumb, 14 bytes, Stack size 8 bytes, defsig_abrt_inner.o(.text))
<BR><BR>[Stack]<UL><LI>Max Depth = 32<LI>Call Chain = __rt_SIGABRT_inner &rArr; __default_signal_display &rArr; _ttywrch
</UL>
<BR>[Calls]<UL><LI><a href="#[48]">&gt;&gt;</a>&nbsp;&nbsp;&nbsp;__default_signal_display
</UL>
<BR>[Called By]<UL><LI><a href="#[3d]">&gt;&gt;</a>&nbsp;&nbsp;&nbsp;__rt_SIGABRT
</UL>

<P><STRONG><a name="[41]"></a>__rt_SIGRTMEM</STRONG> (Thumb, 14 bytes, Stack size 8 bytes, defsig_rtmem_outer.o(.text))
<BR><BR>[Stack]<UL><LI>Max Depth = 40<LI>Call Chain = __rt_SIGRTMEM &rArr; __rt_SIGRTMEM_inner &rArr; __default_signal_display &rArr; _ttywrch
</UL>
<BR>[Calls]<UL><LI><a href="#[49]">&gt;&gt;</a>&nbsp;&nbsp;&nbsp;__rt_SIGRTMEM_inner
<LI><a href="#[44]">&gt;&gt;</a>&nbsp;&nbsp;&nbsp;__sig_exit
</UL>
<BR>[Called By]<UL><LI><a href="#[40]">&gt;&gt;</a>&nbsp;&nbsp;&nbsp;__Heap_Broken
<LI><a href="#[27]">&gt;&gt;</a>&nbsp;&nbsp;&nbsp;_init_alloc
</UL>

<P><STRONG><a name="[48]"></a>__default_signal_display</STRONG> (Thumb, 50 bytes, Stack size 16 bytes, defsig_general.o(.text))
<BR><BR>[Stack]<UL><LI>Max Depth = 24<LI>Call Chain = __default_signal_display &rArr; _ttywrch
</UL>
<BR>[Calls]<UL><LI><a href="#[4a]">&gt;&gt;</a>&nbsp;&nbsp;&nbsp;_ttywrch
</UL>
<BR>[Called By]<UL><LI><a href="#[49]">&gt;&gt;</a>&nbsp;&nbsp;&nbsp;__rt_SIGRTMEM_inner
<LI><a href="#[43]">&gt;&gt;</a>&nbsp;&nbsp;&nbsp;__rt_SIGABRT_inner
</UL>

<P><STRONG><a name="[49]"></a>__rt_SIGRTMEM_inner</STRONG> (Thumb, 22 bytes, Stack size 8 bytes, defsig_rtmem_inner.o(.text))
<BR><BR>[Stack]<UL><LI>Max Depth = 32<LI>Call Chain = __rt_SIGRTMEM_inner &rArr; __default_signal_display &rArr; _ttywrch
</UL>
<BR>[Calls]<UL><LI><a href="#[48]">&gt;&gt;</a>&nbsp;&nbsp;&nbsp;__default_signal_display
</UL>
<BR>[Called By]<UL><LI><a href="#[41]">&gt;&gt;</a>&nbsp;&nbsp;&nbsp;__rt_SIGRTMEM
</UL>

<P><STRONG><a name="[4a]"></a>_ttywrch</STRONG> (Thumb, 14 bytes, Stack size 8 bytes, sys_wrch.o(.text))
<BR><BR>[Stack]<UL><LI>Max Depth = 8<LI>Call Chain = _ttywrch
</UL>
<BR>[Called By]<UL><LI><a href="#[48]">&gt;&gt;</a>&nbsp;&nbsp;&nbsp;__default_signal_display
</UL>

<P><STRONG><a name="[63]"></a>GPIODirModeSet</STRONG> (Thumb, 116 bytes, Stack size 20 bytes, gpio.o(.text.GPIODirModeSet))
<BR><BR>[Stack]<UL><LI>Max Depth = 20<LI>Call Chain = GPIODirModeSet
</UL>
<BR>[Called By]<UL><LI><a href="#[5d]">&gt;&gt;</a>&nbsp;&nbsp;&nbsp;ExLib::configUARTPin(unsigned int, ExLib::GPIO_Pin, ExLib::GPIO_Pin)
<LI><a href="#[65]">&gt;&gt;</a>&nbsp;&nbsp;&nbsp;ExLib::configGPIOMode(unsigned int, unsigned char, ExLib::GPIO_Mode)
</UL>

<P><STRONG><a name="[64]"></a>GPIOPadConfigSet</STRONG> (Thumb, 826 bytes, Stack size 68 bytes, gpio.o(.text.GPIOPadConfigSet))
<BR><BR>[Stack]<UL><LI>Max Depth = 68<LI>Call Chain = GPIOPadConfigSet
</UL>
<BR>[Called By]<UL><LI><a href="#[5d]">&gt;&gt;</a>&nbsp;&nbsp;&nbsp;ExLib::configUARTPin(unsigned int, ExLib::GPIO_Pin, ExLib::GPIO_Pin)
<LI><a href="#[65]">&gt;&gt;</a>&nbsp;&nbsp;&nbsp;ExLib::configGPIOMode(unsigned int, unsigned char, ExLib::GPIO_Mode)
</UL>

<P><STRONG><a name="[62]"></a>GPIOPinConfigure</STRONG> (Thumb, 108 bytes, Stack size 12 bytes, gpio.o(.text.GPIOPinConfigure))
<BR><BR>[Stack]<UL><LI>Max Depth = 12<LI>Call Chain = GPIOPinConfigure
</UL>
<BR>[Called By]<UL><LI><a href="#[5d]">&gt;&gt;</a>&nbsp;&nbsp;&nbsp;ExLib::configUARTPin(unsigned int, ExLib::GPIO_Pin, ExLib::GPIO_Pin)
</UL>

<P><STRONG><a name="[78]"></a>GPIOPinRead</STRONG> (Thumb, 22 bytes, Stack size 8 bytes, gpio.o(.text.GPIOPinRead))
<BR><BR>[Stack]<UL><LI>Max Depth = 8<LI>Call Chain = GPIOPinRead
</UL>
<BR>[Called By]<UL><LI><a href="#[77]">&gt;&gt;</a>&nbsp;&nbsp;&nbsp;ExLib::GPIO::read()
</UL>

<P><STRONG><a name="[7a]"></a>GPIOPinWrite</STRONG> (Thumb, 30 bytes, Stack size 8 bytes, gpio.o(.text.GPIOPinWrite))
<BR><BR>[Stack]<UL><LI>Max Depth = 8<LI>Call Chain = GPIOPinWrite
</UL>
<BR>[Called By]<UL><LI><a href="#[79]">&gt;&gt;</a>&nbsp;&nbsp;&nbsp;ExLib::GPIO::write(bool)
</UL>

<P><STRONG><a name="[53]"></a>IntEnable</STRONG> (Thumb, 160 bytes, Stack size 4 bytes, interrupt.o(.text.IntEnable))
<BR><BR>[Stack]<UL><LI>Max Depth = 4<LI>Call Chain = IntEnable
</UL>
<BR>[Called By]<UL><LI><a href="#[50]">&gt;&gt;</a>&nbsp;&nbsp;&nbsp;UARTIntRegister
<LI><a href="#[89]">&gt;&gt;</a>&nbsp;&nbsp;&nbsp;ExLib::UART::begin(unsigned int, ExLib::UART_WordLength, ExLib::UART_StopBits, ExLib::UART_Parity)
</UL>

<P><STRONG><a name="[52]"></a>IntRegister</STRONG> (Thumb, 128 bytes, Stack size 16 bytes, interrupt.o(.text.IntRegister))
<BR><BR>[Stack]<UL><LI>Max Depth = 16<LI>Call Chain = IntRegister
</UL>
<BR>[Called By]<UL><LI><a href="#[50]">&gt;&gt;</a>&nbsp;&nbsp;&nbsp;UARTIntRegister
</UL>

<P><STRONG><a name="[8b]"></a>SysCtlClockGet</STRONG> (Thumb, 620 bytes, Stack size 40 bytes, sysctl.o(.text.SysCtlClockGet))
<BR><BR>[Stack]<UL><LI>Max Depth = 40<LI>Call Chain = SysCtlClockGet
</UL>
<BR>[Called By]<UL><LI><a href="#[89]">&gt;&gt;</a>&nbsp;&nbsp;&nbsp;ExLib::UART::begin(unsigned int, ExLib::UART_WordLength, ExLib::UART_StopBits, ExLib::UART_Parity)
</UL>

<P><STRONG><a name="[4b]"></a>SysCtlClockSet</STRONG> (Thumb, 590 bytes, Stack size 24 bytes, sysctl.o(.text.SysCtlClockSet))
<BR><BR>[Stack]<UL><LI>Max Depth = 28<LI>Call Chain = SysCtlClockSet &rArr; SysCtlDelay
</UL>
<BR>[Calls]<UL><LI><a href="#[4c]">&gt;&gt;</a>&nbsp;&nbsp;&nbsp;SysCtlDelay
</UL>
<BR>[Called By]<UL><LI><a href="#[30]">&gt;&gt;</a>&nbsp;&nbsp;&nbsp;main
</UL>

<P><STRONG><a name="[4c]"></a>SysCtlDelay</STRONG> (Thumb, 22 bytes, Stack size 4 bytes, sysctl.o(.text.SysCtlDelay))
<BR><BR>[Stack]<UL><LI>Max Depth = 4<LI>Call Chain = SysCtlDelay
</UL>
<BR>[Called By]<UL><LI><a href="#[4b]">&gt;&gt;</a>&nbsp;&nbsp;&nbsp;SysCtlClockSet
</UL>

<P><STRONG><a name="[6b]"></a>SysCtlPeripheralDisable</STRONG> (Thumb, 34 bytes, Stack size 4 bytes, sysctl.o(.text.SysCtlPeripheralDisable))
<BR><BR>[Stack]<UL><LI>Max Depth = 4<LI>Call Chain = SysCtlPeripheralDisable
</UL>
<BR>[Called By]<UL><LI><a href="#[68]">&gt;&gt;</a>&nbsp;&nbsp;&nbsp;ExLib::configUARTState(unsigned int, bool)
</UL>

<P><STRONG><a name="[69]"></a>SysCtlPeripheralEnable</STRONG> (Thumb, 34 bytes, Stack size 4 bytes, sysctl.o(.text.SysCtlPeripheralEnable))
<BR><BR>[Stack]<UL><LI>Max Depth = 4<LI>Call Chain = SysCtlPeripheralEnable
</UL>
<BR>[Called By]<UL><LI><a href="#[68]">&gt;&gt;</a>&nbsp;&nbsp;&nbsp;ExLib::configUARTState(unsigned int, bool)
<LI><a href="#[60]">&gt;&gt;</a>&nbsp;&nbsp;&nbsp;ExLib::enableGPIOClock(unsigned int)
</UL>

<P><STRONG><a name="[6a]"></a>SysCtlPeripheralReady</STRONG> (Thumb, 38 bytes, Stack size 4 bytes, sysctl.o(.text.SysCtlPeripheralReady))
<BR><BR>[Stack]<UL><LI>Max Depth = 4<LI>Call Chain = SysCtlPeripheralReady
</UL>
<BR>[Called By]<UL><LI><a href="#[68]">&gt;&gt;</a>&nbsp;&nbsp;&nbsp;ExLib::configUARTState(unsigned int, bool)
<LI><a href="#[60]">&gt;&gt;</a>&nbsp;&nbsp;&nbsp;ExLib::enableGPIOClock(unsigned int)
</UL>

<P><STRONG><a name="[85]"></a>UARTCharGetNonBlocking</STRONG> (Thumb, 38 bytes, Stack size 8 bytes, uart.o(.text.UARTCharGetNonBlocking))
<BR><BR>[Stack]<UL><LI>Max Depth = 8<LI>Call Chain = UARTCharGetNonBlocking
</UL>
<BR>[Called By]<UL><LI><a href="#[81]">&gt;&gt;</a>&nbsp;&nbsp;&nbsp;ExLib::UART::interruptHandler()
</UL>

<P><STRONG><a name="[91]"></a>UARTCharPut</STRONG> (Thumb, 36 bytes, Stack size 8 bytes, uart.o(.text.UARTCharPut))
<BR><BR>[Stack]<UL><LI>Max Depth = 8<LI>Call Chain = UARTCharPut
</UL>
<BR>[Called By]<UL><LI><a href="#[10]">&gt;&gt;</a>&nbsp;&nbsp;&nbsp;ExLib::UART::write(char)
</UL>

<P><STRONG><a name="[84]"></a>UARTCharsAvail</STRONG> (Thumb, 22 bytes, Stack size 4 bytes, uart.o(.text.UARTCharsAvail))
<BR><BR>[Stack]<UL><LI>Max Depth = 4<LI>Call Chain = UARTCharsAvail
</UL>
<BR>[Called By]<UL><LI><a href="#[81]">&gt;&gt;</a>&nbsp;&nbsp;&nbsp;ExLib::UART::interruptHandler()
</UL>

<P><STRONG><a name="[8a]"></a>UARTClockSourceSet</STRONG> (Thumb, 18 bytes, Stack size 8 bytes, uart.o(.text.UARTClockSourceSet))
<BR><BR>[Stack]<UL><LI>Max Depth = 8<LI>Call Chain = UARTClockSourceSet
</UL>
<BR>[Called By]<UL><LI><a href="#[89]">&gt;&gt;</a>&nbsp;&nbsp;&nbsp;ExLib::UART::begin(unsigned int, ExLib::UART_WordLength, ExLib::UART_StopBits, ExLib::UART_Parity)
</UL>

<P><STRONG><a name="[4d]"></a>UARTConfigSetExpClk</STRONG> (Thumb, 116 bytes, Stack size 32 bytes, uart.o(.text.UARTConfigSetExpClk))
<BR><BR>[Stack]<UL><LI>Max Depth = 36<LI>Call Chain = UARTConfigSetExpClk &rArr; UARTEnable
</UL>
<BR>[Calls]<UL><LI><a href="#[4f]">&gt;&gt;</a>&nbsp;&nbsp;&nbsp;UARTEnable
<LI><a href="#[4e]">&gt;&gt;</a>&nbsp;&nbsp;&nbsp;UARTDisable
</UL>
<BR>[Called By]<UL><LI><a href="#[89]">&gt;&gt;</a>&nbsp;&nbsp;&nbsp;ExLib::UART::begin(unsigned int, ExLib::UART_WordLength, ExLib::UART_StopBits, ExLib::UART_Parity)
</UL>

<P><STRONG><a name="[4e]"></a>UARTDisable</STRONG> (Thumb, 46 bytes, Stack size 4 bytes, uart.o(.text.UARTDisable))
<BR><BR>[Stack]<UL><LI>Max Depth = 4<LI>Call Chain = UARTDisable
</UL>
<BR>[Called By]<UL><LI><a href="#[4d]">&gt;&gt;</a>&nbsp;&nbsp;&nbsp;UARTConfigSetExpClk
</UL>

<P><STRONG><a name="[4f]"></a>UARTEnable</STRONG> (Thumb, 30 bytes, Stack size 4 bytes, uart.o(.text.UARTEnable))
<BR><BR>[Stack]<UL><LI>Max Depth = 4<LI>Call Chain = UARTEnable
</UL>
<BR>[Called By]<UL><LI><a href="#[4d]">&gt;&gt;</a>&nbsp;&nbsp;&nbsp;UARTConfigSetExpClk
<LI><a href="#[89]">&gt;&gt;</a>&nbsp;&nbsp;&nbsp;ExLib::UART::begin(unsigned int, ExLib::UART_WordLength, ExLib::UART_StopBits, ExLib::UART_Parity)
</UL>

<P><STRONG><a name="[8d]"></a>UARTFIFOEnable</STRONG> (Thumb, 18 bytes, Stack size 4 bytes, uart.o(.text.UARTFIFOEnable))
<BR><BR>[Stack]<UL><LI>Max Depth = 4<LI>Call Chain = UARTFIFOEnable
</UL>
<BR>[Called By]<UL><LI><a href="#[89]">&gt;&gt;</a>&nbsp;&nbsp;&nbsp;ExLib::UART::begin(unsigned int, ExLib::UART_WordLength, ExLib::UART_StopBits, ExLib::UART_Parity)
</UL>

<P><STRONG><a name="[8c]"></a>UARTFIFOLevelSet</STRONG> (Thumb, 22 bytes, Stack size 12 bytes, uart.o(.text.UARTFIFOLevelSet))
<BR><BR>[Stack]<UL><LI>Max Depth = 12<LI>Call Chain = UARTFIFOLevelSet
</UL>
<BR>[Called By]<UL><LI><a href="#[89]">&gt;&gt;</a>&nbsp;&nbsp;&nbsp;ExLib::UART::begin(unsigned int, ExLib::UART_WordLength, ExLib::UART_StopBits, ExLib::UART_Parity)
</UL>

<P><STRONG><a name="[83]"></a>UARTIntClear</STRONG> (Thumb, 16 bytes, Stack size 8 bytes, uart.o(.text.UARTIntClear))
<BR><BR>[Stack]<UL><LI>Max Depth = 8<LI>Call Chain = UARTIntClear
</UL>
<BR>[Called By]<UL><LI><a href="#[81]">&gt;&gt;</a>&nbsp;&nbsp;&nbsp;ExLib::UART::interruptHandler()
</UL>

<P><STRONG><a name="[90]"></a>UARTIntEnable</STRONG> (Thumb, 20 bytes, Stack size 8 bytes, uart.o(.text.UARTIntEnable))
<BR><BR>[Stack]<UL><LI>Max Depth = 8<LI>Call Chain = UARTIntEnable
</UL>
<BR>[Called By]<UL><LI><a href="#[89]">&gt;&gt;</a>&nbsp;&nbsp;&nbsp;ExLib::UART::begin(unsigned int, ExLib::UART_WordLength, ExLib::UART_StopBits, ExLib::UART_Parity)
</UL>

<P><STRONG><a name="[50]"></a>UARTIntRegister</STRONG> (Thumb, 34 bytes, Stack size 24 bytes, uart.o(.text.UARTIntRegister))
<BR><BR>[Stack]<UL><LI>Max Depth = 44<LI>Call Chain = UARTIntRegister &rArr; _UARTIntNumberGet
</UL>
<BR>[Calls]<UL><LI><a href="#[53]">&gt;&gt;</a>&nbsp;&nbsp;&nbsp;IntEnable
<LI><a href="#[52]">&gt;&gt;</a>&nbsp;&nbsp;&nbsp;IntRegister
<LI><a href="#[51]">&gt;&gt;</a>&nbsp;&nbsp;&nbsp;_UARTIntNumberGet
</UL>
<BR>[Called By]<UL><LI><a href="#[89]">&gt;&gt;</a>&nbsp;&nbsp;&nbsp;ExLib::UART::begin(unsigned int, ExLib::UART_WordLength, ExLib::UART_StopBits, ExLib::UART_Parity)
</UL>

<P><STRONG><a name="[82]"></a>UARTIntStatus</STRONG> (Thumb, 40 bytes, Stack size 12 bytes, uart.o(.text.UARTIntStatus))
<BR><BR>[Stack]<UL><LI>Max Depth = 12<LI>Call Chain = UARTIntStatus
</UL>
<BR>[Called By]<UL><LI><a href="#[81]">&gt;&gt;</a>&nbsp;&nbsp;&nbsp;ExLib::UART::interruptHandler()
</UL>

<P><STRONG><a name="[88]"></a>ExLib::BufferFIFO&lang;char&rang;::read(char&)</STRONG> (Thumb, 80 bytes, Stack size 16 bytes, exlib_uart.o(.text._ZN5ExLib10BufferFIFOIcE4readERc))
<BR><BR>[Stack]<UL><LI>Max Depth = 16<LI>Call Chain = ExLib::BufferFIFO&lang;char&rang;::read(char&)
</UL>
<BR>[Called By]<UL><LI><a href="#[12]">&gt;&gt;</a>&nbsp;&nbsp;&nbsp;ExLib::UART::read(char&)
</UL>

<P><STRONG><a name="[86]"></a>ExLib::BufferFIFO&lang;char&rang;::write(char)</STRONG> (Thumb, 186 bytes, Stack size 16 bytes, exlib_uart.o(.text._ZN5ExLib10BufferFIFOIcE5writeEc))
<BR><BR>[Stack]<UL><LI>Max Depth = 16<LI>Call Chain = ExLib::BufferFIFO&lang;char&rang;::write(char)
</UL>
<BR>[Called By]<UL><LI><a href="#[81]">&gt;&gt;</a>&nbsp;&nbsp;&nbsp;ExLib::UART::interruptHandler()
</UL>

<P><STRONG><a name="[80]"></a>ExLib::BufferFIFO&lang;char&rang;::avaliable()</STRONG> (Thumb, 52 bytes, Stack size 12 bytes, exlib_uart.o(.text._ZN5ExLib10BufferFIFOIcE9avaliableEv))
<BR><BR>[Stack]<UL><LI>Max Depth = 12<LI>Call Chain = ExLib::BufferFIFO&lang;char&rang;::avaliable()
</UL>
<BR>[Called By]<UL><LI><a href="#[13]">&gt;&gt;</a>&nbsp;&nbsp;&nbsp;ExLib::UART::avaliableForRead()
</UL>

<P><STRONG><a name="[58]"></a>ExLib::BufferFIFO&lang;char&rang;::BufferFIFO__sub_object(char*, unsigned int, ExLib::BufferFIFO_WriteMode)</STRONG> (Thumb, 34 bytes, Stack size 20 bytes, exlib_uart.o(.text._ZN5ExLib10BufferFIFOIcEC2EPcjNS_20BufferFIFO_WriteModeE), UNUSED)
<BR><BR>[Called By]<UL><LI><a href="#[56]">&gt;&gt;</a>&nbsp;&nbsp;&nbsp;ExLib::BufferFIFO&lang;char&rang;::BufferFIFO__sub_object(unsigned int, ExLib::BufferFIFO_WriteMode)
</UL>

<P><STRONG><a name="[56]"></a>ExLib::BufferFIFO&lang;char&rang;::BufferFIFO__sub_object(unsigned int, ExLib::BufferFIFO_WriteMode)</STRONG> (Thumb, 42 bytes, Stack size 24 bytes, exlib_uart.o(.text._ZN5ExLib10BufferFIFOIcEC2EjNS_20BufferFIFO_WriteModeE), UNUSED)
<BR><BR>[Calls]<UL><LI><a href="#[58]">&gt;&gt;</a>&nbsp;&nbsp;&nbsp;ExLib::BufferFIFO&lang;char&rang;::BufferFIFO__sub_object(char*, unsigned int, ExLib::BufferFIFO_WriteMode)
<LI><a href="#[57]">&gt;&gt;</a>&nbsp;&nbsp;&nbsp;operator new(unsigned int)
</UL>
<BR>[Called By]<UL><LI><a href="#[94]">&gt;&gt;</a>&nbsp;&nbsp;&nbsp;ExLib::UART::UART(ExLib::UART_Periph, ExLib::GPIO_Pin, ExLib::GPIO_Pin, ExLib::BufferFIFO&lang;char&rang;*)
</UL>

<P><STRONG><a name="[8]"></a>ExLib::ReadStream::avaliableForRead()</STRONG> (Thumb, 10 bytes, Stack size 4 bytes, exlib_readstream.o(.text._ZN5ExLib10ReadStream16avaliableForReadEv))
<BR><BR>[Stack]<UL><LI>Max Depth = 4<LI>Call Chain = ExLib::ReadStream::avaliableForRead()
</UL>
<BR>[Address Reference Count : 3]<UL><LI> exlib_readstreambuffered.o(.rodata._ZTVN5ExLib18ReadStreamBufferedE)
<LI> exlib_readstream.o(.rodata._ZTVN5ExLib10ReadStreamE)
<LI> exlib_uart.o(.rodata._ZTVN5ExLib10ScanStreamE)
</UL>
<P><STRONG><a name="[6]"></a>ExLib::ReadStream::read(char*, unsigned int)</STRONG> (Thumb, 84 bytes, Stack size 32 bytes, exlib_readstream.o(.text._ZN5ExLib10ReadStream4readEPcj))
<BR><BR>[Stack]<UL><LI>Max Depth = 32<LI>Call Chain = ExLib::ReadStream::read(char*, unsigned int)
</UL>
<BR>[Address Reference Count : 4]<UL><LI> exlib_uart.o(.rodata._ZTVN5ExLib4UARTE)
<LI> exlib_readstreambuffered.o(.rodata._ZTVN5ExLib18ReadStreamBufferedE)
<LI> exlib_readstream.o(.rodata._ZTVN5ExLib10ReadStreamE)
<LI> exlib_uart.o(.rodata._ZTVN5ExLib10ScanStreamE)
</UL>
<P><STRONG><a name="[99]"></a>ExLib::ReadStream::read()</STRONG> (Thumb, 26 bytes, Stack size 16 bytes, exlib_readstream.o(.text._ZN5ExLib10ReadStream4readEv))
<BR><BR>[Stack]<UL><LI>Max Depth = 16<LI>Call Chain = ExLib::ReadStream::read()
</UL>
<BR>[Called By]<UL><LI><a href="#[98]">&gt;&gt;</a>&nbsp;&nbsp;&nbsp;ExLib::usr_main()
</UL>

<P><STRONG><a name="[7]"></a>ExLib::ReadStream::readUntil(char*, char)</STRONG> (Thumb, 88 bytes, Stack size 32 bytes, exlib_readstream.o(.text._ZN5ExLib10ReadStream9readUntilEPcc))
<BR><BR>[Stack]<UL><LI>Max Depth = 32<LI>Call Chain = ExLib::ReadStream::readUntil(char*, char)
</UL>
<BR>[Address Reference Count : 4]<UL><LI> exlib_uart.o(.rodata._ZTVN5ExLib4UARTE)
<LI> exlib_readstreambuffered.o(.rodata._ZTVN5ExLib18ReadStreamBufferedE)
<LI> exlib_readstream.o(.rodata._ZTVN5ExLib10ReadStreamE)
<LI> exlib_uart.o(.rodata._ZTVN5ExLib10ScanStreamE)
</UL>
<P><STRONG><a name="[6e]"></a>ExLib::ReadStream::ReadStream__sub_object()</STRONG> (Thumb, 22 bytes, Stack size 4 bytes, exlib_readstreambuffered.o(.text._ZN5ExLib10ReadStreamC2Ev), UNUSED)
<BR><BR>[Called By]<UL><LI><a href="#[6d]">&gt;&gt;</a>&nbsp;&nbsp;&nbsp;ExLib::ReadStreamBuffered::ReadStreamBuffered(ExLib::BufferFIFO&lang;char&rang;&)
</UL>

<P><STRONG><a name="[59]"></a>ExLib::ScanStream::ScanStream__sub_object(ExLib::BufferFIFO&lang;char&rang;&)</STRONG> (Thumb, 36 bytes, Stack size 24 bytes, exlib_uart.o(.text._ZN5ExLib10ScanStreamC2ERNS_10BufferFIFOIcEE), UNUSED)
<BR><BR>[Calls]<UL><LI><a href="#[5a]">&gt;&gt;</a>&nbsp;&nbsp;&nbsp;ExLib::ReadStreamBuffered::ReadStreamBuffered__sub_object(ExLib::BufferFIFO&lang;char&rang;&)
</UL>
<BR>[Called By]<UL><LI><a href="#[94]">&gt;&gt;</a>&nbsp;&nbsp;&nbsp;ExLib::UART::UART(ExLib::UART_Periph, ExLib::GPIO_Pin, ExLib::GPIO_Pin, ExLib::BufferFIFO&lang;char&rang;*)
</UL>

<P><STRONG><a name="[7b]"></a>ExLib::PrintStream::print(char const*)</STRONG> (Thumb, 12 bytes, Stack size 8 bytes, exlib_gpio.o(.text._ZN5ExLib11PrintStream5printEPKc))
<BR><BR>[Stack]<UL><LI>Max Depth = 8<LI>Call Chain = ExLib::PrintStream::print(char const*)
</UL>
<BR>[Called By]<UL><LI><a href="#[f]">&gt;&gt;</a>&nbsp;&nbsp;&nbsp;ExLib::GPIO::printTo(ExLib::PrintStream&)
</UL>

<P><STRONG><a name="[5b]"></a>ExLib::PrintStream::PrintStream__sub_object()</STRONG> (Thumb, 32 bytes, Stack size 16 bytes, exlib_uart.o(.text._ZN5ExLib11PrintStreamC2Ev), UNUSED)
<BR><BR>[Calls]<UL><LI><a href="#[5c]">&gt;&gt;</a>&nbsp;&nbsp;&nbsp;ExLib::WriteStream::WriteStream__sub_object()
</UL>
<BR>[Called By]<UL><LI><a href="#[94]">&gt;&gt;</a>&nbsp;&nbsp;&nbsp;ExLib::UART::UART(ExLib::UART_Periph, ExLib::GPIO_Pin, ExLib::GPIO_Pin, ExLib::BufferFIFO&lang;char&rang;*)
</UL>

<P><STRONG><a name="[e]"></a>ExLib::PrintStream::~PrintStream__deallocating()</STRONG> (Thumb, 6 bytes, Stack size 4 bytes, exlib_uart.o(.text._ZN5ExLib11PrintStreamD0Ev))
<BR><BR>[Stack]<UL><LI>Max Depth = 4<LI>Call Chain = ExLib::PrintStream::~PrintStream__deallocating()
</UL>
<BR>[Address Reference Count : 1]<UL><LI> exlib_uart.o(.rodata._ZTVN5ExLib11PrintStreamE)
</UL>
<P><STRONG><a name="[d]"></a>ExLib::PrintStream::~PrintStream__sub_object()</STRONG> (Thumb, 10 bytes, Stack size 4 bytes, exlib_uart.o(.text._ZN5ExLib11PrintStreamD2Ev))
<BR><BR>[Stack]<UL><LI>Max Depth = 4<LI>Call Chain = ExLib::PrintStream::~PrintStream__sub_object()
</UL>
<BR>[Called By]<UL><LI><a href="#[4]">&gt;&gt;</a>&nbsp;&nbsp;&nbsp;ExLib::UART::~UART()
</UL>
<BR>[Address Reference Count : 1]<UL><LI> exlib_uart.o(.rodata._ZTVN5ExLib11PrintStreamE)
</UL>
<P><STRONG><a name="[b]"></a>ExLib::WriteStream::writeUntil(char const*, char)</STRONG> (Thumb, 84 bytes, Stack size 32 bytes, exlib_writestream.o(.text._ZN5ExLib11WriteStream10writeUntilEPKcc))
<BR><BR>[Stack]<UL><LI>Max Depth = 32<LI>Call Chain = ExLib::WriteStream::writeUntil(char const*, char)
</UL>
<BR>[Address Reference Count : 3]<UL><LI> exlib_uart.o(.rodata._ZTVN5ExLib4UARTE)
<LI> exlib_writestream.o(.rodata._ZTVN5ExLib11WriteStreamE)
<LI> exlib_uart.o(.rodata._ZTVN5ExLib11PrintStreamE)
</UL>
<P><STRONG><a name="[c]"></a>ExLib::WriteStream::avaliableForWrite()</STRONG> (Thumb, 10 bytes, Stack size 4 bytes, exlib_uart.o(.text._ZN5ExLib11WriteStream17avaliableForWriteEv))
<BR><BR>[Stack]<UL><LI>Max Depth = 4<LI>Call Chain = ExLib::WriteStream::avaliableForWrite()
</UL>
<BR>[Address Reference Count : 3]<UL><LI> exlib_uart.o(.rodata._ZTVN5ExLib4UARTE)
<LI> exlib_writestream.o(.rodata._ZTVN5ExLib11WriteStreamE)
<LI> exlib_uart.o(.rodata._ZTVN5ExLib11PrintStreamE)
</UL>
<P><STRONG><a name="[a]"></a>ExLib::WriteStream::write(char const*, unsigned int)</STRONG> (Thumb, 80 bytes, Stack size 32 bytes, exlib_writestream.o(.text._ZN5ExLib11WriteStream5writeEPKcj))
<BR><BR>[Stack]<UL><LI>Max Depth = 32<LI>Call Chain = ExLib::WriteStream::write(char const*, unsigned int)
</UL>
<BR>[Address Reference Count : 3]<UL><LI> exlib_uart.o(.rodata._ZTVN5ExLib4UARTE)
<LI> exlib_writestream.o(.rodata._ZTVN5ExLib11WriteStreamE)
<LI> exlib_uart.o(.rodata._ZTVN5ExLib11PrintStreamE)
</UL>
<P><STRONG><a name="[5c]"></a>ExLib::WriteStream::WriteStream__sub_object()</STRONG> (Thumb, 22 bytes, Stack size 4 bytes, exlib_uart.o(.text._ZN5ExLib11WriteStreamC2Ev), UNUSED)
<BR><BR>[Called By]<UL><LI><a href="#[5b]">&gt;&gt;</a>&nbsp;&nbsp;&nbsp;ExLib::PrintStream::PrintStream__sub_object()
</UL>

<P><STRONG><a name="[5d]"></a>ExLib::configUARTPin(unsigned int, ExLib::GPIO_Pin, ExLib::GPIO_Pin)</STRONG> (Thumb, 160 bytes, Stack size 40 bytes, util_uart.o(.text._ZN5ExLib13configUARTPinEjNS_8GPIO_PinES0_))
<BR><BR>[Stack]<UL><LI>Max Depth = 108<LI>Call Chain = ExLib::configUARTPin(unsigned int, ExLib::GPIO_Pin, ExLib::GPIO_Pin) &rArr; GPIOPadConfigSet
</UL>
<BR>[Calls]<UL><LI><a href="#[62]">&gt;&gt;</a>&nbsp;&nbsp;&nbsp;GPIOPinConfigure
<LI><a href="#[64]">&gt;&gt;</a>&nbsp;&nbsp;&nbsp;GPIOPadConfigSet
<LI><a href="#[63]">&gt;&gt;</a>&nbsp;&nbsp;&nbsp;GPIODirModeSet
<LI><a href="#[61]">&gt;&gt;</a>&nbsp;&nbsp;&nbsp;ExLib::getUARTPinMuxConfig(unsigned int, ExLib::GPIO_Pin)
<LI><a href="#[60]">&gt;&gt;</a>&nbsp;&nbsp;&nbsp;ExLib::enableGPIOClock(unsigned int)
<LI><a href="#[5f]">&gt;&gt;</a>&nbsp;&nbsp;&nbsp;ExLib::getGPIOPinByName(ExLib::GPIO_Pin)
<LI><a href="#[5e]">&gt;&gt;</a>&nbsp;&nbsp;&nbsp;ExLib::getGPIOPortByName(ExLib::GPIO_Pin)
</UL>
<BR>[Called By]<UL><LI><a href="#[89]">&gt;&gt;</a>&nbsp;&nbsp;&nbsp;ExLib::UART::begin(unsigned int, ExLib::UART_WordLength, ExLib::UART_StopBits, ExLib::UART_Parity)
</UL>

<P><STRONG><a name="[65]"></a>ExLib::configGPIOMode(unsigned int, unsigned char, ExLib::GPIO_Mode)</STRONG> (Thumb, 102 bytes, Stack size 24 bytes, util_gpio.o(.text._ZN5ExLib14configGPIOModeEjhNS_9GPIO_ModeE))
<BR><BR>[Stack]<UL><LI>Max Depth = 92<LI>Call Chain = ExLib::configGPIOMode(unsigned int, unsigned char, ExLib::GPIO_Mode) &rArr; GPIOPadConfigSet
</UL>
<BR>[Calls]<UL><LI><a href="#[64]">&gt;&gt;</a>&nbsp;&nbsp;&nbsp;GPIOPadConfigSet
<LI><a href="#[63]">&gt;&gt;</a>&nbsp;&nbsp;&nbsp;GPIODirModeSet
<LI><a href="#[66]">&gt;&gt;</a>&nbsp;&nbsp;&nbsp;ExLib::ExLib_Exception::raiseException(char const*)
</UL>
<BR>[Called By]<UL><LI><a href="#[76]">&gt;&gt;</a>&nbsp;&nbsp;&nbsp;ExLib::GPIO::mode(ExLib::GPIO_Mode)
</UL>

<P><STRONG><a name="[93]"></a>ExLib::isLegalUARTPin(unsigned int, ExLib::GPIO_Pin, ExLib::GPIO_Pin)</STRONG> (Thumb, 680 bytes, Stack size 72 bytes, util_uart.o(.text._ZN5ExLib14isLegalUARTPinEjNS_8GPIO_PinES0_), UNUSED)
<BR><BR>[Called By]<UL><LI><a href="#[92]">&gt;&gt;</a>&nbsp;&nbsp;&nbsp;ExLib::UART::setPins(ExLib::GPIO_Pin, ExLib::GPIO_Pin)
</UL>

<P><STRONG><a name="[66]"></a>ExLib::ExLib_Exception::raiseException(char const*)</STRONG> (Thumb, 30 bytes, Stack size 16 bytes, exlib_exception.o(.text._ZN5ExLib15ExLib_Exception14raiseExceptionEPKc))
<BR><BR>[Stack]<UL><LI>Max Depth = 16<LI>Call Chain = ExLib::ExLib_Exception::raiseException(char const*)
</UL>
<BR>[Calls]<UL><LI><a href="#[67]">&gt;&gt;</a>&nbsp;&nbsp;&nbsp;ExLib::ExLib_Exception::raiseHardFault()
</UL>
<BR>[Called By]<UL><LI><a href="#[94]">&gt;&gt;</a>&nbsp;&nbsp;&nbsp;ExLib::UART::UART(ExLib::UART_Periph, ExLib::GPIO_Pin, ExLib::GPIO_Pin, ExLib::BufferFIFO&lang;char&rang;*)
<LI><a href="#[6c]">&gt;&gt;</a>&nbsp;&nbsp;&nbsp;ExLib::getUARTIntByName(ExLib::UART_Periph)
<LI><a href="#[72]">&gt;&gt;</a>&nbsp;&nbsp;&nbsp;ExLib::getUARTParityByName(ExLib::UART_Parity)
<LI><a href="#[74]">&gt;&gt;</a>&nbsp;&nbsp;&nbsp;ExLib::getUARTStopBitsByName(ExLib::UART_StopBits)
<LI><a href="#[75]">&gt;&gt;</a>&nbsp;&nbsp;&nbsp;ExLib::getUARTWordLengthByName(ExLib::UART_WordLength)
<LI><a href="#[71]">&gt;&gt;</a>&nbsp;&nbsp;&nbsp;ExLib::getUARTNameByPeriph(unsigned int)
<LI><a href="#[92]">&gt;&gt;</a>&nbsp;&nbsp;&nbsp;ExLib::UART::setPins(ExLib::GPIO_Pin, ExLib::GPIO_Pin)
<LI><a href="#[73]">&gt;&gt;</a>&nbsp;&nbsp;&nbsp;ExLib::getUARTPeriphByName(ExLib::UART_Periph)
<LI><a href="#[70]">&gt;&gt;</a>&nbsp;&nbsp;&nbsp;ExLib::getUARTDefaultTxPin(ExLib::UART_Periph)
<LI><a href="#[6f]">&gt;&gt;</a>&nbsp;&nbsp;&nbsp;ExLib::getUARTDefaultRxPin(ExLib::UART_Periph)
<LI><a href="#[65]">&gt;&gt;</a>&nbsp;&nbsp;&nbsp;ExLib::configGPIOMode(unsigned int, unsigned char, ExLib::GPIO_Mode)
<LI><a href="#[60]">&gt;&gt;</a>&nbsp;&nbsp;&nbsp;ExLib::enableGPIOClock(unsigned int)
<LI><a href="#[5e]">&gt;&gt;</a>&nbsp;&nbsp;&nbsp;ExLib::getGPIOPortByName(ExLib::GPIO_Pin)
</UL>

<P><STRONG><a name="[67]"></a>ExLib::ExLib_Exception::raiseHardFault()</STRONG> (Thumb, 6 bytes, Stack size 0 bytes, exlib_exception.o(.text._ZN5ExLib15ExLib_Exception14raiseHardFaultEv))
<BR><BR>[Called By]<UL><LI><a href="#[66]">&gt;&gt;</a>&nbsp;&nbsp;&nbsp;ExLib::ExLib_Exception::raiseException(char const*)
</UL>

<P><STRONG><a name="[68]"></a>ExLib::configUARTState(unsigned int, bool)</STRONG> (Thumb, 280 bytes, Stack size 24 bytes, util_uart.o(.text._ZN5ExLib15configUARTStateEjb))
<BR><BR>[Stack]<UL><LI>Max Depth = 28<LI>Call Chain = ExLib::configUARTState(unsigned int, bool) &rArr; SysCtlPeripheralReady
</UL>
<BR>[Calls]<UL><LI><a href="#[6a]">&gt;&gt;</a>&nbsp;&nbsp;&nbsp;SysCtlPeripheralReady
<LI><a href="#[6b]">&gt;&gt;</a>&nbsp;&nbsp;&nbsp;SysCtlPeripheralDisable
<LI><a href="#[69]">&gt;&gt;</a>&nbsp;&nbsp;&nbsp;SysCtlPeripheralEnable
</UL>
<BR>[Called By]<UL><LI><a href="#[89]">&gt;&gt;</a>&nbsp;&nbsp;&nbsp;ExLib::UART::begin(unsigned int, ExLib::UART_WordLength, ExLib::UART_StopBits, ExLib::UART_Parity)
</UL>

<P><STRONG><a name="[60]"></a>ExLib::enableGPIOClock(unsigned int)</STRONG> (Thumb, 554 bytes, Stack size 24 bytes, util_gpio.o(.text._ZN5ExLib15enableGPIOClockEj))
<BR><BR>[Stack]<UL><LI>Max Depth = 40<LI>Call Chain = ExLib::enableGPIOClock(unsigned int) &rArr; ExLib::ExLib_Exception::raiseException(char const*)
</UL>
<BR>[Calls]<UL><LI><a href="#[6a]">&gt;&gt;</a>&nbsp;&nbsp;&nbsp;SysCtlPeripheralReady
<LI><a href="#[69]">&gt;&gt;</a>&nbsp;&nbsp;&nbsp;SysCtlPeripheralEnable
<LI><a href="#[66]">&gt;&gt;</a>&nbsp;&nbsp;&nbsp;ExLib::ExLib_Exception::raiseException(char const*)
</UL>
<BR>[Called By]<UL><LI><a href="#[5d]">&gt;&gt;</a>&nbsp;&nbsp;&nbsp;ExLib::configUARTPin(unsigned int, ExLib::GPIO_Pin, ExLib::GPIO_Pin)
<LI><a href="#[7c]">&gt;&gt;</a>&nbsp;&nbsp;&nbsp;ExLib::GPIO::GPIO(ExLib::GPIO_Pin)
</UL>

<P><STRONG><a name="[87]"></a>ExLib::CallbackFunction::call()</STRONG> (Thumb, 18 bytes, Stack size 16 bytes, exlib_uart.o(.text._ZN5ExLib16CallbackFunction4callEv))
<BR><BR>[Stack]<UL><LI>Max Depth = 16<LI>Call Chain = ExLib::CallbackFunction::call()
</UL>
<BR>[Called By]<UL><LI><a href="#[81]">&gt;&gt;</a>&nbsp;&nbsp;&nbsp;ExLib::UART::interruptHandler()
</UL>

<P><STRONG><a name="[5f]"></a>ExLib::getGPIOPinByName(ExLib::GPIO_Pin)</STRONG> (Thumb, 30 bytes, Stack size 4 bytes, util_gpio.o(.text._ZN5ExLib16getGPIOPinByNameENS_8GPIO_PinE))
<BR><BR>[Stack]<UL><LI>Max Depth = 4<LI>Call Chain = ExLib::getGPIOPinByName(ExLib::GPIO_Pin)
</UL>
<BR>[Called By]<UL><LI><a href="#[5d]">&gt;&gt;</a>&nbsp;&nbsp;&nbsp;ExLib::configUARTPin(unsigned int, ExLib::GPIO_Pin, ExLib::GPIO_Pin)
<LI><a href="#[7c]">&gt;&gt;</a>&nbsp;&nbsp;&nbsp;ExLib::GPIO::GPIO(ExLib::GPIO_Pin)
</UL>

<P><STRONG><a name="[6c]"></a>ExLib::getUARTIntByName(ExLib::UART_Periph)</STRONG> (Thumb, 52 bytes, Stack size 16 bytes, util_uart.o(.text._ZN5ExLib16getUARTIntByNameENS_11UART_PeriphE))
<BR><BR>[Stack]<UL><LI>Max Depth = 32<LI>Call Chain = ExLib::getUARTIntByName(ExLib::UART_Periph) &rArr; ExLib::ExLib_Exception::raiseException(char const*)
</UL>
<BR>[Calls]<UL><LI><a href="#[66]">&gt;&gt;</a>&nbsp;&nbsp;&nbsp;ExLib::ExLib_Exception::raiseException(char const*)
</UL>
<BR>[Called By]<UL><LI><a href="#[89]">&gt;&gt;</a>&nbsp;&nbsp;&nbsp;ExLib::UART::begin(unsigned int, ExLib::UART_WordLength, ExLib::UART_StopBits, ExLib::UART_Parity)
</UL>

<P><STRONG><a name="[5e]"></a>ExLib::getGPIOPortByName(ExLib::GPIO_Pin)</STRONG> (Thumb, 58 bytes, Stack size 16 bytes, util_gpio.o(.text._ZN5ExLib17getGPIOPortByNameENS_8GPIO_PinE))
<BR><BR>[Stack]<UL><LI>Max Depth = 32<LI>Call Chain = ExLib::getGPIOPortByName(ExLib::GPIO_Pin) &rArr; ExLib::ExLib_Exception::raiseException(char const*)
</UL>
<BR>[Calls]<UL><LI><a href="#[66]">&gt;&gt;</a>&nbsp;&nbsp;&nbsp;ExLib::ExLib_Exception::raiseException(char const*)
</UL>
<BR>[Called By]<UL><LI><a href="#[5d]">&gt;&gt;</a>&nbsp;&nbsp;&nbsp;ExLib::configUARTPin(unsigned int, ExLib::GPIO_Pin, ExLib::GPIO_Pin)
<LI><a href="#[7c]">&gt;&gt;</a>&nbsp;&nbsp;&nbsp;ExLib::GPIO::GPIO(ExLib::GPIO_Pin)
</UL>

<P><STRONG><a name="[9]"></a>ExLib::ReadStreamBuffered::read(char&)</STRONG> (Thumb, 12 bytes, Stack size 8 bytes, exlib_readstreambuffered.o(.text._ZN5ExLib18ReadStreamBuffered4readERc))
<BR><BR>[Stack]<UL><LI>Max Depth = 8<LI>Call Chain = ExLib::ReadStreamBuffered::read(char&)
</UL>
<BR>[Address Reference Count : 2]<UL><LI> exlib_readstreambuffered.o(.rodata._ZTVN5ExLib18ReadStreamBufferedE)
<LI> exlib_uart.o(.rodata._ZTVN5ExLib10ScanStreamE)
</UL>
<P><STRONG><a name="[6d]"></a>ExLib::ReadStreamBuffered::ReadStreamBuffered(ExLib::BufferFIFO&lang;char&rang;&)</STRONG> (Thumb, 38 bytes, Stack size 24 bytes, exlib_readstreambuffered.o(.text._ZN5ExLib18ReadStreamBufferedC2ERNS_10BufferFIFOIcEE), UNUSED)
<BR><BR>[Calls]<UL><LI><a href="#[6e]">&gt;&gt;</a>&nbsp;&nbsp;&nbsp;ExLib::ReadStream::ReadStream__sub_object()
</UL>

<P><STRONG><a name="[5a]"></a>ExLib::ReadStreamBuffered::ReadStreamBuffered__sub_object(ExLib::BufferFIFO&lang;char&rang;&)</STRONG> (Thumb, 38 bytes, Stack size 24 bytes, exlib_readstreambuffered.o(.text._ZN5ExLib18ReadStreamBufferedC2ERNS_10BufferFIFOIcEE), UNUSED)
<BR><BR>[Called By]<UL><LI><a href="#[59]">&gt;&gt;</a>&nbsp;&nbsp;&nbsp;ExLib::ScanStream::ScanStream__sub_object(ExLib::BufferFIFO&lang;char&rang;&)
</UL>

<P><STRONG><a name="[6f]"></a>ExLib::getUARTDefaultRxPin(ExLib::UART_Periph)</STRONG> (Thumb, 50 bytes, Stack size 16 bytes, util_uart.o(.text._ZN5ExLib19getUARTDefaultRxPinENS_11UART_PeriphE))
<BR><BR>[Stack]<UL><LI>Max Depth = 32<LI>Call Chain = ExLib::getUARTDefaultRxPin(ExLib::UART_Periph) &rArr; ExLib::ExLib_Exception::raiseException(char const*)
</UL>
<BR>[Calls]<UL><LI><a href="#[66]">&gt;&gt;</a>&nbsp;&nbsp;&nbsp;ExLib::ExLib_Exception::raiseException(char const*)
</UL>
<BR>[Called By]<UL><LI><a href="#[95]">&gt;&gt;</a>&nbsp;&nbsp;&nbsp;ExLib::UART::UART(ExLib::UART_Periph, ExLib::BufferFIFO&lang;char&rang;*)
</UL>

<P><STRONG><a name="[70]"></a>ExLib::getUARTDefaultTxPin(ExLib::UART_Periph)</STRONG> (Thumb, 50 bytes, Stack size 16 bytes, util_uart.o(.text._ZN5ExLib19getUARTDefaultTxPinENS_11UART_PeriphE))
<BR><BR>[Stack]<UL><LI>Max Depth = 32<LI>Call Chain = ExLib::getUARTDefaultTxPin(ExLib::UART_Periph) &rArr; ExLib::ExLib_Exception::raiseException(char const*)
</UL>
<BR>[Calls]<UL><LI><a href="#[66]">&gt;&gt;</a>&nbsp;&nbsp;&nbsp;ExLib::ExLib_Exception::raiseException(char const*)
</UL>
<BR>[Called By]<UL><LI><a href="#[95]">&gt;&gt;</a>&nbsp;&nbsp;&nbsp;ExLib::UART::UART(ExLib::UART_Periph, ExLib::BufferFIFO&lang;char&rang;*)
</UL>

<P><STRONG><a name="[71]"></a>ExLib::getUARTNameByPeriph(unsigned int)</STRONG> (Thumb, 226 bytes, Stack size 24 bytes, util_uart.o(.text._ZN5ExLib19getUARTNameByPeriphEj))
<BR><BR>[Stack]<UL><LI>Max Depth = 40<LI>Call Chain = ExLib::getUARTNameByPeriph(unsigned int) &rArr; ExLib::ExLib_Exception::raiseException(char const*)
</UL>
<BR>[Calls]<UL><LI><a href="#[66]">&gt;&gt;</a>&nbsp;&nbsp;&nbsp;ExLib::ExLib_Exception::raiseException(char const*)
</UL>
<BR>[Called By]<UL><LI><a href="#[8e]">&gt;&gt;</a>&nbsp;&nbsp;&nbsp;ExLib::UART::operator ExLib::UART_Periph()
</UL>

<P><STRONG><a name="[72]"></a>ExLib::getUARTParityByName(ExLib::UART_Parity)</STRONG> (Thumb, 52 bytes, Stack size 16 bytes, util_uart.o(.text._ZN5ExLib19getUARTParityByNameENS_11UART_ParityE))
<BR><BR>[Stack]<UL><LI>Max Depth = 32<LI>Call Chain = ExLib::getUARTParityByName(ExLib::UART_Parity) &rArr; ExLib::ExLib_Exception::raiseException(char const*)
</UL>
<BR>[Calls]<UL><LI><a href="#[66]">&gt;&gt;</a>&nbsp;&nbsp;&nbsp;ExLib::ExLib_Exception::raiseException(char const*)
</UL>
<BR>[Called By]<UL><LI><a href="#[89]">&gt;&gt;</a>&nbsp;&nbsp;&nbsp;ExLib::UART::begin(unsigned int, ExLib::UART_WordLength, ExLib::UART_StopBits, ExLib::UART_Parity)
</UL>

<P><STRONG><a name="[73]"></a>ExLib::getUARTPeriphByName(ExLib::UART_Periph)</STRONG> (Thumb, 52 bytes, Stack size 16 bytes, util_uart.o(.text._ZN5ExLib19getUARTPeriphByNameENS_11UART_PeriphE), UNUSED)
<BR><BR>[Calls]<UL><LI><a href="#[66]">&gt;&gt;</a>&nbsp;&nbsp;&nbsp;ExLib::ExLib_Exception::raiseException(char const*)
</UL>
<BR>[Called By]<UL><LI><a href="#[94]">&gt;&gt;</a>&nbsp;&nbsp;&nbsp;ExLib::UART::UART(ExLib::UART_Periph, ExLib::GPIO_Pin, ExLib::GPIO_Pin, ExLib::BufferFIFO&lang;char&rang;*)
</UL>

<P><STRONG><a name="[61]"></a>ExLib::getUARTPinMuxConfig(unsigned int, ExLib::GPIO_Pin)</STRONG> (Thumb, 728 bytes, Stack size 16 bytes, util_uart.o(.text._ZN5ExLib19getUARTPinMuxConfigEjNS_8GPIO_PinE))
<BR><BR>[Stack]<UL><LI>Max Depth = 16<LI>Call Chain = ExLib::getUARTPinMuxConfig(unsigned int, ExLib::GPIO_Pin)
</UL>
<BR>[Called By]<UL><LI><a href="#[5d]">&gt;&gt;</a>&nbsp;&nbsp;&nbsp;ExLib::configUARTPin(unsigned int, ExLib::GPIO_Pin, ExLib::GPIO_Pin)
</UL>

<P><STRONG><a name="[74]"></a>ExLib::getUARTStopBitsByName(ExLib::UART_StopBits)</STRONG> (Thumb, 52 bytes, Stack size 16 bytes, util_uart.o(.text._ZN5ExLib21getUARTStopBitsByNameENS_13UART_StopBitsE))
<BR><BR>[Stack]<UL><LI>Max Depth = 32<LI>Call Chain = ExLib::getUARTStopBitsByName(ExLib::UART_StopBits) &rArr; ExLib::ExLib_Exception::raiseException(char const*)
</UL>
<BR>[Calls]<UL><LI><a href="#[66]">&gt;&gt;</a>&nbsp;&nbsp;&nbsp;ExLib::ExLib_Exception::raiseException(char const*)
</UL>
<BR>[Called By]<UL><LI><a href="#[89]">&gt;&gt;</a>&nbsp;&nbsp;&nbsp;ExLib::UART::begin(unsigned int, ExLib::UART_WordLength, ExLib::UART_StopBits, ExLib::UART_Parity)
</UL>

<P><STRONG><a name="[75]"></a>ExLib::getUARTWordLengthByName(ExLib::UART_WordLength)</STRONG> (Thumb, 78 bytes, Stack size 24 bytes, util_uart.o(.text._ZN5ExLib23getUARTWordLengthByNameENS_15UART_WordLengthE))
<BR><BR>[Stack]<UL><LI>Max Depth = 40<LI>Call Chain = ExLib::getUARTWordLengthByName(ExLib::UART_WordLength) &rArr; ExLib::ExLib_Exception::raiseException(char const*)
</UL>
<BR>[Calls]<UL><LI><a href="#[66]">&gt;&gt;</a>&nbsp;&nbsp;&nbsp;ExLib::ExLib_Exception::raiseException(char const*)
</UL>
<BR>[Called By]<UL><LI><a href="#[89]">&gt;&gt;</a>&nbsp;&nbsp;&nbsp;ExLib::UART::begin(unsigned int, ExLib::UART_WordLength, ExLib::UART_StopBits, ExLib::UART_Parity)
</UL>

<P><STRONG><a name="[76]"></a>ExLib::GPIO::mode(ExLib::GPIO_Mode)</STRONG> (Thumb, 24 bytes, Stack size 16 bytes, exlib_gpio.o(.text._ZN5ExLib4GPIO4modeENS_9GPIO_ModeE))
<BR><BR>[Stack]<UL><LI>Max Depth = 108<LI>Call Chain = ExLib::GPIO::mode(ExLib::GPIO_Mode) &rArr; ExLib::configGPIOMode(unsigned int, unsigned char, ExLib::GPIO_Mode) &rArr; GPIOPadConfigSet
</UL>
<BR>[Calls]<UL><LI><a href="#[65]">&gt;&gt;</a>&nbsp;&nbsp;&nbsp;ExLib::configGPIOMode(unsigned int, unsigned char, ExLib::GPIO_Mode)
</UL>
<BR>[Called By]<UL><LI><a href="#[7e]">&gt;&gt;</a>&nbsp;&nbsp;&nbsp;ExLib::GPIO::GPIO(ExLib::GPIO_Pin, ExLib::GPIO_Mode)
</UL>

<P><STRONG><a name="[77]"></a>ExLib::GPIO::read()</STRONG> (Thumb, 26 bytes, Stack size 16 bytes, exlib_gpio.o(.text._ZN5ExLib4GPIO4readEv))
<BR><BR>[Stack]<UL><LI>Max Depth = 24<LI>Call Chain = ExLib::GPIO::read() &rArr; GPIOPinRead
</UL>
<BR>[Calls]<UL><LI><a href="#[78]">&gt;&gt;</a>&nbsp;&nbsp;&nbsp;GPIOPinRead
</UL>
<BR>[Called By]<UL><LI><a href="#[f]">&gt;&gt;</a>&nbsp;&nbsp;&nbsp;ExLib::GPIO::printTo(ExLib::PrintStream&)
</UL>

<P><STRONG><a name="[79]"></a>ExLib::GPIO::write(bool)</STRONG> (Thumb, 56 bytes, Stack size 24 bytes, exlib_gpio.o(.text._ZN5ExLib4GPIO5writeEb))
<BR><BR>[Stack]<UL><LI>Max Depth = 32<LI>Call Chain = ExLib::GPIO::write(bool) &rArr; GPIOPinWrite
</UL>
<BR>[Calls]<UL><LI><a href="#[7a]">&gt;&gt;</a>&nbsp;&nbsp;&nbsp;GPIOPinWrite
</UL>
<BR>[Called By]<UL><LI><a href="#[98]">&gt;&gt;</a>&nbsp;&nbsp;&nbsp;ExLib::usr_main()
</UL>

<P><STRONG><a name="[f]"></a>ExLib::GPIO::printTo(ExLib::PrintStream&)</STRONG> (Thumb, 60 bytes, Stack size 24 bytes, exlib_gpio.o(.text._ZN5ExLib4GPIO7printToERNS_11PrintStreamE))
<BR><BR>[Stack]<UL><LI>Max Depth = 48<LI>Call Chain = ExLib::GPIO::printTo(ExLib::PrintStream&) &rArr; ExLib::GPIO::read() &rArr; GPIOPinRead
</UL>
<BR>[Calls]<UL><LI><a href="#[7b]">&gt;&gt;</a>&nbsp;&nbsp;&nbsp;ExLib::PrintStream::print(char const*)
<LI><a href="#[77]">&gt;&gt;</a>&nbsp;&nbsp;&nbsp;ExLib::GPIO::read()
</UL>
<BR>[Address Reference Count : 1]<UL><LI> exlib_gpio.o(.rodata._ZTVN5ExLib4GPIOE)
</UL>
<P><STRONG><a name="[7c]"></a>ExLib::GPIO::GPIO(ExLib::GPIO_Pin)</STRONG> (Thumb, 70 bytes, Stack size 24 bytes, exlib_gpio.o(.text._ZN5ExLib4GPIOC2ENS_8GPIO_PinE), UNUSED)
<BR><BR>[Calls]<UL><LI><a href="#[60]">&gt;&gt;</a>&nbsp;&nbsp;&nbsp;ExLib::enableGPIOClock(unsigned int)
<LI><a href="#[5f]">&gt;&gt;</a>&nbsp;&nbsp;&nbsp;ExLib::getGPIOPinByName(ExLib::GPIO_Pin)
<LI><a href="#[5e]">&gt;&gt;</a>&nbsp;&nbsp;&nbsp;ExLib::getGPIOPortByName(ExLib::GPIO_Pin)
<LI><a href="#[7d]">&gt;&gt;</a>&nbsp;&nbsp;&nbsp;ExLib::Printable::Printable__sub_object()
</UL>

<P><STRONG><a name="[7f]"></a>ExLib::GPIO::GPIO__sub_object(ExLib::GPIO_Pin)</STRONG> (Thumb, 70 bytes, Stack size 24 bytes, exlib_gpio.o(.text._ZN5ExLib4GPIOC2ENS_8GPIO_PinE))
<BR><BR>[Stack]<UL><LI>Max Depth = 24<LI>Call Chain = ExLib::GPIO::GPIO__sub_object(ExLib::GPIO_Pin)
</UL>
<BR>[Called By]<UL><LI><a href="#[7e]">&gt;&gt;</a>&nbsp;&nbsp;&nbsp;ExLib::GPIO::GPIO(ExLib::GPIO_Pin, ExLib::GPIO_Mode)
</UL>

<P><STRONG><a name="[7e]"></a>ExLib::GPIO::GPIO(ExLib::GPIO_Pin, ExLib::GPIO_Mode)</STRONG> (Thumb, 38 bytes, Stack size 24 bytes, exlib_gpio.o(.text._ZN5ExLib4GPIOC2ENS_8GPIO_PinENS_9GPIO_ModeE))
<BR><BR>[Stack]<UL><LI>Max Depth = 132<LI>Call Chain = ExLib::GPIO::GPIO(ExLib::GPIO_Pin, ExLib::GPIO_Mode) &rArr; ExLib::GPIO::mode(ExLib::GPIO_Mode) &rArr; ExLib::configGPIOMode(unsigned int, unsigned char, ExLib::GPIO_Mode) &rArr; GPIOPadConfigSet
</UL>
<BR>[Calls]<UL><LI><a href="#[76]">&gt;&gt;</a>&nbsp;&nbsp;&nbsp;ExLib::GPIO::mode(ExLib::GPIO_Mode)
<LI><a href="#[7f]">&gt;&gt;</a>&nbsp;&nbsp;&nbsp;ExLib::GPIO::GPIO__sub_object(ExLib::GPIO_Pin)
</UL>
<BR>[Called By]<UL><LI><a href="#[54]">&gt;&gt;</a>&nbsp;&nbsp;&nbsp;__cxx_global_var_init
</UL>

<P><STRONG><a name="[cf]"></a>ExLib::GPIO::GPIO__sub_object(ExLib::GPIO_Pin, ExLib::GPIO_Mode)</STRONG> (Thumb, 38 bytes, Stack size 24 bytes, exlib_gpio.o(.text._ZN5ExLib4GPIOC2ENS_8GPIO_PinENS_9GPIO_ModeE), UNUSED)

<P><STRONG><a name="[13]"></a>ExLib::UART::avaliableForRead()</STRONG> (Thumb, 24 bytes, Stack size 16 bytes, exlib_uart.o(.text._ZN5ExLib4UART16avaliableForReadEv))
<BR><BR>[Stack]<UL><LI>Max Depth = 28<LI>Call Chain = ExLib::UART::avaliableForRead() &rArr; ExLib::BufferFIFO&lang;char&rang;::avaliable()
</UL>
<BR>[Calls]<UL><LI><a href="#[80]">&gt;&gt;</a>&nbsp;&nbsp;&nbsp;ExLib::BufferFIFO&lang;char&rang;::avaliable()
</UL>
<BR>[Called By]<UL><LI><a href="#[15]">&gt;&gt;</a>&nbsp;&nbsp;&nbsp;non-virtual thunk to ExLib::UART::avaliableForRead()
<LI><a href="#[98]">&gt;&gt;</a>&nbsp;&nbsp;&nbsp;ExLib::usr_main()
</UL>
<BR>[Address Reference Count : 1]<UL><LI> exlib_uart.o(.rodata._ZTVN5ExLib4UARTE)
</UL>
<P><STRONG><a name="[81]"></a>ExLib::UART::interruptHandler()</STRONG> (Thumb, 118 bytes, Stack size 24 bytes, exlib_uart.o(.text._ZN5ExLib4UART16interruptHandlerEv))
<BR><BR>[Stack]<UL><LI>Max Depth = 40<LI>Call Chain = ExLib::UART::interruptHandler() &rArr; ExLib::CallbackFunction::call()
</UL>
<BR>[Calls]<UL><LI><a href="#[83]">&gt;&gt;</a>&nbsp;&nbsp;&nbsp;UARTIntClear
<LI><a href="#[82]">&gt;&gt;</a>&nbsp;&nbsp;&nbsp;UARTIntStatus
<LI><a href="#[85]">&gt;&gt;</a>&nbsp;&nbsp;&nbsp;UARTCharGetNonBlocking
<LI><a href="#[84]">&gt;&gt;</a>&nbsp;&nbsp;&nbsp;UARTCharsAvail
<LI><a href="#[87]">&gt;&gt;</a>&nbsp;&nbsp;&nbsp;ExLib::CallbackFunction::call()
<LI><a href="#[86]">&gt;&gt;</a>&nbsp;&nbsp;&nbsp;ExLib::BufferFIFO&lang;char&rang;::write(char)
</UL>
<BR>[Called By]<UL><LI><a href="#[1d]">&gt;&gt;</a>&nbsp;&nbsp;&nbsp;ExLib::UART::UART7InterruptHandler()
<LI><a href="#[1c]">&gt;&gt;</a>&nbsp;&nbsp;&nbsp;ExLib::UART::UART6InterruptHandler()
<LI><a href="#[1b]">&gt;&gt;</a>&nbsp;&nbsp;&nbsp;ExLib::UART::UART5InterruptHandler()
<LI><a href="#[1a]">&gt;&gt;</a>&nbsp;&nbsp;&nbsp;ExLib::UART::UART4InterruptHandler()
<LI><a href="#[19]">&gt;&gt;</a>&nbsp;&nbsp;&nbsp;ExLib::UART::UART3InterruptHandler()
<LI><a href="#[18]">&gt;&gt;</a>&nbsp;&nbsp;&nbsp;ExLib::UART::UART2InterruptHandler()
<LI><a href="#[17]">&gt;&gt;</a>&nbsp;&nbsp;&nbsp;ExLib::UART::UART1InterruptHandler()
<LI><a href="#[16]">&gt;&gt;</a>&nbsp;&nbsp;&nbsp;ExLib::UART::UART0InterruptHandler()
</UL>

<P><STRONG><a name="[16]"></a>ExLib::UART::UART0InterruptHandler()</STRONG> (Thumb, 18 bytes, Stack size 8 bytes, exlib_uart.o(.text._ZN5ExLib4UART21UART0InterruptHandlerEv))
<BR><BR>[Stack]<UL><LI>Max Depth = 48<LI>Call Chain = ExLib::UART::UART0InterruptHandler() &rArr; ExLib::UART::interruptHandler() &rArr; ExLib::CallbackFunction::call()
</UL>
<BR>[Calls]<UL><LI><a href="#[81]">&gt;&gt;</a>&nbsp;&nbsp;&nbsp;ExLib::UART::interruptHandler()
</UL>
<BR>[Address Reference Count : 1]<UL><LI> exlib_uart.o(.rodata._ZZN5ExLib4UART25getInterruptHandlerByNameENS_11UART_PeriphEE24interruptHandlerFunction)
</UL>
<P><STRONG><a name="[17]"></a>ExLib::UART::UART1InterruptHandler()</STRONG> (Thumb, 18 bytes, Stack size 8 bytes, exlib_uart.o(.text._ZN5ExLib4UART21UART1InterruptHandlerEv))
<BR><BR>[Stack]<UL><LI>Max Depth = 48<LI>Call Chain = ExLib::UART::UART1InterruptHandler() &rArr; ExLib::UART::interruptHandler() &rArr; ExLib::CallbackFunction::call()
</UL>
<BR>[Calls]<UL><LI><a href="#[81]">&gt;&gt;</a>&nbsp;&nbsp;&nbsp;ExLib::UART::interruptHandler()
</UL>
<BR>[Address Reference Count : 1]<UL><LI> exlib_uart.o(.rodata._ZZN5ExLib4UART25getInterruptHandlerByNameENS_11UART_PeriphEE24interruptHandlerFunction)
</UL>
<P><STRONG><a name="[18]"></a>ExLib::UART::UART2InterruptHandler()</STRONG> (Thumb, 18 bytes, Stack size 8 bytes, exlib_uart.o(.text._ZN5ExLib4UART21UART2InterruptHandlerEv))
<BR><BR>[Stack]<UL><LI>Max Depth = 48<LI>Call Chain = ExLib::UART::UART2InterruptHandler() &rArr; ExLib::UART::interruptHandler() &rArr; ExLib::CallbackFunction::call()
</UL>
<BR>[Calls]<UL><LI><a href="#[81]">&gt;&gt;</a>&nbsp;&nbsp;&nbsp;ExLib::UART::interruptHandler()
</UL>
<BR>[Address Reference Count : 1]<UL><LI> exlib_uart.o(.rodata._ZZN5ExLib4UART25getInterruptHandlerByNameENS_11UART_PeriphEE24interruptHandlerFunction)
</UL>
<P><STRONG><a name="[19]"></a>ExLib::UART::UART3InterruptHandler()</STRONG> (Thumb, 18 bytes, Stack size 8 bytes, exlib_uart.o(.text._ZN5ExLib4UART21UART3InterruptHandlerEv))
<BR><BR>[Stack]<UL><LI>Max Depth = 48<LI>Call Chain = ExLib::UART::UART3InterruptHandler() &rArr; ExLib::UART::interruptHandler() &rArr; ExLib::CallbackFunction::call()
</UL>
<BR>[Calls]<UL><LI><a href="#[81]">&gt;&gt;</a>&nbsp;&nbsp;&nbsp;ExLib::UART::interruptHandler()
</UL>
<BR>[Address Reference Count : 1]<UL><LI> exlib_uart.o(.rodata._ZZN5ExLib4UART25getInterruptHandlerByNameENS_11UART_PeriphEE24interruptHandlerFunction)
</UL>
<P><STRONG><a name="[1a]"></a>ExLib::UART::UART4InterruptHandler()</STRONG> (Thumb, 18 bytes, Stack size 8 bytes, exlib_uart.o(.text._ZN5ExLib4UART21UART4InterruptHandlerEv))
<BR><BR>[Stack]<UL><LI>Max Depth = 48<LI>Call Chain = ExLib::UART::UART4InterruptHandler() &rArr; ExLib::UART::interruptHandler() &rArr; ExLib::CallbackFunction::call()
</UL>
<BR>[Calls]<UL><LI><a href="#[81]">&gt;&gt;</a>&nbsp;&nbsp;&nbsp;ExLib::UART::interruptHandler()
</UL>
<BR>[Address Reference Count : 1]<UL><LI> exlib_uart.o(.rodata._ZZN5ExLib4UART25getInterruptHandlerByNameENS_11UART_PeriphEE24interruptHandlerFunction)
</UL>
<P><STRONG><a name="[1b]"></a>ExLib::UART::UART5InterruptHandler()</STRONG> (Thumb, 18 bytes, Stack size 8 bytes, exlib_uart.o(.text._ZN5ExLib4UART21UART5InterruptHandlerEv))
<BR><BR>[Stack]<UL><LI>Max Depth = 48<LI>Call Chain = ExLib::UART::UART5InterruptHandler() &rArr; ExLib::UART::interruptHandler() &rArr; ExLib::CallbackFunction::call()
</UL>
<BR>[Calls]<UL><LI><a href="#[81]">&gt;&gt;</a>&nbsp;&nbsp;&nbsp;ExLib::UART::interruptHandler()
</UL>
<BR>[Address Reference Count : 1]<UL><LI> exlib_uart.o(.rodata._ZZN5ExLib4UART25getInterruptHandlerByNameENS_11UART_PeriphEE24interruptHandlerFunction)
</UL>
<P><STRONG><a name="[1c]"></a>ExLib::UART::UART6InterruptHandler()</STRONG> (Thumb, 18 bytes, Stack size 8 bytes, exlib_uart.o(.text._ZN5ExLib4UART21UART6InterruptHandlerEv))
<BR><BR>[Stack]<UL><LI>Max Depth = 48<LI>Call Chain = ExLib::UART::UART6InterruptHandler() &rArr; ExLib::UART::interruptHandler() &rArr; ExLib::CallbackFunction::call()
</UL>
<BR>[Calls]<UL><LI><a href="#[81]">&gt;&gt;</a>&nbsp;&nbsp;&nbsp;ExLib::UART::interruptHandler()
</UL>
<BR>[Address Reference Count : 1]<UL><LI> exlib_uart.o(.rodata._ZZN5ExLib4UART25getInterruptHandlerByNameENS_11UART_PeriphEE24interruptHandlerFunction)
</UL>
<P><STRONG><a name="[1d]"></a>ExLib::UART::UART7InterruptHandler()</STRONG> (Thumb, 18 bytes, Stack size 8 bytes, exlib_uart.o(.text._ZN5ExLib4UART21UART7InterruptHandlerEv))
<BR><BR>[Stack]<UL><LI>Max Depth = 48<LI>Call Chain = ExLib::UART::UART7InterruptHandler() &rArr; ExLib::UART::interruptHandler() &rArr; ExLib::CallbackFunction::call()
</UL>
<BR>[Calls]<UL><LI><a href="#[81]">&gt;&gt;</a>&nbsp;&nbsp;&nbsp;ExLib::UART::interruptHandler()
</UL>
<BR>[Address Reference Count : 1]<UL><LI> exlib_uart.o(.rodata._ZZN5ExLib4UART25getInterruptHandlerByNameENS_11UART_PeriphEE24interruptHandlerFunction)
</UL>
<P><STRONG><a name="[8f]"></a>ExLib::UART::getInterruptHandlerByName(ExLib::UART_Periph)</STRONG> (Thumb, 28 bytes, Stack size 8 bytes, exlib_uart.o(.text._ZN5ExLib4UART25getInterruptHandlerByNameENS_11UART_PeriphE))
<BR><BR>[Stack]<UL><LI>Max Depth = 8<LI>Call Chain = ExLib::UART::getInterruptHandlerByName(ExLib::UART_Periph)
</UL>
<BR>[Called By]<UL><LI><a href="#[89]">&gt;&gt;</a>&nbsp;&nbsp;&nbsp;ExLib::UART::begin(unsigned int, ExLib::UART_WordLength, ExLib::UART_StopBits, ExLib::UART_Parity)
</UL>

<P><STRONG><a name="[12]"></a>ExLib::UART::read(char&)</STRONG> (Thumb, 22 bytes, Stack size 16 bytes, exlib_uart.o(.text._ZN5ExLib4UART4readERc))
<BR><BR>[Stack]<UL><LI>Max Depth = 32<LI>Call Chain = ExLib::UART::read(char&) &rArr; ExLib::BufferFIFO&lang;char&rang;::read(char&)
</UL>
<BR>[Calls]<UL><LI><a href="#[88]">&gt;&gt;</a>&nbsp;&nbsp;&nbsp;ExLib::BufferFIFO&lang;char&rang;::read(char&)
</UL>
<BR>[Called By]<UL><LI><a href="#[14]">&gt;&gt;</a>&nbsp;&nbsp;&nbsp;non-virtual thunk to ExLib::UART::read(char&)
</UL>
<BR>[Address Reference Count : 1]<UL><LI> exlib_uart.o(.rodata._ZTVN5ExLib4UARTE)
</UL>
<P><STRONG><a name="[89]"></a>ExLib::UART::begin(unsigned int, ExLib::UART_WordLength, ExLib::UART_StopBits, ExLib::UART_Parity)</STRONG> (Thumb, 212 bytes, Stack size 48 bytes, exlib_uart.o(.text._ZN5ExLib4UART5beginEjNS_15UART_WordLengthENS_13UART_StopBitsENS_11UART_ParityE))
<BR><BR>[Stack]<UL><LI>Max Depth = 156<LI>Call Chain = ExLib::UART::begin(unsigned int, ExLib::UART_WordLength, ExLib::UART_StopBits, ExLib::UART_Parity) &rArr; ExLib::configUARTPin(unsigned int, ExLib::GPIO_Pin, ExLib::GPIO_Pin) &rArr; GPIOPadConfigSet
</UL>
<BR>[Calls]<UL><LI><a href="#[53]">&gt;&gt;</a>&nbsp;&nbsp;&nbsp;IntEnable
<LI><a href="#[8a]">&gt;&gt;</a>&nbsp;&nbsp;&nbsp;UARTClockSourceSet
<LI><a href="#[90]">&gt;&gt;</a>&nbsp;&nbsp;&nbsp;UARTIntEnable
<LI><a href="#[50]">&gt;&gt;</a>&nbsp;&nbsp;&nbsp;UARTIntRegister
<LI><a href="#[8d]">&gt;&gt;</a>&nbsp;&nbsp;&nbsp;UARTFIFOEnable
<LI><a href="#[4f]">&gt;&gt;</a>&nbsp;&nbsp;&nbsp;UARTEnable
<LI><a href="#[4d]">&gt;&gt;</a>&nbsp;&nbsp;&nbsp;UARTConfigSetExpClk
<LI><a href="#[8c]">&gt;&gt;</a>&nbsp;&nbsp;&nbsp;UARTFIFOLevelSet
<LI><a href="#[8b]">&gt;&gt;</a>&nbsp;&nbsp;&nbsp;SysCtlClockGet
<LI><a href="#[6c]">&gt;&gt;</a>&nbsp;&nbsp;&nbsp;ExLib::getUARTIntByName(ExLib::UART_Periph)
<LI><a href="#[68]">&gt;&gt;</a>&nbsp;&nbsp;&nbsp;ExLib::configUARTState(unsigned int, bool)
<LI><a href="#[5d]">&gt;&gt;</a>&nbsp;&nbsp;&nbsp;ExLib::configUARTPin(unsigned int, ExLib::GPIO_Pin, ExLib::GPIO_Pin)
<LI><a href="#[72]">&gt;&gt;</a>&nbsp;&nbsp;&nbsp;ExLib::getUARTParityByName(ExLib::UART_Parity)
<LI><a href="#[74]">&gt;&gt;</a>&nbsp;&nbsp;&nbsp;ExLib::getUARTStopBitsByName(ExLib::UART_StopBits)
<LI><a href="#[75]">&gt;&gt;</a>&nbsp;&nbsp;&nbsp;ExLib::getUARTWordLengthByName(ExLib::UART_WordLength)
<LI><a href="#[8e]">&gt;&gt;</a>&nbsp;&nbsp;&nbsp;ExLib::UART::operator ExLib::UART_Periph()
<LI><a href="#[8f]">&gt;&gt;</a>&nbsp;&nbsp;&nbsp;ExLib::UART::getInterruptHandlerByName(ExLib::UART_Periph)
</UL>
<BR>[Called By]<UL><LI><a href="#[98]">&gt;&gt;</a>&nbsp;&nbsp;&nbsp;ExLib::usr_main()
</UL>

<P><STRONG><a name="[10]"></a>ExLib::UART::write(char)</STRONG> (Thumb, 28 bytes, Stack size 16 bytes, exlib_uart.o(.text._ZN5ExLib4UART5writeEc))
<BR><BR>[Stack]<UL><LI>Max Depth = 24<LI>Call Chain = ExLib::UART::write(char) &rArr; UARTCharPut
</UL>
<BR>[Calls]<UL><LI><a href="#[91]">&gt;&gt;</a>&nbsp;&nbsp;&nbsp;UARTCharPut
</UL>
<BR>[Called By]<UL><LI><a href="#[98]">&gt;&gt;</a>&nbsp;&nbsp;&nbsp;ExLib::usr_main()
</UL>
<BR>[Address Reference Count : 1]<UL><LI> exlib_uart.o(.rodata._ZTVN5ExLib4UARTE)
</UL>
<P><STRONG><a name="[92]"></a>ExLib::UART::setPins(ExLib::GPIO_Pin, ExLib::GPIO_Pin)</STRONG> (Thumb, 70 bytes, Stack size 24 bytes, exlib_uart.o(.text._ZN5ExLib4UART7setPinsENS_8GPIO_PinES1_), UNUSED)
<BR><BR>[Calls]<UL><LI><a href="#[93]">&gt;&gt;</a>&nbsp;&nbsp;&nbsp;ExLib::isLegalUARTPin(unsigned int, ExLib::GPIO_Pin, ExLib::GPIO_Pin)
<LI><a href="#[66]">&gt;&gt;</a>&nbsp;&nbsp;&nbsp;ExLib::ExLib_Exception::raiseException(char const*)
</UL>
<BR>[Called By]<UL><LI><a href="#[94]">&gt;&gt;</a>&nbsp;&nbsp;&nbsp;ExLib::UART::UART(ExLib::UART_Periph, ExLib::GPIO_Pin, ExLib::GPIO_Pin, ExLib::BufferFIFO&lang;char&rang;*)
</UL>

<P><STRONG><a name="[94]"></a>ExLib::UART::UART(ExLib::UART_Periph, ExLib::GPIO_Pin, ExLib::GPIO_Pin, ExLib::BufferFIFO&lang;char&rang;*)</STRONG> (Thumb, 244 bytes, Stack size 48 bytes, exlib_uart.o(.text._ZN5ExLib4UARTC2ENS_11UART_PeriphENS_8GPIO_PinES2_PNS_10BufferFIFOIcEE), UNUSED)
<BR><BR>[Calls]<UL><LI><a href="#[92]">&gt;&gt;</a>&nbsp;&nbsp;&nbsp;ExLib::UART::setPins(ExLib::GPIO_Pin, ExLib::GPIO_Pin)
<LI><a href="#[73]">&gt;&gt;</a>&nbsp;&nbsp;&nbsp;ExLib::getUARTPeriphByName(ExLib::UART_Periph)
<LI><a href="#[59]">&gt;&gt;</a>&nbsp;&nbsp;&nbsp;ExLib::ScanStream::ScanStream__sub_object(ExLib::BufferFIFO&lang;char&rang;&)
<LI><a href="#[56]">&gt;&gt;</a>&nbsp;&nbsp;&nbsp;ExLib::BufferFIFO&lang;char&rang;::BufferFIFO__sub_object(unsigned int, ExLib::BufferFIFO_WriteMode)
<LI><a href="#[57]">&gt;&gt;</a>&nbsp;&nbsp;&nbsp;operator new(unsigned int)
<LI><a href="#[5b]">&gt;&gt;</a>&nbsp;&nbsp;&nbsp;ExLib::PrintStream::PrintStream__sub_object()
<LI><a href="#[66]">&gt;&gt;</a>&nbsp;&nbsp;&nbsp;ExLib::ExLib_Exception::raiseException(char const*)
</UL>

<P><STRONG><a name="[96]"></a>ExLib::UART::UART__sub_object(ExLib::UART_Periph, ExLib::GPIO_Pin, ExLib::GPIO_Pin, ExLib::BufferFIFO&lang;char&rang;*)</STRONG> (Thumb, 244 bytes, Stack size 48 bytes, exlib_uart.o(.text._ZN5ExLib4UARTC2ENS_11UART_PeriphENS_8GPIO_PinES2_PNS_10BufferFIFOIcEE))
<BR><BR>[Stack]<UL><LI>Max Depth = 48<LI>Call Chain = ExLib::UART::UART__sub_object(ExLib::UART_Periph, ExLib::GPIO_Pin, ExLib::GPIO_Pin, ExLib::BufferFIFO&lang;char&rang;*)
</UL>
<BR>[Called By]<UL><LI><a href="#[95]">&gt;&gt;</a>&nbsp;&nbsp;&nbsp;ExLib::UART::UART(ExLib::UART_Periph, ExLib::BufferFIFO&lang;char&rang;*)
</UL>

<P><STRONG><a name="[95]"></a>ExLib::UART::UART(ExLib::UART_Periph, ExLib::BufferFIFO&lang;char&rang;*)</STRONG> (Thumb, 64 bytes, Stack size 40 bytes, exlib_uart.o(.text._ZN5ExLib4UARTC2ENS_11UART_PeriphEPNS_10BufferFIFOIcEE))
<BR><BR>[Stack]<UL><LI>Max Depth = 88<LI>Call Chain = ExLib::UART::UART(ExLib::UART_Periph, ExLib::BufferFIFO&lang;char&rang;*) &rArr; ExLib::UART::UART__sub_object(ExLib::UART_Periph, ExLib::GPIO_Pin, ExLib::GPIO_Pin, ExLib::BufferFIFO&lang;char&rang;*)
</UL>
<BR>[Calls]<UL><LI><a href="#[96]">&gt;&gt;</a>&nbsp;&nbsp;&nbsp;ExLib::UART::UART__sub_object(ExLib::UART_Periph, ExLib::GPIO_Pin, ExLib::GPIO_Pin, ExLib::BufferFIFO&lang;char&rang;*)
<LI><a href="#[70]">&gt;&gt;</a>&nbsp;&nbsp;&nbsp;ExLib::getUARTDefaultTxPin(ExLib::UART_Periph)
<LI><a href="#[6f]">&gt;&gt;</a>&nbsp;&nbsp;&nbsp;ExLib::getUARTDefaultRxPin(ExLib::UART_Periph)
</UL>
<BR>[Called By]<UL><LI><a href="#[55]">&gt;&gt;</a>&nbsp;&nbsp;&nbsp;__cxx_global_var_init.1
</UL>

<P><STRONG><a name="[d0]"></a>ExLib::UART::UART__sub_object(ExLib::UART_Periph, ExLib::BufferFIFO&lang;char&rang;*)</STRONG> (Thumb, 64 bytes, Stack size 40 bytes, exlib_uart.o(.text._ZN5ExLib4UARTC2ENS_11UART_PeriphEPNS_10BufferFIFOIcEE), UNUSED)

<P><STRONG><a name="[11]"></a>ExLib::UART::~UART__deallocating()</STRONG> (Thumb, 24 bytes, Stack size 16 bytes, exlib_uart.o(.text._ZN5ExLib4UARTD0Ev))
<BR><BR>[Stack]<UL><LI>Max Depth = 88<LI>Call Chain = ExLib::UART::~UART__deallocating() &rArr; ExLib::UART::~UART() &rArr; ExLib::UART::operator ExLib::UART_Periph() &rArr; ExLib::getUARTNameByPeriph(unsigned int) &rArr; ExLib::ExLib_Exception::raiseException(char const*)
</UL>
<BR>[Calls]<UL><LI><a href="#[97]">&gt;&gt;</a>&nbsp;&nbsp;&nbsp;operator delete(void*)
<LI><a href="#[4]">&gt;&gt;</a>&nbsp;&nbsp;&nbsp;ExLib::UART::~UART()
</UL>
<BR>[Address Reference Count : 1]<UL><LI> exlib_uart.o(.rodata._ZTVN5ExLib4UARTE)
</UL>
<P><STRONG><a name="[4]"></a>ExLib::UART::~UART()</STRONG> (Thumb, 60 bytes, Stack size 16 bytes, exlib_uart.o(.text._ZN5ExLib4UARTD2Ev))
<BR><BR>[Stack]<UL><LI>Max Depth = 72<LI>Call Chain = ExLib::UART::~UART() &rArr; ExLib::UART::operator ExLib::UART_Periph() &rArr; ExLib::getUARTNameByPeriph(unsigned int) &rArr; ExLib::ExLib_Exception::raiseException(char const*)
</UL>
<BR>[Calls]<UL><LI><a href="#[d]">&gt;&gt;</a>&nbsp;&nbsp;&nbsp;ExLib::PrintStream::~PrintStream__sub_object()
<LI><a href="#[8e]">&gt;&gt;</a>&nbsp;&nbsp;&nbsp;ExLib::UART::operator ExLib::UART_Periph()
</UL>
<BR>[Called By]<UL><LI><a href="#[11]">&gt;&gt;</a>&nbsp;&nbsp;&nbsp;ExLib::UART::~UART__deallocating()
</UL>
<BR>[Address Reference Count : 2]<UL><LI> exlib_uart.o(.rodata._ZTVN5ExLib4UARTE)
<LI> main.o(.text.__cxx_global_var_init.1)
</UL>
<P><STRONG><a name="[d1]"></a>ExLib::UART::~UART__sub_object()</STRONG> (Thumb, 60 bytes, Stack size 16 bytes, exlib_uart.o(.text._ZN5ExLib4UARTD2Ev), UNUSED)

<P><STRONG><a name="[8e]"></a>ExLib::UART::operator ExLib::UART_Periph()</STRONG> (Thumb, 18 bytes, Stack size 16 bytes, exlib_uart.o(.text._ZN5ExLib4UARTcvNS_11UART_PeriphEEv))
<BR><BR>[Stack]<UL><LI>Max Depth = 56<LI>Call Chain = ExLib::UART::operator ExLib::UART_Periph() &rArr; ExLib::getUARTNameByPeriph(unsigned int) &rArr; ExLib::ExLib_Exception::raiseException(char const*)
</UL>
<BR>[Calls]<UL><LI><a href="#[71]">&gt;&gt;</a>&nbsp;&nbsp;&nbsp;ExLib::getUARTNameByPeriph(unsigned int)
</UL>
<BR>[Called By]<UL><LI><a href="#[89]">&gt;&gt;</a>&nbsp;&nbsp;&nbsp;ExLib::UART::begin(unsigned int, ExLib::UART_WordLength, ExLib::UART_StopBits, ExLib::UART_Parity)
<LI><a href="#[4]">&gt;&gt;</a>&nbsp;&nbsp;&nbsp;ExLib::UART::~UART()
</UL>

<P><STRONG><a name="[98]"></a>ExLib::usr_main()</STRONG> (Thumb, 90 bytes, Stack size 16 bytes, main.o(.text._ZN5ExLib8usr_mainEv))
<BR><BR>[Stack]<UL><LI>Max Depth = 172<LI>Call Chain = ExLib::usr_main() &rArr; ExLib::UART::begin(unsigned int, ExLib::UART_WordLength, ExLib::UART_StopBits, ExLib::UART_Parity) &rArr; ExLib::configUARTPin(unsigned int, ExLib::GPIO_Pin, ExLib::GPIO_Pin) &rArr; GPIOPadConfigSet
</UL>
<BR>[Calls]<UL><LI><a href="#[99]">&gt;&gt;</a>&nbsp;&nbsp;&nbsp;ExLib::ReadStream::read()
<LI><a href="#[13]">&gt;&gt;</a>&nbsp;&nbsp;&nbsp;ExLib::UART::avaliableForRead()
<LI><a href="#[10]">&gt;&gt;</a>&nbsp;&nbsp;&nbsp;ExLib::UART::write(char)
<LI><a href="#[89]">&gt;&gt;</a>&nbsp;&nbsp;&nbsp;ExLib::UART::begin(unsigned int, ExLib::UART_WordLength, ExLib::UART_StopBits, ExLib::UART_Parity)
<LI><a href="#[79]">&gt;&gt;</a>&nbsp;&nbsp;&nbsp;ExLib::GPIO::write(bool)
</UL>
<BR>[Called By]<UL><LI><a href="#[30]">&gt;&gt;</a>&nbsp;&nbsp;&nbsp;main
</UL>

<P><STRONG><a name="[7d]"></a>ExLib::Printable::Printable__sub_object()</STRONG> (Thumb, 22 bytes, Stack size 4 bytes, exlib_gpio.o(.text._ZN5ExLib9PrintableC2Ev), UNUSED)
<BR><BR>[Called By]<UL><LI><a href="#[7c]">&gt;&gt;</a>&nbsp;&nbsp;&nbsp;ExLib::GPIO::GPIO(ExLib::GPIO_Pin)
</UL>

<P><STRONG><a name="[9a]"></a>std::get_new_handler()</STRONG> (Thumb, 12 bytes, Stack size 0 bytes, cxa_handlers.cpp.o(.text._ZSt15get_new_handlerv), UNUSED)
<BR><BR>[Called By]<UL><LI><a href="#[57]">&gt;&gt;</a>&nbsp;&nbsp;&nbsp;operator new(unsigned int)
</UL>

<P><STRONG><a name="[15]"></a>non-virtual thunk to ExLib::UART::avaliableForRead()</STRONG> (Thumb, 14 bytes, Stack size 4 bytes, exlib_uart.o(.text._ZThn4_N5ExLib4UART16avaliableForReadEv))
<BR><BR>[Stack]<UL><LI>Max Depth = 32<LI>Call Chain = non-virtual thunk to ExLib::UART::avaliableForRead() &rArr; ExLib::UART::avaliableForRead() &rArr; ExLib::BufferFIFO&lang;char&rang;::avaliable()
</UL>
<BR>[Calls]<UL><LI><a href="#[13]">&gt;&gt;</a>&nbsp;&nbsp;&nbsp;ExLib::UART::avaliableForRead()
</UL>
<BR>[Address Reference Count : 1]<UL><LI> exlib_uart.o(.rodata._ZTVN5ExLib4UARTE)
</UL>
<P><STRONG><a name="[14]"></a>non-virtual thunk to ExLib::UART::read(char&)</STRONG> (Thumb, 18 bytes, Stack size 8 bytes, exlib_uart.o(.text._ZThn4_N5ExLib4UART4readERc))
<BR><BR>[Stack]<UL><LI>Max Depth = 40<LI>Call Chain = non-virtual thunk to ExLib::UART::read(char&) &rArr; ExLib::UART::read(char&) &rArr; ExLib::BufferFIFO&lang;char&rang;::read(char&)
</UL>
<BR>[Calls]<UL><LI><a href="#[12]">&gt;&gt;</a>&nbsp;&nbsp;&nbsp;ExLib::UART::read(char&)
</UL>
<BR>[Address Reference Count : 1]<UL><LI> exlib_uart.o(.rodata._ZTVN5ExLib4UARTE)
</UL>
<P><STRONG><a name="[97]"></a>operator delete(void*)</STRONG> (Thumb, 4 bytes, Stack size 0 bytes, new.cpp.o(.text._ZdlPv))
<BR><BR>[Stack]<UL><LI>Max Depth = 16<LI>Call Chain = operator delete(void*) &rArr; free
</UL>
<BR>[Calls]<UL><LI><a href="#[3b]">&gt;&gt;</a>&nbsp;&nbsp;&nbsp;free
</UL>
<BR>[Called By]<UL><LI><a href="#[11]">&gt;&gt;</a>&nbsp;&nbsp;&nbsp;ExLib::UART::~UART__deallocating()
</UL>

<P><STRONG><a name="[57]"></a>operator new(unsigned int)</STRONG> (Thumb, 38 bytes, Stack size 8 bytes, new.cpp.o(.text._Znwj), UNUSED)
<BR><BR>[Calls]<UL><LI><a href="#[38]">&gt;&gt;</a>&nbsp;&nbsp;&nbsp;malloc
<LI><a href="#[9a]">&gt;&gt;</a>&nbsp;&nbsp;&nbsp;std::get_new_handler()
</UL>
<BR>[Called By]<UL><LI><a href="#[94]">&gt;&gt;</a>&nbsp;&nbsp;&nbsp;ExLib::UART::UART(ExLib::UART_Periph, ExLib::GPIO_Pin, ExLib::GPIO_Pin, ExLib::BufferFIFO&lang;char&rang;*)
<LI><a href="#[56]">&gt;&gt;</a>&nbsp;&nbsp;&nbsp;ExLib::BufferFIFO&lang;char&rang;::BufferFIFO__sub_object(unsigned int, ExLib::BufferFIFO_WriteMode)
</UL>

<P><STRONG><a name="[5]"></a>__cxa_pure_virtual</STRONG> (Thumb, 8 bytes, Stack size 0 bytes, cxa_virtual.cpp.o(.text.__cxa_pure_virtual))
<BR><BR>[Stack]<UL><LI>Max Depth = 48 + Unknown Stack Size
<LI>Call Chain = __cxa_pure_virtual &rArr; abort_message &rArr; abort &rArr; __rt_SIGABRT &rArr; __rt_SIGABRT_inner &rArr; __default_signal_display &rArr; _ttywrch
</UL>
<BR>[Calls]<UL><LI><a href="#[9b]">&gt;&gt;</a>&nbsp;&nbsp;&nbsp;abort_message
</UL>
<BR>[Address Reference Count : 4]<UL><LI> exlib_readstream.o(.rodata._ZTVN5ExLib10ReadStreamE)
<LI> exlib_gpio.o(.rodata._ZTVN5ExLib9PrintableE)
<LI> exlib_writestream.o(.rodata._ZTVN5ExLib11WriteStreamE)
<LI> exlib_uart.o(.rodata._ZTVN5ExLib11PrintStreamE)
</UL>
<P><STRONG><a name="[9b]"></a>abort_message</STRONG> (Thumb, 4 bytes, Stack size 0 bytes, abort_message.cpp.o(.text.abort_message))
<BR><BR>[Stack]<UL><LI>Max Depth = 48 + Unknown Stack Size
<LI>Call Chain = abort_message &rArr; abort &rArr; __rt_SIGABRT &rArr; __rt_SIGABRT_inner &rArr; __default_signal_display &rArr; _ttywrch
</UL>
<BR>[Calls]<UL><LI><a href="#[3c]">&gt;&gt;</a>&nbsp;&nbsp;&nbsp;abort
</UL>
<BR>[Called By]<UL><LI><a href="#[5]">&gt;&gt;</a>&nbsp;&nbsp;&nbsp;__cxa_pure_virtual
</UL>

<P><STRONG><a name="[30]"></a>main</STRONG> (Thumb, 28 bytes, Stack size 16 bytes, exlib_main.o(.text.main))
<BR><BR>[Stack]<UL><LI>Max Depth = 188<LI>Call Chain = main &rArr; ExLib::usr_main() &rArr; ExLib::UART::begin(unsigned int, ExLib::UART_WordLength, ExLib::UART_StopBits, ExLib::UART_Parity) &rArr; ExLib::configUARTPin(unsigned int, ExLib::GPIO_Pin, ExLib::GPIO_Pin) &rArr; GPIOPadConfigSet
</UL>
<BR>[Calls]<UL><LI><a href="#[4b]">&gt;&gt;</a>&nbsp;&nbsp;&nbsp;SysCtlClockSet
<LI><a href="#[98]">&gt;&gt;</a>&nbsp;&nbsp;&nbsp;ExLib::usr_main()
</UL>
<BR>[Called By]<UL><LI><a href="#[2f]">&gt;&gt;</a>&nbsp;&nbsp;&nbsp;__rt_entry_main
</UL>

<P><STRONG><a name="[25]"></a>_fp_init</STRONG> (Thumb, 26 bytes, Stack size 0 bytes, fpinit.o(x$fpl$fpinit))
<BR><BR>[Called By]<UL><LI><a href="#[24]">&gt;&gt;</a>&nbsp;&nbsp;&nbsp;__rt_lib_init_fp_1
</UL>

<P><STRONG><a name="[d2]"></a>__fplib_config_fpu_vfp</STRONG> (Thumb, 0 bytes, Stack size unknown bytes, fpinit.o(x$fpl$fpinit), UNUSED)

<P><STRONG><a name="[d3]"></a>__fplib_config_pureend_doubles</STRONG> (Thumb, 0 bytes, Stack size unknown bytes, fpinit.o(x$fpl$fpinit), UNUSED)
<P>
<H3>
Local Symbols
</H3>
<P><STRONG><a name="[51]"></a>_UARTIntNumberGet</STRONG> (Thumb, 132 bytes, Stack size 20 bytes, uart.o(.text._UARTIntNumberGet))
<BR><BR>[Stack]<UL><LI>Max Depth = 20<LI>Call Chain = _UARTIntNumberGet
</UL>
<BR>[Called By]<UL><LI><a href="#[50]">&gt;&gt;</a>&nbsp;&nbsp;&nbsp;UARTIntRegister
</UL>

<P><STRONG><a name="[1]"></a>NmiSR</STRONG> (Thumb, 0 bytes, Stack size unknown bytes, startup_rvmdk.o(RESET))
<BR><BR>[Calls]<UL><LI><a href="#[1]">&gt;&gt;</a>&nbsp;&nbsp;&nbsp;NmiSR
</UL>
<BR>[Called By]<UL><LI><a href="#[1]">&gt;&gt;</a>&nbsp;&nbsp;&nbsp;NmiSR
</UL>
<BR>[Address Reference Count : 1]<UL><LI> startup_rvmdk.o(RESET)
</UL>
<P><STRONG><a name="[2]"></a>FaultISR</STRONG> (Thumb, 0 bytes, Stack size unknown bytes, startup_rvmdk.o(RESET))
<BR><BR>[Calls]<UL><LI><a href="#[2]">&gt;&gt;</a>&nbsp;&nbsp;&nbsp;FaultISR
</UL>
<BR>[Called By]<UL><LI><a href="#[2]">&gt;&gt;</a>&nbsp;&nbsp;&nbsp;FaultISR
</UL>
<BR>[Address Reference Count : 1]<UL><LI> startup_rvmdk.o(RESET)
</UL>
<P><STRONG><a name="[3]"></a>IntDefaultHandler</STRONG> (Thumb, 0 bytes, Stack size unknown bytes, startup_rvmdk.o(RESET))
<BR><BR>[Calls]<UL><LI><a href="#[3]">&gt;&gt;</a>&nbsp;&nbsp;&nbsp;IntDefaultHandler
</UL>
<BR>[Called By]<UL><LI><a href="#[3]">&gt;&gt;</a>&nbsp;&nbsp;&nbsp;IntDefaultHandler
</UL>
<BR>[Address Reference Count : 1]<UL><LI> startup_rvmdk.o(RESET)
</UL>
<P><STRONG><a name="[54]"></a>__cxx_global_var_init</STRONG> (Thumb, 20 bytes, Stack size 8 bytes, main.o(.text.__cxx_global_var_init))
<BR><BR>[Stack]<UL><LI>Max Depth = 140<LI>Call Chain = __cxx_global_var_init &rArr; ExLib::GPIO::GPIO(ExLib::GPIO_Pin, ExLib::GPIO_Mode) &rArr; ExLib::GPIO::mode(ExLib::GPIO_Mode) &rArr; ExLib::configGPIOMode(unsigned int, unsigned char, ExLib::GPIO_Mode) &rArr; GPIOPadConfigSet
</UL>
<BR>[Calls]<UL><LI><a href="#[7e]">&gt;&gt;</a>&nbsp;&nbsp;&nbsp;ExLib::GPIO::GPIO(ExLib::GPIO_Pin, ExLib::GPIO_Mode)
</UL>
<BR>[Called By]<UL><LI><a href="#[1e]">&gt;&gt;</a>&nbsp;&nbsp;&nbsp;_GLOBAL__sub_I_main.cpp
</UL>

<P><STRONG><a name="[55]"></a>__cxx_global_var_init.1</STRONG> (Thumb, 48 bytes, Stack size 16 bytes, main.o(.text.__cxx_global_var_init.1))
<BR><BR>[Stack]<UL><LI>Max Depth = 104<LI>Call Chain = __cxx_global_var_init.1 &rArr; ExLib::UART::UART(ExLib::UART_Periph, ExLib::BufferFIFO&lang;char&rang;*) &rArr; ExLib::UART::UART__sub_object(ExLib::UART_Periph, ExLib::GPIO_Pin, ExLib::GPIO_Pin, ExLib::BufferFIFO&lang;char&rang;*)
</UL>
<BR>[Calls]<UL><LI><a href="#[36]">&gt;&gt;</a>&nbsp;&nbsp;&nbsp;__cxa_atexit
<LI><a href="#[95]">&gt;&gt;</a>&nbsp;&nbsp;&nbsp;ExLib::UART::UART(ExLib::UART_Periph, ExLib::BufferFIFO&lang;char&rang;*)
</UL>
<BR>[Called By]<UL><LI><a href="#[1e]">&gt;&gt;</a>&nbsp;&nbsp;&nbsp;_GLOBAL__sub_I_main.cpp
</UL>

<P><STRONG><a name="[1e]"></a>_GLOBAL__sub_I_main.cpp</STRONG> (Thumb, 12 bytes, Stack size 8 bytes, main.o(.text._GLOBAL__sub_I_main.cpp))
<BR><BR>[Stack]<UL><LI>Max Depth = 148<LI>Call Chain = _GLOBAL__sub_I_main.cpp &rArr; __cxx_global_var_init &rArr; ExLib::GPIO::GPIO(ExLib::GPIO_Pin, ExLib::GPIO_Mode) &rArr; ExLib::GPIO::mode(ExLib::GPIO_Mode) &rArr; ExLib::configGPIOMode(unsigned int, unsigned char, ExLib::GPIO_Mode) &rArr; GPIOPadConfigSet
</UL>
<BR>[Calls]<UL><LI><a href="#[55]">&gt;&gt;</a>&nbsp;&nbsp;&nbsp;__cxx_global_var_init.1
<LI><a href="#[54]">&gt;&gt;</a>&nbsp;&nbsp;&nbsp;__cxx_global_var_init
</UL>
<BR>[Address Reference Count : 1]<UL><LI> main.o(.init_array)
</UL><P>
<H3>
Undefined Global Symbols
</H3><HR></body></html>
